Resolving dependencies...
Downloading packages...
  _flutterfire_internals 1.3.58 (1.3.65 available)
  archive 3.6.1 (4.0.7 available)
  async 2.11.0 (2.13.0 available)
  boolean_selector 2.1.1 (2.1.2 available)
  characters 1.4.0 (1.4.1 available)
  cloud_firestore 5.6.11 (6.1.1 available)
  cloud_firestore_platform_interface 6.6.11 (7.0.5 available)
  cloud_firestore_web 4.4.11 (5.1.1 available)
  cloud_functions 5.6.1 (6.0.5 available)
  cloud_functions_platform_interface 5.8.1 (5.8.8 available)
  cloud_functions_web 4.11.4 (5.1.1 available)
  crypto 3.0.6 (3.0.7 available)
  dart_jsonwebtoken 2.17.0 (3.3.1 available)
  device_info_plus 11.3.0 (12.3.0 available)
  fake_cloud_firestore 3.1.0 (4.0.0 available)
  ffi 2.1.3 (2.1.4 available)
  file 7.0.0 (7.0.1 available)
  firebase_app_check 0.3.2+9 (0.4.1+3 available)
  firebase_app_check_platform_interface 0.1.1+9 (0.2.1+3 available)
  firebase_app_check_web 0.2.0+13 (0.2.2+1 available)
  firebase_auth 5.6.2 (6.1.3 available)
  firebase_auth_mocks 0.14.1 (0.15.1 available)
  firebase_auth_platform_interface 7.7.2 (8.1.5 available)
  firebase_auth_web 5.15.2 (6.1.1 available)
  firebase_core 3.15.1 (4.3.0 available)
  firebase_core_platform_interface 6.0.0 (6.0.2 available)
  firebase_core_web 2.24.1 (3.3.1 available)
  firebase_crashlytics 4.3.9 (5.0.6 available)
  firebase_crashlytics_platform_interface 3.8.9 (3.8.16 available)
  firebase_messaging 15.2.9 (16.1.0 available)
  firebase_messaging_platform_interface 4.6.9 (4.7.5 available)
  firebase_messaging_web 3.10.9 (4.1.1 available)
  flutter_lints 5.0.0 (6.0.0 available)
  flutter_local_notifications 19.3.0 (19.5.0 available)
  flutter_local_notifications_windows 1.0.1 (1.0.3 available)
  flutter_timezone 4.1.1 (5.0.1 available)
  font_awesome_flutter 10.9.0 (10.12.0 available)
  google_sign_in 6.2.2 (7.2.0 available)
  google_sign_in_android 6.1.35 (7.2.7 available)
  google_sign_in_ios 5.9.0 (6.2.4 available)
  google_sign_in_mocks 0.3.0 (0.4.1 available)
  google_sign_in_platform_interface 2.5.0 (3.1.0 available)
  google_sign_in_web 0.12.4+4 (1.1.0 available)
  http 1.4.0 (1.6.0 available)
  http_parser 4.0.2 (4.1.2 available)
  js 0.7.1 (0.7.2 available)
  leak_tracker 11.0.1 (11.0.2 available)
  lints 5.0.0 (6.0.0 available)
  logger 2.6.0 (2.6.2 available)
  lottie 3.2.0 (3.3.2 available)
  matcher 0.12.17 (0.12.18 available)
  material_color_utilities 0.11.1 (0.13.0 available)
  more 4.4.0 (4.7.0 available)
  path_provider_android 2.2.17 (2.2.22 available)
  path_provider_foundation 2.4.1 (2.5.1 available)
  petitparser 6.0.2 (7.0.1 available)
  platform 3.1.5 (3.1.6 available)
  pointycastle 3.9.1 (4.0.0 available)
  process 5.0.2 (5.0.5 available)
  rx 0.4.0 (0.5.0 available)
  shared_preferences 2.5.3 (2.5.4 available)
  shared_preferences_android 2.4.11 (2.4.18 available)
  shared_preferences_foundation 2.5.4 (2.5.6 available)
  source_span 1.10.0 (1.10.1 available)
  sqflite_android 2.4.1 (2.4.2+2 available)
  string_scanner 1.2.0 (1.4.1 available)
  term_glyph 1.2.1 (1.2.2 available)
  test_api 0.7.7 (0.7.8 available)
  uuid 4.5.1 (4.5.2 available)
  vibration 3.1.3 (3.1.5 available)
  vibration_platform_interface 0.1.0 (0.1.1 available)
  vm_service 14.2.5 (15.0.2 available)
  webdriver 3.0.3 (3.1.0 available)
  win32 5.13.0 (5.15.0 available)
  win32_registry 1.1.5 (2.1.0 available)
  xml 6.5.0 (6.6.1 available)
Got dependencies!
76 packages have newer versions incompatible with dependency constraints.
Try `flutter pub outdated` for more information.
00:00 +0: loading /Users/twang/bible-read/test/pages/home_page_test.dart                                                                                                                               00:01 +0: loading /Users/twang/bible-read/test/pages/home_page_test.dart                                                                                                                               00:02 +0: loading /Users/twang/bible-read/test/pages/home_page_test.dart                                                                                                                               00:02 +0: (setUpAll)                                                                                                                                                                                   00:02 +0: HomePage shows static UI elements                                                                                                                                                            00:02 +1: HomePage shows static UI elements                                                                                                                                                            00:02 +1: shows friendly streak banner when data is available                                                                                                                                          00:02 +2: shows friendly streak banner when data is available                                                                                                                                          00:02 +2: tapping friendly streak banner keeps MainPage in place                                                                                                                                       00:03 +2: tapping friendly streak banner keeps MainPage in place                                                                                                                                       00:04 +2: tapping friendly streak banner keeps MainPage in place                                                                                                                                       00:05 +2: tapping friendly streak banner keeps MainPage in place                                                                                                                                       00:05 +2: tapping friendly streak banner keeps MainPage in place                                                                                                                                       
══╡ EXCEPTION CAUGHT BY FLUTTER TEST FRAMEWORK ╞════════════════════════════════════════════════════
The following assertion was thrown running a test:
pumpAndSettle timed out

When the exception was thrown, this was the stack:
#0      WidgetTester.pumpAndSettle.<anonymous closure> (package:flutter_test/src/widget_tester.dart:717:11)
<asynchronous suspension>
#1      TestAsyncUtils.guard.<anonymous closure> (package:flutter_test/src/test_async_utils.dart:130:27)
<asynchronous suspension>
#2      main.<anonymous closure> (file:///Users/twang/bible-read/test/pages/home_page_test.dart:585:5)
<asynchronous suspension>
#3      testWidgets.<anonymous closure>.<anonymous closure> (package:flutter_test/src/widget_tester.dart:192:15)
<asynchronous suspension>
#4      TestWidgetsFlutterBinding._runTestBody (package:flutter_test/src/binding.dart:1059:5)
<asynchronous suspension>
<asynchronous suspension>
(elided one frame from package:stack_trace)

The test description was:
  tapping friendly streak banner keeps MainPage in place
════════════════════════════════════════════════════════════════════════════════════════════════════
00:05 +2 -1: tapping friendly streak banner keeps MainPage in place [E]                                                                                                                                
  Test failed. See exception logs above.
  The test description was: tapping friendly streak banner keeps MainPage in place
  

To run this test again: /opt/homebrew/share/flutter/bin/cache/dart-sdk/bin/dart test /Users/twang/bible-read/test/pages/home_page_test.dart -p vm --plain-name 'tapping friendly streak banner keeps MainPage in place'
00:05 +2 -1: shows "User not signed in" when not authenticated                                                                                                                                         00:05 +3 -1: shows "User not signed in" when not authenticated                                                                                                                                         00:05 +3 -1: HomePage week row has seven icons                                                                                                                                                         00:05 +4 -1: HomePage week row has seven icons                                                                                                                                                         00:05 +4 -1: HomePage month calendar matches current month                                                                                                                                             00:05 +5 -1: HomePage month calendar matches current month                                                                                                                                             00:05 +5 -1: toggling read status writes reading doc and summary                                                                                                                                       00:05 +5 -1: toggling read status writes reading doc and summary                                                                                                                                       
weekStatus=[MapEntry(2025-12-13: false), MapEntry(2025-12-14: false), MapEntry(2025-12-15: false), MapEntry(2025-12-16: false), MapEntry(2025-12-17: false), MapEntry(2025-12-18: false), MapEntry(2025-12-19: true)]
pastWeekReadDates=[2025-12-19]
readDateSet={2025-12-19}
00:05 +6 -1: toggling read status writes reading doc and summary                                                                                                                                       00:05 +6 -1: toggling read status does not show progress indicator                                                                                                                                     00:05 +6 -1: toggling read status does not show progress indicator                                                                                                                                     
weekStatus=[MapEntry(2025-12-13: false), MapEntry(2025-12-14: false), MapEntry(2025-12-15: false), MapEntry(2025-12-16: false), MapEntry(2025-12-17: false), MapEntry(2025-12-18: false), MapEntry(2025-12-19: true)]
pastWeekReadDates=[2025-12-19]
readDateSet={2025-12-19}
00:05 +7 -1: toggling read status does not show progress indicator                                                                                                                                     00:05 +7 -1: marking reading done creates Firestore entries                                                                                                                                            00:05 +7 -1: marking reading done creates Firestore entries                                                                                                                                            
weekStatus=[MapEntry(2025-12-13: false), MapEntry(2025-12-14: false), MapEntry(2025-12-15: false), MapEntry(2025-12-16: false), MapEntry(2025-12-17: false), MapEntry(2025-12-18: false), MapEntry(2025-12-19: true)]
pastWeekReadDates=[2025-12-19]
readDateSet={2025-12-19}
00:05 +8 -1: marking reading done creates Firestore entries                                                                                                                                            00:05 +8 -1: toggling read status fans coverage updates to friend links                                                                                                                                00:05 +9 -1: toggling read status fans coverage updates to friend links                                                                                                                                00:05 +9 -1: consumes grace credits after skipping multiple days                                                                                                                                       00:05 +9 -1: consumes grace credits after skipping multiple days                                                                                                                                       
weekStatus=[MapEntry(2025-12-13: false), MapEntry(2025-12-14: true), MapEntry(2025-12-15: true), MapEntry(2025-12-16: true), MapEntry(2025-12-17: false), MapEntry(2025-12-18: false), MapEntry(2025-12-19: true)]
pastWeekReadDates=[2025-12-14, 2025-12-15, 2025-12-16, 2025-12-19]
readDateSet={2025-12-16, 2025-12-15, 2025-12-14, 2025-12-19}
00:05 +10 -1: consumes grace credits after skipping multiple days                                                                                                                                      00:05 +10 -1: markRead unlocks firstReader when first of day                                                                                                                                           00:05 +10 -1: markRead unlocks firstReader when first of day                                                                                                                                           
weekStatus=[MapEntry(2025-12-13: false), MapEntry(2025-12-14: false), MapEntry(2025-12-15: false), MapEntry(2025-12-16: false), MapEntry(2025-12-17: false), MapEntry(2025-12-18: false), MapEntry(2025-12-19: true)]
pastWeekReadDates=[2025-12-19]
readDateSet={2025-12-19}
00:05 +11 -1: markRead unlocks firstReader when first of day                                                                                                                                           00:05 +11 -1: unlock achievement when reaching streak threshold                                                                                                                                        00:05 +11 -1: unlock achievement when reaching streak threshold                                                                                                                                        
weekStatus=[MapEntry(2025-12-13: true), MapEntry(2025-12-14: true), MapEntry(2025-12-15: true), MapEntry(2025-12-16: true), MapEntry(2025-12-17: true), MapEntry(2025-12-18: true), MapEntry(2025-12-19: true)]
pastWeekReadDates=[2025-12-13, 2025-12-14, 2025-12-15, 2025-12-16, 2025-12-17, 2025-12-18, 2025-12-19]
readDateSet={2025-12-18, 2025-12-17, 2025-12-16, 2025-12-15, 2025-12-14, 2025-12-13, 2025-12-19}
00:05 +12 -1: unlock achievement when reaching streak threshold                                                                                                                                        00:05 +12 -1: unlock achievement when reaching total days threshold                                                                                                                                    00:05 +12 -1: unlock achievement when reaching total days threshold                                                                                                                                    
weekStatus=[MapEntry(2025-12-13: true), MapEntry(2025-12-14: true), MapEntry(2025-12-15: true), MapEntry(2025-12-16: true), MapEntry(2025-12-17: true), MapEntry(2025-12-18: true), MapEntry(2025-12-19: true)]
pastWeekReadDates=[2025-12-13, 2025-12-14, 2025-12-15, 2025-12-16, 2025-12-17, 2025-12-18, 2025-12-19]
readDateSet={2025-12-18, 2025-12-17, 2025-12-16, 2025-12-15, 2025-12-14, 2025-12-13, 2025-12-12, 2025-12-11, 2025-12-10, 2025-12-09, 2025-12-08, 2025-12-07, 2025-12-06, 2025-12-05, 2025-12-04, 2025-12-03, 2025-12-02, 2025-12-01, 2025-11-30, 2025-11-29, 2025-11-28, 2025-11-27, 2025-11-26, 2025-11-25, 2025-11-24, 2025-11-23, 2025-11-22, 2025-11-21, 2025-11-20, 2025-12-19}
00:05 +13 -1: unlock achievement when reaching total days threshold                                                                                                                                    00:05 +13 -1: like and unlike reading update Firestore                                                                                                                                                 00:05 +14 -1: like and unlike reading update Firestore                                                                                                                                                 00:05 +14 -1: refresh trims outdated summary data                                                                                                                                                      00:06 +14 -1: refresh trims outdated summary data                                                                                                                                                      00:06 +14 -1: refresh trims outdated summary data                                                                                                                                                      
weekStatus=[MapEntry(2025-12-13: false), MapEntry(2025-12-14: false), MapEntry(2025-12-15: false), MapEntry(2025-12-16: false), MapEntry(2025-12-17: false), MapEntry(2025-12-18: false), MapEntry(2025-12-19: false)]
pastWeekReadDates=[]
readDateSet={}
00:06 +15 -1: refresh trims outdated summary data                                                                                                                                                      00:06 +15 -1: refresh rebuilds summary arrays from reading data                                                                                                                                        00:06 +15 -1: refresh rebuilds summary arrays from reading data                                                                                                                                        
weekStatus=[MapEntry(2025-12-13: false), MapEntry(2025-12-14: false), MapEntry(2025-12-15: false), MapEntry(2025-12-16: false), MapEntry(2025-12-17: true), MapEntry(2025-12-18: false), MapEntry(2025-12-19: true)]
pastWeekReadDates=[2025-12-17, 2025-12-19]
readDateSet={2025-12-19, 2025-12-17}
00:06 +16 -1: refresh rebuilds summary arrays from reading data                                                                                                                                        00:06 +16 -1: refresh rebuilds summary counters from reading data                                                                                                                                      00:06 +16 -1: refresh rebuilds summary counters from reading data                                                                                                                                      
weekStatus=[MapEntry(2025-12-13: true), MapEntry(2025-12-14: true), MapEntry(2025-12-15: false), MapEntry(2025-12-16: false), MapEntry(2025-12-17: true), MapEntry(2025-12-18: true), MapEntry(2025-12-19: true)]
pastWeekReadDates=[2025-12-13, 2025-12-14, 2025-12-17, 2025-12-18, 2025-12-19]
readDateSet={2025-12-19, 2025-12-18, 2025-12-17, 2025-12-14, 2025-12-13}
00:06 +17 -1: refresh rebuilds summary counters from reading data                                                                                                                                      00:06 +17 -1: refresh unlocks streak achievement                                                                                                                                                       00:06 +17 -1: refresh unlocks streak achievement                                                                                                                                                       
weekStatus=[MapEntry(2025-12-13: true), MapEntry(2025-12-14: true), MapEntry(2025-12-15: true), MapEntry(2025-12-16: true), MapEntry(2025-12-17: true), MapEntry(2025-12-18: true), MapEntry(2025-12-19: true)]
pastWeekReadDates=[2025-12-13, 2025-12-14, 2025-12-15, 2025-12-16, 2025-12-17, 2025-12-18, 2025-12-19]
readDateSet={2025-12-19, 2025-12-18, 2025-12-17, 2025-12-16, 2025-12-15, 2025-12-14, 2025-12-13}
00:06 +18 -1: refresh unlocks streak achievement                                                                                                                                                       00:06 +18 -1: refresh unlocks completed book achievements                                                                                                                                              00:06 +19 -1: refresh unlocks completed book achievements                                                                                                                                              00:06 +19 -1: book achievement refresh failures show error in indicator                                                                                                                                00:06 +19 -1: book achievement refresh failures show error in indicator                                                                                                                                
Failed to refresh book achievements: Bad state: refresh failure
Bad state: refresh failure
#0      _ThrowingGroupBookAchievementService.completedChaptersByBook (file:///Users/twang/bible-read/test/pages/home_page_test.dart:226:5)
#1      BookAchievementRefresher.refresh (package:bible_read/services/book_achievement_refresher.dart:32:43)
#2      _HomePageState._refreshBookAchievementsForUser (package:bible_read/pages/home_page.dart:364:39)
#3      _HomePageState._performRefresh (package:bible_read/pages/home_page.dart:499:41)
<asynchronous suspension>
#4      _StatusRefreshIndicatorState._handleRefresh (package:bible_read/widgets/status_refresh_indicator.dart:69:7)
<asynchronous suspension>
#5      CustomRefreshIndicatorState._start (package:custom_refresh_indicator/src/custom_refresh_indicator.dart:568:7)
<asynchronous suspension>

----------------FIREBASE CRASHLYTICS----------------
Bad state: refresh failure

#0      _ThrowingGroupBookAchievementService.completedChaptersByBook (file:///Users/twang/bible-read/test/pages/home_page_test.dart:226:5)
#1      BookAchievementRefresher.refresh (package:bible_read/services/book_achievement_refresher.dart:32:43)
#2      _HomePageState._refreshBookAchievementsForUser (package:bible_read/pages/home_page.dart:364:39)
#3      _HomePageState._performRefresh (package:bible_read/pages/home_page.dart:499:41)
<asynchronous suspension>
#4      _StatusRefreshIndicatorState._handleRefresh (package:bible_read/widgets/status_refresh_indicator.dart:69:7)
<asynchronous suspension>
#5      CustomRefreshIndicatorState._start (package:custom_refresh_indicator/src/custom_refresh_indicator.dart:568:7)
<asynchronous suspension>

----------------------------------------------------
Refresh failed: Exception: Book achievements refresh failed
Exception: Book achievements refresh failed
#0      _HomePageState._performRefresh (package:bible_read/pages/home_page.dart:503:9)
<asynchronous suspension>
#1      _StatusRefreshIndicatorState._handleRefresh (package:bible_read/widgets/status_refresh_indicator.dart:69:7)
<asynchronous suspension>
#2      CustomRefreshIndicatorState._start (package:custom_refresh_indicator/src/custom_refresh_indicator.dart:568:7)
<asynchronous suspension>

----------------FIREBASE CRASHLYTICS----------------
Exception: Book achievements refresh failed

#0      _HomePageState._performRefresh (package:bible_read/pages/home_page.dart:503:9)
<asynchronous suspension>
#1      _StatusRefreshIndicatorState._handleRefresh (package:bible_read/widgets/status_refresh_indicator.dart:69:7)
<asynchronous suspension>
#2      CustomRefreshIndicatorState._start (package:custom_refresh_indicator/src/custom_refresh_indicator.dart:568:7)
<asynchronous suspension>

----------------------------------------------------
00:06 +20 -1: book achievement refresh failures show error in indicator                                                                                                                                00:06 +20 -1: load failure hides progress indicator                                                                                                                                                    00:06 +20 -1: load failure hides progress indicator                                                                                                                                                    
Error fetching status: [firestore/unknown] null
[firestore/unknown] null
#0      ThrowingDocumentReference.get (file:///Users/twang/bible-read/test/pages/home_page_test.dart:411:5)
#1      ReadingStatusService.fetchStatus (package:bible_read/services/reading_status_service.dart:126:20)
#2      _HomePageState._loadReadStatus (package:bible_read/pages/home_page.dart:153:56)
#3      _HomePageState.initState (package:bible_read/pages/home_page.dart:122:5)
#4      StatefulElement._firstBuild (package:flutter/src/widgets/framework.dart:5953:55)
#5      ComponentElement.mount (package:flutter/src/widgets/framework.dart:5796:5)
#6      Element.inflateWidget (package:flutter/src/widgets/framework.dart:4590:20)
#7      Element.updateChild (package:flutter/src/widgets/framework.dart:4059:18)
#8      SingleChildRenderObjectElement.mount (package:flutter/src/widgets/framework.dart:7118:14)
#9      Element.inflateWidget (package:flutter/src/widgets/framework.dart:4590:20)
#10     Element.updateChild (package:flutter/src/widgets/framework.dart:4059:18)
#11     ComponentElement.performRebuild (package:flutter/src/widgets/framework.dart:5844:16)
#12     Element.rebuild (package:flutter/src/widgets/framework.dart:5532:7)
#13     ComponentElement._firstBuild (package:flutter/src/widgets/framework.dart:5802:5)
#14     ComponentElement.mount (package:flutter/src/widgets/framework.dart:5796:5)
#15     Element.inflateWidget (package:flutter/src/widgets/framework.dart:4590:20)
#16     Element.updateChild (package:flutter/src/widgets/framework.dart:4059:18)
#17     SingleChildRenderObjectElement.mount (package:flutter/src/widgets/framework.dart:7118:14)
#18     Element.inflateWidget (package:flutter/src/widgets/framework.dart:4590:20)
#19     Element.updateChild (package:flutter/src/widgets/framework.dart:4059:18)
#20     SingleChildRenderObjectElement.mount (package:flutter/src/widgets/framework.dart:7118:14)
#21     Element.inflateWidget (package:flutter/src/widgets/framework.dart:4590:20)
#22     Element.updateChild (package:flutter/src/widgets/framework.dart:4059:18)
#23     ComponentElement.performRebuild (package:flutter/src/widgets/framework.dart:5844:16)
#24     StatefulElement.performRebuild (package:flutter/src/widgets/framework.dart:5985:11)
#25     Element.rebuild (package:flutter/src/widgets/framework.dart:5532:7)
#26     ComponentElement._firstBuild (package:flutter/src/widgets/framework.dart:5802:5)
#27     StatefulElement._firstBuild (package:flutter/src/widgets/framework.dart:5976:11)
#28     ComponentElement.mount (package:flutter/src/widgets/framework.dart:5796:5)
#29     Element.inflateWidget (package:flutter/src/widgets/framework.dart:4590:20)
#30     Element.updateChild (package:flutter/src/widgets/framework.dart:4059:18)
#31     SingleChildRenderObjectElement.mount (package:flutter/src/widgets/framework.dart:7118:14)
#32     Element.inflateWidget (package:flutter/src/widgets/framework.dart:4590:20)
#33     Element.updateChild (package:flutter/src/widgets/framework.dart:4059:18)
#34     ComponentElement.performRebuild (package:flutter/src/widgets/framework.dart:5844:16)
#35     StatefulElement.performRebuild (package:flutter/src/widgets/framework.dart:5985:11)
#36     Element.rebuild (package:flutter/src/widgets/framework.dart:5532:7)
#37     ComponentElement._firstBuild (package:flutter/src/widgets/framework.dart:5802:5)
#38     StatefulElement._firstBuild (package:flutter/src/widgets/framework.dart:5976:11)
#39     ComponentElement.mount (package:flutter/src/widgets/framework.dart:5796:5)
#40     Element.inflateWidget (package:flutter/src/widgets/framework.dart:4590:20)
#41     Element.updateChild (package:flutter/src/widgets/framework.dart:4059:18)
#42     SingleChildRenderObjectElement.mount (package:flutter/src/widgets/framework.dart:7118:14)
#43     Element.inflateWidget (package:flutter/src/widgets/framework.dart:4590:20)
#44     Element.updateChild (package:flutter/src/widgets/framework.dart:4059:18)
#45     SingleChildRenderObjectElement.mount (package:flutter/src/widgets/framework.dart:7118:14)
#46     Element.inflateWidget (package:flutter/src/widgets/framework.dart:4590:20)
#47     Element.updateChild (package:flutter/src/widgets/framework.dart:4059:18)
#48     ComponentElement.performRebuild (package:flutter/src/widgets/framework.dart:5844:16)
#49     StatefulElement.performRebuild (package:flutter/src/widgets/framework.dart:5985:11)
#50     Element.rebuild (package:flutter/src/widgets/framework.dart:5532:7)
#51     ComponentElement._firstBuild (package:flutter/src/widgets/framework.dart:5802:5)
#52     StatefulElement._firstBuild (package:flutter/src/widgets/framework.dart:5976:11)
#53     ComponentElement.mount (package:flutter/src/widgets/framework.dart:5796:5)
#54     Element.inflateWidget (package:flutter/src/widgets/framework.dart:4590:20)
#55     Element.updateChild (package:flutter/src/widgets/framework.dart:4059:18)
#56     SingleChildRenderObjectElement.mount (package:flutter/src/widgets/framework.dart:7118:14)
#57     Element.inflateWidget (package:flutter/src/widgets/framework.dart:4590:20)
#58     Element.updateChild (package:flutter/src/widgets/framework.dart:4059:18)
#59     ComponentElement.performRebuild (package:flutter/src/widgets/framework.dart:5844:16)
#60     StatefulElement.performRebuild (package:flutter/src/widgets/framework.dart:5985:11)
#61     Element.rebuild (package:flutter/src/widgets/framework.dart:5532:7)
#62     ComponentElement._firstBuild (package:flutter/src/widgets/framework.dart:5802:5)
#63     StatefulElement._firstBuild (package:flutter/src/widgets/framework.dart:5976:11)
#64     ComponentElement.mount (package:flutter/src/widgets/framework.dart:5796:5)
#65     Element.inflateWidget (package:flutter/src/widgets/framework.dart:4590:20)
#66     Element.updateChild (package:flutter/src/widgets/framework.dart:4059:18)
#67     SingleChildRenderObjectElement.mount (package:flutter/src/widgets/framework.dart:7118:14)
#68     Element.inflateWidget (package:flutter/src/widgets/framework.dart:4590:20)
#69     Element.updateChild (package:flutter/src/widgets/framework.dart:4059:18)
#70     SingleChildRenderObjectElement.mount (package:flutter/src/widgets/framework.dart:7118:14)
#71     Element.inflateWidget (package:flutter/src/widgets/framework.dart:4590:20)
#72     Element.updateChild (package:flutter/src/widgets/framework.dart:4059:18)
#73     ComponentElement.performRebuild (package:flutter/src/widgets/framework.dart:5844:16)
#74     StatefulElement.performRebuild (package:flutter/src/widgets/framework.dart:5985:11)
#75     Element.rebuild (package:flutter/src/widgets/framework.dart:5532:7)
#76     ComponentElement._firstBuild (package:flutter/src/widgets/framework.dart:5802:5)
#77     StatefulElement._firstBuild (package:flutter/src/widgets/framework.dart:5976:11)
#78     ComponentElement.mount (package:flutter/src/widgets/framework.dart:5796:5)
#79     Element.inflateWidget (package:flutter/src/widgets/framework.dart:4590:20)
#80     Element.updateChild (package:flutter/src/widgets/framework.dart:4059:18)
#81     SingleChildRenderObjectElement.mount (package:flutter/src/widgets/framework.dart:7118:14)
#82     Element.inflateWidget (package:flutter/src/widgets/framework.dart:4590:20)
#83     Element.updateChild (package:flutter/src/widgets/framework.dart:4059:18)
#84     SingleChildRenderObjectElement.mount (package:flutter/src/widgets/framework.dart:7118:14)
#85     Element.inflateWidget (package:flutter/src/widgets/framework.dart:4590:20)
#86     Element.updateChild (package:flutter/src/widgets/framework.dart:4059:18)
#87     SingleChildRenderObjectElement.mount (package:flutter/src/widgets/framework.dart:7118:14)
#88     Element.inflateWidget (package:flutter/src/widgets/framework.dart:4590:20)
#89     Element.updateChild (package:flutter/src/widgets/framework.dart:4059:18)
#90     ComponentElement.performRebuild (package:flutter/src/widgets/framework.dart:5844:16)
#91     StatefulElement.performRebuild (package:flutter/src/widgets/framework.dart:5985:11)
#92     Element.rebuild (package:flutter/src/widgets/framework.dart:5532:7)
#93     ComponentElement._firstBuild (package:flutter/src/widgets/framework.dart:5802:5)
#94     StatefulElement._firstBuild (package:flutter/src/widgets/framework.dart:5976:11)
#95     ComponentElement.mount (package:flutter/src/widgets/framework.dart:5796:5)
#96     Element.inflateWidget (package:flutter/src/widgets/framework.dart:4590:20)
#97     Element.updateChild (package:flutter/src/widgets/framework.dart:4059:18)
#98     SingleChildRenderObjectElement.mount (package:flutter/src/widgets/framework.dart:7118:14)
#99     Element.inflateWidget (package:flutter/src/widgets/framework.dart:4590:20)
#100    Element.updateChild (package:flutter/src/widgets/framework.dart:4059:18)
#101    ComponentElement.performRebuild (package:flutter/src/widgets/framework.dart:5844:16)
#102    StatefulElement.performRebuild (package:flutter/src/widgets/framework.dart:5985:11)
#103    Element.rebuild (package:flutter/src/widgets/framework.dart:5532:7)
#104    ComponentElement._firstBuild (package:flutter/src/widgets/framework.dart:5802:5)
#105    StatefulElement._firstBuild (package:flutter/src/widgets/framework.dart:5976:11)
#106    ComponentElement.mount (package:flutter/src/widgets/framework.dart:5796:5)
#107    Element.inflateWidget (package:flutter/src/widgets/framework.dart:4590:20)
#108    Element.updateChild (package:flutter/src/widgets/framework.dart:4059:18)
#109    ComponentElement.performRebuild (package:flutter/src/widgets/framework.dart:5844:16)
#110    Element.rebuild (package:flutter/src/widgets/framework.dart:5532:7)
#111    ComponentElement._firstBuild (package:flutter/src/widgets/framework.dart:5802:5)
#112    ComponentElement.mount (package:flutter/src/widgets/framework.dart:5796:5)
#113    Element.inflateWidget (package:flutter/src/widgets/framework.dart:4590:20)
#114    Element.updateChild (package:flutter/src/widgets/framework.dart:4059:18)
#115    ComponentElement.performRebuild (package:flutter/src/widgets/framework.dart:5844:16)
#116    StatefulElement.performRebuild (package:flutter/src/widgets/framework.dart:5985:11)
#117    Element.rebuild (package:flutter/src/widgets/framework.dart:5532:7)
#118    ComponentElement._firstBuild (package:flutter/src/widgets/framework.dart:5802:5)
#119    StatefulElement._firstBuild (package:flutter/src/widgets/framework.dart:5976:11)
#120    ComponentElement.mount (package:flutter/src/widgets/framework.dart:5796:5)
#121    Element.inflateWidget (package:flutter/src/widgets/framework.dart:4590:20)
#122    Element.updateChild (package:flutter/src/widgets/framework.dart:4059:18)
#123    ComponentElement.performRebuild (package:flutter/src/widgets/framework.dart:5844:16)
#124    StatefulElement.performRebuild (package:flutter/src/widgets/framework.dart:5985:11)
#125    Element.rebuild (package:flutter/src/widgets/framework.dart:5532:7)
#126    ComponentElement._firstBuild (package:flutter/src/widgets/framework.dart:5802:5)
#127    StatefulElement._firstBuild (package:flutter/src/widgets/framework.dart:5976:11)
#128    ComponentElement.mount (package:flutter/src/widgets/framework.dart:5796:5)
#129    Element.inflateWidget (package:flutter/src/widgets/framework.dart:4590:20)
#130    Element.updateChild (package:flutter/src/widgets/framework.dart:4059:18)
#131    ComponentElement.performRebuild (package:flutter/src/widgets/framework.dart:5844:16)
#132    StatefulElement.performRebuild (package:flutter/src/widgets/framework.dart:5985:11)
#133    Element.rebuild (package:flutter/src/widgets/framework.dart:5532:7)
#134    ComponentElement._firstBuild (package:flutter/src/widgets/framework.dart:5802:5)
#135    StatefulElement._firstBuild (package:flutter/src/widgets/framework.dart:5976:11)
#136    ComponentElement.mount (package:flutter/src/widgets/framework.dart:5796:5)
#137    Element.inflateWidget (package:flutter/src/widgets/framework.dart:4590:20)
#138    Element.updateChild (package:flutter/src/widgets/framework.dart:4059:18)
#139    SingleChildRenderObjectElement.mount (package:flutter/src/widgets/framework.dart:7118:14)
#140    Element.inflateWidget (package:flutter/src/widgets/framework.dart:4590:20)
#141    Element.updateChild (package:flutter/src/widgets/framework.dart:4059:18)
#142    ComponentElement.performRebuild (package:flutter/src/widgets/framework.dart:5844:16)
#143    Element.rebuild (package:flutter/src/widgets/framework.dart:5532:7)
#144    ComponentElement._firstBuild (package:flutter/src/widgets/framework.dart:5802:5)
#145    ComponentElement.mount (package:flutter/src/widgets/framework.dart:5796:5)
#146    Element.inflateWidget (package:flutter/src/widgets/framework.dart:4590:20)
#147    Element.updateChild (package:flutter/src/widgets/framework.dart:4059:18)
#148    SingleChildRenderObjectElement.mount (package:flutter/src/widgets/framework.dart:7118:14)
#149    Element.inflateWidget (package:flutter/src/widgets/framework.dart:4590:20)
#150    Element.updateChild (package:flutter/src/widgets/framework.dart:4059:18)
#151    ComponentElement.performRebuild (package:flutter/src/widgets/framework.dart:5844:16)
#152    StatefulElement.performRebuild (package:flutter/src/widgets/framework.dart:5985:11)
#153    Element.rebuild (package:flutter/src/widgets/framework.dart:5532:7)
#154    ComponentElement._firstBuild (package:flutter/src/widgets/framework.dart:5802:5)
#155    StatefulElement._firstBuild (package:flutter/src/widgets/framework.dart:5976:11)
#156    ComponentElement.mount (package:flutter/src/widgets/framework.dart:5796:5)
#157    Element.inflateWidget (package:flutter/src/widgets/framework.dart:4590:20)
#158    Element.updateChild (package:flutter/src/widgets/framework.dart:4059:18)
#159    ComponentElement.performRebuild (package:flutter/src/widgets/framework.dart:5844:16)
#160    Element.rebuild (package:flutter/src/widgets/framework.dart:5532:7)
#161    ComponentElement._firstBuild (package:flutter/src/widgets/framework.dart:5802:5)
#162    ComponentElement.mount (package:flutter/src/widgets/framework.dart:5796:5)
#163    Element.inflateWidget (package:flutter/src/widgets/framework.dart:4590:20)
#164    Element.updateChild (package:flutter/src/widgets/framework.dart:4059:18)
#165    ComponentElement.performRebuild (package:flutter/src/widgets/framework.dart:5844:16)
#166    Element.rebuild (package:flutter/src/widgets/framework.dart:5532:7)
#167    ComponentElement._firstBuild (package:flutter/src/widgets/framework.dart:5802:5)
#168    ComponentElement.mount (package:flutter/src/widgets/framework.dart:5796:5)
#169    Element.inflateWidget (package:flutter/src/widgets/framework.dart:4590:20)
#170    Element.updateChild (package:flutter/src/widgets/framework.dart:4059:18)
#171    ComponentElement.performRebuild (package:flutter/src/widgets/framework.dart:5844:16)
#172    StatefulElement.performRebuild (package:flutter/src/widgets/framework.dart:5985:11)
#173    Element.rebuild (package:flutter/src/widgets/framework.dart:5532:7)
#174    ComponentElement._firstBuild (package:flutter/src/widgets/framework.dart:5802:5)
#175    StatefulElement._firstBuild (package:flutter/src/widgets/framework.dart:5976:11)
#176    ComponentElement.mount (package:flutter/src/widgets/framework.dart:5796:5)
#177    Element.inflateWidget (package:flutter/src/widgets/framework.dart:4590:20)
#178    Element.updateChild (package:flutter/src/widgets/framework.dart:4059:18)
#179    ComponentElement.performRebuild (package:flutter/src/widgets/framework.dart:5844:16)
#180    Element.rebuild (package:flutter/src/widgets/framework.dart:5532:7)
#181    ComponentElement._firstBuild (package:flutter/src/widgets/framework.dart:5802:5)
#182    ComponentElement.mount (package:flutter/src/widgets/framework.dart:5796:5)
#183    Element.inflateWidget (package:flutter/src/widgets/framework.dart:4590:20)
#184    Element.updateChild (package:flutter/src/widgets/framework.dart:4059:18)
#185    ComponentElement.performRebuild (package:flutter/src/widgets/framework.dart:5844:16)
#186    Element.rebuild (package:flutter/src/widgets/framework.dart:5532:7)
#187    ComponentElement._firstBuild (package:flutter/src/widgets/framework.dart:5802:5)
#188    ComponentElement.mount (package:flutter/src/widgets/framework.dart:5796:5)
#189    Element.inflateWidget (package:flutter/src/widgets/framework.dart:4590:20)
#190    Element.updateChild (package:flutter/src/widgets/framework.dart:4059:18)
#191    SingleChildRenderObjectElement.mount (package:flutter/src/widgets/framework.dart:7118:14)
#192    Element.inflateWidget (package:flutter/src/widgets/framework.dart:4590:20)
#193    Element.updateChild (package:flutter/src/widgets/framework.dart:4059:18)
#194    ComponentElement.performRebuild (package:flutter/src/widgets/framework.dart:5844:16)
#195    Element.rebuild (package:flutter/src/widgets/framework.dart:5532:7)
#196    ComponentElement._firstBuild (package:flutter/src/widgets/framework.dart:5802:5)
#197    ComponentElement.mount (package:flutter/src/widgets/framework.dart:5796:5)
#198    Element.inflateWidget (package:flutter/src/widgets/framework.dart:4590:20)
#199    Element.updateChild (package:flutter/src/widgets/framework.dart:4059:18)
#200    ComponentElement.performRebuild (package:flutter/src/widgets/framework.dart:5844:16)
#201    Element.rebuild (package:flutter/src/widgets/framework.dart:5532:7)
#202    ComponentElement._firstBuild (package:flutter/src/widgets/framework.dart:5802:5)
#203    ComponentElement.mount (package:flutter/src/widgets/framework.dart:5796:5)
#204    Element.inflateWidget (package:flutter/src/widgets/framework.dart:4590:20)
#205    Element.updateChild (package:flutter/src/widgets/framework.dart:4059:18)
#206    ComponentElement.performRebuild (package:flutter/src/widgets/framework.dart:5844:16)
#207    StatefulElement.performRebuild (package:flutter/src/widgets/framework.dart:5985:11)
#208    Element.rebuild (package:flutter/src/widgets/framework.dart:5532:7)
#209    ComponentElement._firstBuild (package:flutter/src/widgets/framework.dart:5802:5)
#210    StatefulElement._firstBuild (package:flutter/src/widgets/framework.dart:5976:11)
#211    ComponentElement.mount (package:flutter/src/widgets/framework.dart:5796:5)
#212    Element.inflateWidget (package:flutter/src/widgets/framework.dart:4590:20)
#213    Element.updateChild (package:flutter/src/widgets/framework.dart:4059:18)
#214    ComponentElement.performRebuild (package:flutter/src/widgets/framework.dart:5844:16)
#215    StatefulElement.performRebuild (package:flutter/src/widgets/framework.dart:5985:11)
#216    Element.rebuild (package:flutter/src/widgets/framework.dart:5532:7)
#217    ComponentElement._firstBuild (package:flutter/src/widgets/framework.dart:5802:5)
#218    StatefulElement._firstBuild (package:flutter/src/widgets/framework.dart:5976:11)
#219    ComponentElement.mount (package:flutter/src/widgets/framework.dart:5796:5)
#220    Element.inflateWidget (package:flutter/src/widgets/framework.dart:4590:20)
#221    Element.updateChild (package:flutter/src/widgets/framework.dart:4059:18)
#222    ComponentElement.performRebuild (package:flutter/src/widgets/framework.dart:5844:16)
#223    StatefulElement.performRebuild (package:flutter/src/widgets/framework.dart:5985:11)
#224    Element.rebuild (package:flutter/src/widgets/framework.dart:5532:7)
#225    ComponentElement._firstBuild (package:flutter/src/widgets/framework.dart:5802:5)
#226    StatefulElement._firstBuild (package:flutter/src/widgets/framework.dart:5976:11)
#227    ComponentElement.mount (package:flutter/src/widgets/framework.dart:5796:5)
#228    Element.inflateWidget (package:flutter/src/widgets/framework.dart:4590:20)
#229    Element.updateChild (package:flutter/src/widgets/framework.dart:4059:18)
#230    SingleChildRenderObjectElement.mount (package:flutter/src/widgets/framework.dart:7118:14)
#231    Element.inflateWidget (package:flutter/src/widgets/framework.dart:4590:20)
#232    Element.updateChild (package:flutter/src/widgets/framework.dart:4059:18)
#233    ComponentElement.performRebuild (package:flutter/src/widgets/framework.dart:5844:16)
#234    Element.rebuild (package:flutter/src/widgets/framework.dart:5532:7)
#235    ComponentElement._firstBuild (package:flutter/src/widgets/framework.dart:5802:5)
#236    ComponentElement.mount (package:flutter/src/widgets/framework.dart:5796:5)
#237    Element.inflateWidget (package:flutter/src/widgets/framework.dart:4590:20)
#238    Element.updateChild (package:flutter/src/widgets/framework.dart:4059:18)
#239    ComponentElement.performRebuild (package:flutter/src/widgets/framework.dart:5844:16)
#240    Element.rebuild (package:flutter/src/widgets/framework.dart:5532:7)
#241    ComponentElement._firstBuild (package:flutter/src/widgets/framework.dart:5802:5)
#242    ComponentElement.mount (package:flutter/src/widgets/framework.dart:5796:5)
#243    Element.inflateWidget (package:flutter/src/widgets/framework.dart:4590:20)
#244    Element.updateChild (package:flutter/src/widgets/framework.dart:4059:18)
#245    ComponentElement.performRebuild (package:flutter/src/widgets/framework.dart:5844:16)
#246    Element.rebuild (package:flutter/src/widgets/framework.dart:5532:7)
#247    ComponentElement._firstBuild (package:flutter/src/widgets/framework.dart:5802:5)
#248    ComponentElement.mount (package:flutter/src/widgets/framework.dart:5796:5)
#249    Element.inflateWidget (package:flutter/src/widgets/framework.dart:4590:20)
#250    Element.updateChild (package:flutter/src/widgets/framework.dart:4059:18)
#251    ComponentElement.performRebuild (package:flutter/src/widgets/framework.dart:5844:16)
#252    StatefulElement.performRebuild (package:flutter/src/widgets/framework.dart:5985:11)
#253    Element.rebuild (package:flutter/src/widgets/framework.dart:5532:7)
#254    ComponentElement._firstBuild (package:flutter/src/widgets/framework.dart:5802:5)
#255    StatefulElement._firstBuild (package:flutter/src/widgets/framework.dart:5976:11)
#256    ComponentElement.mount (package:flutter/src/widgets/framework.dart:5796:5)
#257    Element.inflateWidget (package:flutter/src/widgets/framework.dart:4590:20)
#258    Element.updateChild (package:flutter/src/widgets/framework.dart:4059:18)
#259    ComponentElement.performRebuild (package:flutter/src/widgets/framework.dart:5844:16)
#260    StatefulElement.performRebuild (package:flutter/src/widgets/framework.dart:5985:11)
#261    Element.rebuild (package:flutter/src/widgets/framework.dart:5532:7)
#262    ComponentElement._firstBuild (package:flutter/src/widgets/framework.dart:5802:5)
#263    StatefulElement._firstBuild (package:flutter/src/widgets/framework.dart:5976:11)
#264    ComponentElement.mount (package:flutter/src/widgets/framework.dart:5796:5)
#265    Element.inflateWidget (package:flutter/src/widgets/framework.dart:4590:20)
#266    MultiChildRenderObjectElement.inflateWidget (package:flutter/src/widgets/framework.dart:7269:36)
#267    MultiChildRenderObjectElement.mount (package:flutter/src/widgets/framework.dart:7285:32)
#268    Element.inflateWidget (package:flutter/src/widgets/framework.dart:4590:20)
#269    Element.updateChild (package:flutter/src/widgets/framework.dart:4059:18)
#270    ComponentElement.performRebuild (package:flutter/src/widgets/framework.dart:5844:16)
#271    StatefulElement.performRebuild (package:flutter/src/widgets/framework.dart:5985:11)
#272    Element.rebuild (package:flutter/src/widgets/framework.dart:5532:7)
#273    ComponentElement._firstBuild (package:flutter/src/widgets/framework.dart:5802:5)
#274    StatefulElement._firstBuild (package:flutter/src/widgets/framework.dart:5976:11)
#275    ComponentElement.mount (package:flutter/src/widgets/framework.dart:5796:5)
#276    Element.inflateWidget (package:flutter/src/widgets/framework.dart:4590:20)
#277    Element.updateChild (package:flutter/src/widgets/framework.dart:4059:18)
#278    ComponentElement.performRebuild (package:flutter/src/widgets/framework.dart:5844:16)
#279    Element.rebuild (package:flutter/src/widgets/framework.dart:5532:7)
#280    ComponentElement._firstBuild (package:flutter/src/widgets/framework.dart:5802:5)
#281    ComponentElement.mount (package:flutter/src/widgets/framework.dart:5796:5)
#282    Element.inflateWidget (package:flutter/src/widgets/framework.dart:4590:20)
#283    Element.updateChild (package:flutter/src/widgets/framework.dart:4059:18)
#284    ComponentElement.performRebuild (package:flutter/src/widgets/framework.dart:5844:16)
#285    Element.rebuild (package:flutter/src/widgets/framework.dart:5532:7)
#286    ComponentElement._firstBuild (package:flutter/src/widgets/framework.dart:5802:5)
#287    ComponentElement.mount (package:flutter/src/widgets/framework.dart:5796:5)
#288    Element.inflateWidget (package:flutter/src/widgets/framework.dart:4590:20)
#289    Element.updateChild (package:flutter/src/widgets/framework.dart:4059:18)
#290    ComponentElement.performRebuild (package:flutter/src/widgets/framework.dart:5844:16)
#291    StatefulElement.performRebuild (package:flutter/src/widgets/framework.dart:5985:11)
#292    Element.rebuild (package:flutter/src/widgets/framework.dart:5532:7)
#293    ComponentElement._firstBuild (package:flutter/src/widgets/framework.dart:5802:5)
#294    StatefulElement._firstBuild (package:flutter/src/widgets/framework.dart:5976:11)
#295    ComponentElement.mount (package:flutter/src/widgets/framework.dart:5796:5)
#296    Element.inflateWidget (package:flutter/src/widgets/framework.dart:4590:20)
#297    Element.updateChild (package:flutter/src/widgets/framework.dart:4059:18)
#298    ComponentElement.performRebuild (package:flutter/src/widgets/framework.dart:5844:16)
#299    Element.rebuild (package:flutter/src/widgets/framework.dart:5532:7)
#300    ComponentElement._firstBuild (package:flutter/src/widgets/framework.dart:5802:5)
#301    ComponentElement.mount (package:flutter/src/widgets/framework.dart:5796:5)
#302    Element.inflateWidget (package:flutter/src/widgets/framework.dart:4590:20)
#303    Element.updateChild (package:flutter/src/widgets/framework.dart:4059:18)
#304    ComponentElement.performRebuild (package:flutter/src/widgets/framework.dart:5844:16)
#305    StatefulElement.performRebuild (package:flutter/src/widgets/framework.dart:5985:11)
#306    Element.rebuild (package:flutter/src/widgets/framework.dart:5532:7)
#307    ComponentElement._firstBuild (package:flutter/src/widgets/framework.dart:5802:5)
#308    StatefulElement._firstBuild (package:flutter/src/widgets/framework.dart:5976:11)
#309    ComponentElement.mount (package:flutter/src/widgets/framework.dart:5796:5)
#310    Element.inflateWidget (package:flutter/src/widgets/framework.dart:4590:20)
#311    Element.updateChild (package:flutter/src/widgets/framework.dart:4059:18)
#312    ComponentElement.performRebuild (package:flutter/src/widgets/framework.dart:5844:16)
#313    StatefulElement.performRebuild (package:flutter/src/widgets/framework.dart:5985:11)
#314    Element.rebuild (package:flutter/src/widgets/framework.dart:5532:7)
#315    ComponentElement._firstBuild (package:flutter/src/widgets/framework.dart:5802:5)
#316    StatefulElement._firstBuild (package:flutter/src/widgets/framework.dart:5976:11)
#317    ComponentElement.mount (package:flutter/src/widgets/framework.dart:5796:5)
#318    Element.inflateWidget (package:flutter/src/widgets/framework.dart:4590:20)
#319    Element.updateChild (package:flutter/src/widgets/framework.dart:4059:18)
#320    SingleChildRenderObjectElement.mount (package:flutter/src/widgets/framework.dart:7118:14)
#321    Element.inflateWidget (package:flutter/src/widgets/framework.dart:4590:20)
#322    Element.updateChild (package:flutter/src/widgets/framework.dart:4059:18)
#323    SingleChildRenderObjectElement.mount (package:flutter/src/widgets/framework.dart:7118:14)
#324    Element.inflateWidget (package:flutter/src/widgets/framework.dart:4590:20)
#325    Element.updateChild (package:flutter/src/widgets/framework.dart:4059:18)
#326    ComponentElement.performRebuild (package:flutter/src/widgets/framework.dart:5844:16)
#327    Element.rebuild (package:flutter/src/widgets/framework.dart:5532:7)
#328    ComponentElement._firstBuild (package:flutter/src/widgets/framework.dart:5802:5)
#329    ComponentElement.mount (package:flutter/src/widgets/framework.dart:5796:5)
#330    Element.inflateWidget (package:flutter/src/widgets/framework.dart:4590:20)
#331    Element.updateChild (package:flutter/src/widgets/framework.dart:4059:18)
#332    ComponentElement.performRebuild (package:flutter/src/widgets/framework.dart:5844:16)
#333    Element.rebuild (package:flutter/src/widgets/framework.dart:5532:7)
#334    ComponentElement._firstBuild (package:flutter/src/widgets/framework.dart:5802:5)
#335    ComponentElement.mount (package:flutter/src/widgets/framework.dart:5796:5)
#336    Element.inflateWidget (package:flutter/src/widgets/framework.dart:4590:20)
#337    Element.updateChild (package:flutter/src/widgets/framework.dart:4059:18)
#338    ComponentElement.performRebuild (package:flutter/src/widgets/framework.dart:5844:16)
#339    StatefulElement.performRebuild (package:flutter/src/widgets/framework.dart:5985:11)
#340    Element.rebuild (package:flutter/src/widgets/framework.dart:5532:7)
#341    ComponentElement._firstBuild (package:flutter/src/widgets/framework.dart:5802:5)
#342    StatefulElement._firstBuild (package:flutter/src/widgets/framework.dart:5976:11)
#343    ComponentElement.mount (package:flutter/src/widgets/framework.dart:5796:5)
#344    Element.inflateWidget (package:flutter/src/widgets/framework.dart:4590:20)
#345    Element.updateChild (package:flutter/src/widgets/framework.dart:4059:18)
#346    ComponentElement.performRebuild (package:flutter/src/widgets/framework.dart:5844:16)
#347    Element.rebuild (package:flutter/src/widgets/framework.dart:5532:7)
#348    ComponentElement._firstBuild (package:flutter/src/widgets/framework.dart:5802:5)
#349    ComponentElement.mount (package:flutter/src/widgets/framework.dart:5796:5)
#350    Element.inflateWidget (package:flutter/src/widgets/framework.dart:4590:20)
#351    Element.updateChild (package:flutter/src/widgets/framework.dart:4059:18)
#352    SingleChildRenderObjectElement.mount (package:flutter/src/widgets/framework.dart:7118:14)
#353    Element.inflateWidget (package:flutter/src/widgets/framework.dart:4590:20)
#354    Element.updateChild (package:flutter/src/widgets/framework.dart:4059:18)
#355    ComponentElement.performRebuild (package:flutter/src/widgets/framework.dart:5844:16)
#356    StatefulElement.performRebuild (package:flutter/src/widgets/framework.dart:5985:11)
#357    Element.rebuild (package:flutter/src/widgets/framework.dart:5532:7)
#358    ComponentElement._firstBuild (package:flutter/src/widgets/framework.dart:5802:5)
#359    StatefulElement._firstBuild (package:flutter/src/widgets/framework.dart:5976:11)
#360    ComponentElement.mount (package:flutter/src/widgets/framework.dart:5796:5)
#361    Element.inflateWidget (package:flutter/src/widgets/framework.dart:4590:20)
#362    Element.updateChild (package:flutter/src/widgets/framework.dart:4059:18)
#363    ComponentElement.performRebuild (package:flutter/src/widgets/framework.dart:5844:16)
#364    Element.rebuild (package:flutter/src/widgets/framework.dart:5532:7)
#365    ComponentElement._firstBuild (package:flutter/src/widgets/framework.dart:5802:5)
#366    ComponentElement.mount (package:flutter/src/widgets/framework.dart:5796:5)
#367    Element.inflateWidget (package:flutter/src/widgets/framework.dart:4590:20)
#368    Element.updateChild (package:flutter/src/widgets/framework.dart:4059:18)
#369    ComponentElement.performRebuild (package:flutter/src/widgets/framework.dart:5844:16)
#370    Element.rebuild (package:flutter/src/widgets/framework.dart:5532:7)
#371    ComponentElement._firstBuild (package:flutter/src/widgets/framework.dart:5802:5)
#372    ComponentElement.mount (package:flutter/src/widgets/framework.dart:5796:5)
#373    Element.inflateWidget (package:flutter/src/widgets/framework.dart:4590:20)
#374    Element.updateChild (package:flutter/src/widgets/framework.dart:4059:18)
#375    ComponentElement.performRebuild (package:flutter/src/widgets/framework.dart:5844:16)
#376    StatefulElement.performRebuild (package:flutter/src/widgets/framework.dart:5985:11)
#377    Element.rebuild (package:flutter/src/widgets/framework.dart:5532:7)
#378    ComponentElement._firstBuild (package:flutter/src/widgets/framework.dart:5802:5)
#379    StatefulElement._firstBuild (package:flutter/src/widgets/framework.dart:5976:11)
#380    ComponentElement.mount (package:flutter/src/widgets/framework.dart:5796:5)
#381    Element.inflateWidget (package:flutter/src/widgets/framework.dart:4590:20)
#382    Element.updateChild (package:flutter/src/widgets/framework.dart:4059:18)
#383    ComponentElement.performRebuild (package:flutter/src/widgets/framework.dart:5844:16)
#384    Element.rebuild (package:flutter/src/widgets/framework.dart:5532:7)
#385    ComponentElement._firstBuild (package:flutter/src/widgets/framework.dart:5802:5)
#386    ComponentElement.mount (package:flutter/src/widgets/framework.dart:5796:5)
#387    Element.inflateWidget (package:flutter/src/widgets/framework.dart:4590:20)
#388    Element.updateChild (package:flutter/src/widgets/framework.dart:4059:18)
#389    ComponentElement.performRebuild (package:flutter/src/widgets/framework.dart:5844:16)
#390    Element.rebuild (package:flutter/src/widgets/framework.dart:5532:7)
#391    ComponentElement._firstBuild (package:flutter/src/widgets/framework.dart:5802:5)
#392    ComponentElement.mount (package:flutter/src/widgets/framework.dart:5796:5)
#393    Element.inflateWidget (package:flutter/src/widgets/framework.dart:4590:20)
#394    Element.updateChild (package:flutter/src/widgets/framework.dart:4059:18)
#395    ComponentElement.performRebuild (package:flutter/src/widgets/framework.dart:5844:16)
#396    Element.rebuild (package:flutter/src/widgets/framework.dart:5532:7)
#397    ComponentElement._firstBuild (package:flutter/src/widgets/framework.dart:5802:5)
#398    ComponentElement.mount (package:flutter/src/widgets/framework.dart:5796:5)
#399    Element.inflateWidget (package:flutter/src/widgets/framework.dart:4590:20)
#400    Element.updateChild (package:flutter/src/widgets/framework.dart:4059:18)
#401    ComponentElement.performRebuild (package:flutter/src/widgets/framework.dart:5844:16)
#402    Element.rebuild (package:flutter/src/widgets/framework.dart:5532:7)
#403    ComponentElement._firstBuild (package:flutter/src/widgets/framework.dart:5802:5)
#404    ComponentElement.mount (package:flutter/src/widgets/framework.dart:5796:5)
#405    Element.inflateWidget (package:flutter/src/widgets/framework.dart:4590:20)
#406    Element.updateChild (package:flutter/src/widgets/framework.dart:4059:18)
#407    ComponentElement.performRebuild (package:flutter/src/widgets/framework.dart:5844:16)
#408    Element.rebuild (package:flutter/src/widgets/framework.dart:5532:7)
#409    ComponentElement._firstBuild (package:flutter/src/widgets/framework.dart:5802:5)
#410    ComponentElement.mount (package:flutter/src/widgets/framework.dart:5796:5)
#411    Element.inflateWidget (package:flutter/src/widgets/framework.dart:4590:20)
#412    Element.updateChild (package:flutter/src/widgets/framework.dart:4059:18)
#413    ComponentElement.performRebuild (package:flutter/src/widgets/framework.dart:5844:16)
#414    Element.rebuild (package:flutter/src/widgets/framework.dart:5532:7)
#415    ComponentElement._firstBuild (package:flutter/src/widgets/framework.dart:5802:5)
#416    ComponentElement.mount (package:flutter/src/widgets/framework.dart:5796:5)
#417    Element.inflateWidget (package:flutter/src/widgets/framework.dart:4590:20)
#418    Element.updateChild (package:flutter/src/widgets/framework.dart:4059:18)
#419    ComponentElement.performRebuild (package:flutter/src/widgets/framework.dart:5844:16)
#420    Element.rebuild (package:flutter/src/widgets/framework.dart:5532:7)
#421    ComponentElement._firstBuild (package:flutter/src/widgets/framework.dart:5802:5)
#422    ComponentElement.mount (package:flutter/src/widgets/framework.dart:5796:5)
#423    Element.inflateWidget (package:flutter/src/widgets/framework.dart:4590:20)
#424    Element.updateChild (package:flutter/src/widgets/framework.dart:4059:18)
#425    ComponentElement.performRebuild (package:flutter/src/widgets/framework.dart:5844:16)
#426    StatefulElement.performRebuild (package:flutter/src/widgets/framework.dart:5985:11)
#427    Element.rebuild (package:flutter/src/widgets/framework.dart:5532:7)
#428    ComponentElement._firstBuild (package:flutter/src/widgets/framework.dart:5802:5)
#429    StatefulElement._firstBuild (package:flutter/src/widgets/framework.dart:5976:11)
#430    ComponentElement.mount (package:flutter/src/widgets/framework.dart:5796:5)
#431    Element.inflateWidget (package:flutter/src/widgets/framework.dart:4590:20)
#432    Element.updateChild (package:flutter/src/widgets/framework.dart:4059:18)
#433    ComponentElement.performRebuild (package:flutter/src/widgets/framework.dart:5844:16)
#434    Element.rebuild (package:flutter/src/widgets/framework.dart:5532:7)
#435    ComponentElement._firstBuild (package:flutter/src/widgets/framework.dart:5802:5)
#436    ComponentElement.mount (package:flutter/src/widgets/framework.dart:5796:5)
#437    Element.inflateWidget (package:flutter/src/widgets/framework.dart:4590:20)
#438    Element.updateChild (package:flutter/src/widgets/framework.dart:4059:18)
#439    ComponentElement.performRebuild (package:flutter/src/widgets/framework.dart:5844:16)
#440    Element.rebuild (package:flutter/src/widgets/framework.dart:5532:7)
#441    ComponentElement._firstBuild (package:flutter/src/widgets/framework.dart:5802:5)
#442    ComponentElement.mount (package:flutter/src/widgets/framework.dart:5796:5)
#443    Element.inflateWidget (package:flutter/src/widgets/framework.dart:4590:20)
#444    Element.updateChild (package:flutter/src/widgets/framework.dart:4059:18)
#445    ComponentElement.performRebuild (package:flutter/src/widgets/framework.dart:5844:16)
#446    StatefulElement.performRebuild (package:flutter/src/widgets/framework.dart:5985:11)
#447    Element.rebuild (package:flutter/src/widgets/framework.dart:5532:7)
#448    ComponentElement._firstBuild (package:flutter/src/widgets/framework.dart:5802:5)
#449    StatefulElement._firstBuild (package:flutter/src/widgets/framework.dart:5976:11)
#450    ComponentElement.mount (package:flutter/src/widgets/framework.dart:5796:5)
#451    Element.inflateWidget (package:flutter/src/widgets/framework.dart:4590:20)
#452    Element.updateChild (package:flutter/src/widgets/framework.dart:4059:18)
#453    SingleChildRenderObjectElement.mount (package:flutter/src/widgets/framework.dart:7118:14)
#454    Element.inflateWidget (package:flutter/src/widgets/framework.dart:4590:20)
#455    Element.updateChild (package:flutter/src/widgets/framework.dart:4059:18)
#456    ComponentElement.performRebuild (package:flutter/src/widgets/framework.dart:5844:16)
#457    StatefulElement.performRebuild (package:flutter/src/widgets/framework.dart:5985:11)
#458    Element.rebuild (package:flutter/src/widgets/framework.dart:5532:7)
#459    ComponentElement._firstBuild (package:flutter/src/widgets/framework.dart:5802:5)
#460    StatefulElement._firstBuild (package:flutter/src/widgets/framework.dart:5976:11)
#461    ComponentElement.mount (package:flutter/src/widgets/framework.dart:5796:5)
#462    Element.inflateWidget (package:flutter/src/widgets/framework.dart:4590:20)
#463    Element.updateChild (package:flutter/src/widgets/framework.dart:4059:18)
#464    ComponentElement.performRebuild (package:flutter/src/widgets/framework.dart:5844:16)
#465    Element.rebuild (package:flutter/src/widgets/framework.dart:5532:7)
#466    ComponentElement._firstBuild (package:flutter/src/widgets/framework.dart:5802:5)
#467    ComponentElement.mount (package:flutter/src/widgets/framework.dart:5796:5)
#468    Element.inflateWidget (package:flutter/src/widgets/framework.dart:4590:20)
#469    Element.updateChild (package:flutter/src/widgets/framework.dart:4059:18)
#470    ComponentElement.performRebuild (package:flutter/src/widgets/framework.dart:5844:16)
#471    Element.rebuild (package:flutter/src/widgets/framework.dart:5532:7)
#472    ComponentElement._firstBuild (package:flutter/src/widgets/framework.dart:5802:5)
#473    ComponentElement.mount (package:flutter/src/widgets/framework.dart:5796:5)
#474    Element.inflateWidget (package:flutter/src/widgets/framework.dart:4590:20)
#475    Element.updateChild (package:flutter/src/widgets/framework.dart:4059:18)
#476    ComponentElement.performRebuild (package:flutter/src/widgets/framework.dart:5844:16)
#477    Element.rebuild (package:flutter/src/widgets/framework.dart:5532:7)
#478    ComponentElement._firstBuild (package:flutter/src/widgets/framework.dart:5802:5)
#479    ComponentElement.mount (package:flutter/src/widgets/framework.dart:5796:5)
#480    Element.inflateWidget (package:flutter/src/widgets/framework.dart:4590:20)
#481    Element.updateChild (package:flutter/src/widgets/framework.dart:4059:18)
#482    ComponentElement.performRebuild (package:flutter/src/widgets/framework.dart:5844:16)
#483    Element.rebuild (package:flutter/src/widgets/framework.dart:5532:7)
#484    ComponentElement._firstBuild (package:flutter/src/widgets/framework.dart:5802:5)
#485    ComponentElement.mount (package:flutter/src/widgets/framework.dart:5796:5)
#486    Element.inflateWidget (package:flutter/src/widgets/framework.dart:4590:20)
#487    Element.updateChild (package:flutter/src/widgets/framework.dart:4059:18)
#488    SingleChildRenderObjectElement.mount (package:flutter/src/widgets/framework.dart:7118:14)
#489    Element.inflateWidget (package:flutter/src/widgets/framework.dart:4590:20)
#490    Element.updateChild (package:flutter/src/widgets/framework.dart:4059:18)
#491    ComponentElement.performRebuild (package:flutter/src/widgets/framework.dart:5844:16)
#492    StatefulElement.performRebuild (package:flutter/src/widgets/framework.dart:5985:11)
#493    Element.rebuild (package:flutter/src/widgets/framework.dart:5532:7)
#494    ComponentElement._firstBuild (package:flutter/src/widgets/framework.dart:5802:5)
#495    StatefulElement._firstBuild (package:flutter/src/widgets/framework.dart:5976:11)
#496    ComponentElement.mount (package:flutter/src/widgets/framework.dart:5796:5)
#497    Element.inflateWidget (package:flutter/src/widgets/framework.dart:4590:20)
#498    Element.updateChild (package:flutter/src/widgets/framework.dart:4059:18)
#499    ComponentElement.performRebuild (package:flutter/src/widgets/framework.dart:5844:16)
#500    StatefulElement.performRebuild (package:flutter/src/widgets/framework.dart:5985:11)
#501    Element.rebuild (package:flutter/src/widgets/framework.dart:5532:7)
#502    ComponentElement._firstBuild (package:flutter/src/widgets/framework.dart:5802:5)
#503    StatefulElement._firstBuild (package:flutter/src/widgets/framework.dart:5976:11)
#504    ComponentElement.mount (package:flutter/src/widgets/framework.dart:5796:5)
#505    Element.inflateWidget (package:flutter/src/widgets/framework.dart:4590:20)
#506    Element.updateChild (package:flutter/src/widgets/framework.dart:4059:18)
#507    SingleChildRenderObjectElement.mount (package:flutter/src/widgets/framework.dart:7118:14)
#508    Element.inflateWidget (package:flutter/src/widgets/framework.dart:4590:20)
#509    Element.updateChild (package:flutter/src/widgets/framework.dart:4059:18)
#510    ComponentElement.performRebuild (package:flutter/src/widgets/framework.dart:5844:16)
#511    Element.rebuild (package:flutter/src/widgets/framework.dart:5532:7)
#512    ComponentElement._firstBuild (package:flutter/src/widgets/framework.dart:5802:5)
#513    ComponentElement.mount (package:flutter/src/widgets/framework.dart:5796:5)
#514    Element.inflateWidget (package:flutter/src/widgets/framework.dart:4590:20)
#515    Element.updateChild (package:flutter/src/widgets/framework.dart:4059:18)
#516    ComponentElement.performRebuild (package:flutter/src/widgets/framework.dart:5844:16)
#517    StatefulElement.performRebuild (package:flutter/src/widgets/framework.dart:5985:11)
#518    Element.rebuild (package:flutter/src/widgets/framework.dart:5532:7)
#519    ComponentElement._firstBuild (package:flutter/src/widgets/framework.dart:5802:5)
#520    StatefulElement._firstBuild (package:flutter/src/widgets/framework.dart:5976:11)
#521    ComponentElement.mount (package:flutter/src/widgets/framework.dart:5796:5)
#522    Element.inflateWidget (package:flutter/src/widgets/framework.dart:4590:20)
#523    Element.updateChild (package:flutter/src/widgets/framework.dart:4059:18)
#524    ComponentElement.performRebuild (package:flutter/src/widgets/framework.dart:5844:16)
#525    StatefulElement.performRebuild (package:flutter/src/widgets/framework.dart:5985:11)
#526    Element.rebuild (package:flutter/src/widgets/framework.dart:5532:7)
#527    ComponentElement._firstBuild (package:flutter/src/widgets/framework.dart:5802:5)
#528    StatefulElement._firstBuild (package:flutter/src/widgets/framework.dart:5976:11)
#529    ComponentElement.mount (package:flutter/src/widgets/framework.dart:5796:5)
#530    Element.inflateWidget (package:flutter/src/widgets/framework.dart:4590:20)
#531    Element.updateChild (package:flutter/src/widgets/framework.dart:4059:18)
#532    ComponentElement.performRebuild (package:flutter/src/widgets/framework.dart:5844:16)
#533    Element.rebuild (package:flutter/src/widgets/framework.dart:5532:7)
#534    ComponentElement._firstBuild (package:flutter/src/widgets/framework.dart:5802:5)
#535    ComponentElement.mount (package:flutter/src/widgets/framework.dart:5796:5)
#536    Element.inflateWidget (package:flutter/src/widgets/framework.dart:4590:20)
#537    Element.updateChild (package:flutter/src/widgets/framework.dart:4059:18)
#538    ComponentElement.performRebuild (package:flutter/src/widgets/framework.dart:5844:16)
#539    StatefulElement.performRebuild (package:flutter/src/widgets/framework.dart:5985:11)
#540    Element.rebuild (package:flutter/src/widgets/framework.dart:5532:7)
#541    ComponentElement._firstBuild (package:flutter/src/widgets/framework.dart:5802:5)
#542    StatefulElement._firstBuild (package:flutter/src/widgets/framework.dart:5976:11)
#543    ComponentElement.mount (package:flutter/src/widgets/framework.dart:5796:5)
#544    Element.inflateWidget (package:flutter/src/widgets/framework.dart:4590:20)
#545    Element.updateChild (package:flutter/src/widgets/framework.dart:4059:18)
#546    SingleChildRenderObjectElement.mount (package:flutter/src/widgets/framework.dart:7118:14)
#547    Element.inflateWidget (package:flutter/src/widgets/framework.dart:4590:20)
#548    Element.updateChild (package:flutter/src/widgets/framework.dart:4059:18)
#549    ComponentElement.performRebuild (package:flutter/src/widgets/framework.dart:5844:16)
#550    Element.rebuild (package:flutter/src/widgets/framework.dart:5532:7)
#551    ComponentElement._firstBuild (package:flutter/src/widgets/framework.dart:5802:5)
#552    ComponentElement.mount (package:flutter/src/widgets/framework.dart:5796:5)
#553    Element.inflateWidget (package:flutter/src/widgets/framework.dart:4590:20)
#554    Element.updateChild (package:flutter/src/widgets/framework.dart:4059:18)
#555    ComponentElement.performRebuild (package:flutter/src/widgets/framework.dart:5844:16)
#556    StatefulElement.performRebuild (package:flutter/src/widgets/framework.dart:5985:11)
#557    Element.rebuild (package:flutter/src/widgets/framework.dart:5532:7)
#558    ComponentElement._firstBuild (package:flutter/src/widgets/framework.dart:5802:5)
#559    StatefulElement._firstBuild (package:flutter/src/widgets/framework.dart:5976:11)
#560    ComponentElement.mount (package:flutter/src/widgets/framework.dart:5796:5)
#561    Element.inflateWidget (package:flutter/src/widgets/framework.dart:4590:20)
#562    Element.updateChild (package:flutter/src/widgets/framework.dart:4059:18)
#563    ComponentElement.performRebuild (package:flutter/src/widgets/framework.dart:5844:16)
#564    StatefulElement.performRebuild (package:flutter/src/widgets/framework.dart:5985:11)
#565    Element.rebuild (package:flutter/src/widgets/framework.dart:5532:7)
#566    ComponentElement._firstBuild (package:flutter/src/widgets/framework.dart:5802:5)
#567    StatefulElement._firstBuild (package:flutter/src/widgets/framework.dart:5976:11)
#568    ComponentElement.mount (package:flutter/src/widgets/framework.dart:5796:5)
#569    Element.inflateWidget (package:flutter/src/widgets/framework.dart:4590:20)
#570    Element.updateChild (package:flutter/src/widgets/framework.dart:4059:18)
#571    ComponentElement.performRebuild (package:flutter/src/widgets/framework.dart:5844:16)
#572    Element.rebuild (package:flutter/src/widgets/framework.dart:5532:7)
#573    ComponentElement._firstBuild (package:flutter/src/widgets/framework.dart:5802:5)
#574    ComponentElement.mount (package:flutter/src/widgets/framework.dart:5796:5)
#575    Element.inflateWidget (package:flutter/src/widgets/framework.dart:4590:20)
#576    Element.updateChild (package:flutter/src/widgets/framework.dart:4059:18)
#577    ComponentElement.performRebuild (package:flutter/src/widgets/framework.dart:5844:16)
#578    StatefulElement.performRebuild (package:flutter/src/widgets/framework.dart:5985:11)
#579    Element.rebuild (package:flutter/src/widgets/framework.dart:5532:7)
#580    ComponentElement._firstBuild (package:flutter/src/widgets/framework.dart:5802:5)
#581    StatefulElement._firstBuild (package:flutter/src/widgets/framework.dart:5976:11)
#582    ComponentElement.mount (package:flutter/src/widgets/framework.dart:5796:5)
#583    Element.inflateWidget (package:flutter/src/widgets/framework.dart:4590:20)
#584    Element.updateChild (package:flutter/src/widgets/framework.dart:4059:18)
#585    SingleChildRenderObjectElement.mount (package:flutter/src/widgets/framework.dart:7118:14)
#586    Element.inflateWidget (package:flutter/src/widgets/framework.dart:4590:20)
#587    Element.updateChild (package:flutter/src/widgets/framework.dart:4059:18)
#588    ComponentElement.performRebuild (package:flutter/src/widgets/framework.dart:5844:16)
#589    Element.rebuild (package:flutter/src/widgets/framework.dart:5532:7)
#590    ComponentElement._firstBuild (package:flutter/src/widgets/framework.dart:5802:5)
#591    ComponentElement.mount (package:flutter/src/widgets/framework.dart:5796:5)
#592    Element.inflateWidget (package:flutter/src/widgets/framework.dart:4590:20)
#593    Element.updateChild (package:flutter/src/widgets/framework.dart:4059:18)
#594    ComponentElement.performRebuild (package:flutter/src/widgets/framework.dart:5844:16)
#595    StatefulElement.performRebuild (package:flutter/src/widgets/framework.dart:5985:11)
#596    Element.rebuild (package:flutter/src/widgets/framework.dart:5532:7)
#597    ComponentElement._firstBuild (package:flutter/src/widgets/framework.dart:5802:5)
#598    StatefulElement._firstBuild (package:flutter/src/widgets/framework.dart:5976:11)
#599    ComponentElement.mount (package:flutter/src/widgets/framework.dart:5796:5)
#600    Element.inflateWidget (package:flutter/src/widgets/framework.dart:4590:20)
#601    Element.updateChild (package:flutter/src/widgets/framework.dart:4059:18)
#602    ComponentElement.performRebuild (package:flutter/src/widgets/framework.dart:5844:16)
#603    StatefulElement.performRebuild (package:flutter/src/widgets/framework.dart:5985:11)
#604    Element.rebuild (package:flutter/src/widgets/framework.dart:5532:7)
#605    ComponentElement._firstBuild (package:flutter/src/widgets/framework.dart:5802:5)
#606    StatefulElement._firstBuild (package:flutter/src/widgets/framework.dart:5976:11)
#607    ComponentElement.mount (package:flutter/src/widgets/framework.dart:5796:5)
#608    Element.inflateWidget (package:flutter/src/widgets/framework.dart:4590:20)
#609    Element.updateChild (package:flutter/src/widgets/framework.dart:4059:18)
#610    ComponentElement.performRebuild (package:flutter/src/widgets/framework.dart:5844:16)
#611    Element.rebuild (package:flutter/src/widgets/framework.dart:5532:7)
#612    ComponentElement._firstBuild (package:flutter/src/widgets/framework.dart:5802:5)
#613    ComponentElement.mount (package:flutter/src/widgets/framework.dart:5796:5)
#614    Element.inflateWidget (package:flutter/src/widgets/framework.dart:4590:20)
#615    Element.updateChild (package:flutter/src/widgets/framework.dart:4059:18)
#616    SingleChildRenderObjectElement.mount (package:flutter/src/widgets/framework.dart:7118:14)
#617    Element.inflateWidget (package:flutter/src/widgets/framework.dart:4590:20)
#618    Element.updateChild (package:flutter/src/widgets/framework.dart:4059:18)
#619    ComponentElement.performRebuild (package:flutter/src/widgets/framework.dart:5844:16)
#620    Element.rebuild (package:flutter/src/widgets/framework.dart:5532:7)
#621    ComponentElement._firstBuild (package:flutter/src/widgets/framework.dart:5802:5)
#622    ComponentElement.mount (package:flutter/src/widgets/framework.dart:5796:5)
#623    Element.inflateWidget (package:flutter/src/widgets/framework.dart:4590:20)
#624    Element.updateChild (package:flutter/src/widgets/framework.dart:4059:18)
#625    ComponentElement.performRebuild (package:flutter/src/widgets/framework.dart:5844:16)
#626    StatefulElement.performRebuild (package:flutter/src/widgets/framework.dart:5985:11)
#627    Element.rebuild (package:flutter/src/widgets/framework.dart:5532:7)
#628    ComponentElement._firstBuild (package:flutter/src/widgets/framework.dart:5802:5)
#629    StatefulElement._firstBuild (package:flutter/src/widgets/framework.dart:5976:11)
#630    ComponentElement.mount (package:flutter/src/widgets/framework.dart:5796:5)
#631    Element.inflateWidget (package:flutter/src/widgets/framework.dart:4590:20)
#632    Element.updateChild (package:flutter/src/widgets/framework.dart:4059:18)
#633    ComponentElement.performRebuild (package:flutter/src/widgets/framework.dart:5844:16)
#634    StatefulElement.performRebuild (package:flutter/src/widgets/framework.dart:5985:11)
#635    Element.rebuild (package:flutter/src/widgets/framework.dart:5532:7)
#636    ComponentElement._firstBuild (package:flutter/src/widgets/framework.dart:5802:5)
#637    StatefulElement._firstBuild (package:flutter/src/widgets/framework.dart:5976:11)
#638    ComponentElement.mount (package:flutter/src/widgets/framework.dart:5796:5)
#639    Element.inflateWidget (package:flutter/src/widgets/framework.dart:4590:20)
#640    Element.updateChild (package:flutter/src/widgets/framework.dart:4059:18)
#641    ComponentElement.performRebuild (package:flutter/src/widgets/framework.dart:5844:16)
#642    Element.rebuild (package:flutter/src/widgets/framework.dart:5532:7)
#643    ComponentElement._firstBuild (package:flutter/src/widgets/framework.dart:5802:5)
#644    ComponentElement.mount (package:flutter/src/widgets/framework.dart:5796:5)
#645    Element.inflateWidget (package:flutter/src/widgets/framework.dart:4590:20)
#646    Element.updateChild (package:flutter/src/widgets/framework.dart:4059:18)
#647    ComponentElement.performRebuild (package:flutter/src/widgets/framework.dart:5844:16)
#648    Element.rebuild (package:flutter/src/widgets/framework.dart:5532:7)
#649    ComponentElement._firstBuild (package:flutter/src/widgets/framework.dart:5802:5)
#650    ComponentElement.mount (package:flutter/src/widgets/framework.dart:5796:5)
#651    Element.inflateWidget (package:flutter/src/widgets/framework.dart:4590:20)
#652    Element.updateChild (package:flutter/src/widgets/framework.dart:4059:18)
#653    ComponentElement.performRebuild (package:flutter/src/widgets/framework.dart:5844:16)
#654    StatefulElement.performRebuild (package:flutter/src/widgets/framework.dart:5985:11)
#655    Element.rebuild (package:flutter/src/widgets/framework.dart:5532:7)
#656    ComponentElement._firstBuild (package:flutter/src/widgets/framework.dart:5802:5)
#657    StatefulElement._firstBuild (package:flutter/src/widgets/framework.dart:5976:11)
#658    ComponentElement.mount (package:flutter/src/widgets/framework.dart:5796:5)
#659    Element.inflateWidget (package:flutter/src/widgets/framework.dart:4590:20)
#660    Element.updateChild (package:flutter/src/widgets/framework.dart:4059:18)
#661    ComponentElement.performRebuild (package:flutter/src/widgets/framework.dart:5844:16)
#662    Element.rebuild (package:flutter/src/widgets/framework.dart:5532:7)
#663    ComponentElement._firstBuild (package:flutter/src/widgets/framework.dart:5802:5)
#664    ComponentElement.mount (package:flutter/src/widgets/framework.dart:5796:5)
#665    Element.inflateWidget (package:flutter/src/widgets/framework.dart:4590:20)
#666    Element.updateChild (package:flutter/src/widgets/framework.dart:4059:18)
#667    ComponentElement.performRebuild (package:flutter/src/widgets/framework.dart:5844:16)
#668    StatefulElement.performRebuild (package:flutter/src/widgets/framework.dart:5985:11)
#669    Element.rebuild (package:flutter/src/widgets/framework.dart:5532:7)
#670    ComponentElement._firstBuild (package:flutter/src/widgets/framework.dart:5802:5)
#671    StatefulElement._firstBuild (package:flutter/src/widgets/framework.dart:5976:11)
#672    ComponentElement.mount (package:flutter/src/widgets/framework.dart:5796:5)
#673    Element.inflateWidget (package:flutter/src/widgets/framework.dart:4590:20)
#674    Element.updateChild (package:flutter/src/widgets/framework.dart:4059:18)
#675    ComponentElement.performRebuild (package:flutter/src/widgets/framework.dart:5844:16)
#676    Element.rebuild (package:flutter/src/widgets/framework.dart:5532:7)
#677    ComponentElement._firstBuild (package:flutter/src/widgets/framework.dart:5802:5)
#678    ComponentElement.mount (package:flutter/src/widgets/framework.dart:5796:5)
#679    Element.inflateWidget (package:flutter/src/widgets/framework.dart:4590:20)
#680    Element.updateChild (package:flutter/src/widgets/framework.dart:4059:18)
#681    ComponentElement.performRebuild (package:flutter/src/widgets/framework.dart:5844:16)
#682    StatefulElement.performRebuild (package:flutter/src/widgets/framework.dart:5985:11)
#683    Element.rebuild (package:flutter/src/widgets/framework.dart:5532:7)
#684    ComponentElement._firstBuild (package:flutter/src/widgets/framework.dart:5802:5)
#685    StatefulElement._firstBuild (package:flutter/src/widgets/framework.dart:5976:11)
#686    ComponentElement.mount (package:flutter/src/widgets/framework.dart:5796:5)
#687    Element.inflateWidget (package:flutter/src/widgets/framework.dart:4590:20)
#688    Element.updateChild (package:flutter/src/widgets/framework.dart:4059:18)
#689    ComponentElement.performRebuild (package:flutter/src/widgets/framework.dart:5844:16)
#690    StatefulElement.performRebuild (package:flutter/src/widgets/framework.dart:5985:11)
#691    Element.rebuild (package:flutter/src/widgets/framework.dart:5532:7)
#692    ComponentElement._firstBuild (package:flutter/src/widgets/framework.dart:5802:5)
#693    StatefulElement._firstBuild (package:flutter/src/widgets/framework.dart:5976:11)
#694    ComponentElement.mount (package:flutter/src/widgets/framework.dart:5796:5)
#695    Element.inflateWidget (package:flutter/src/widgets/framework.dart:4590:20)
#696    Element.updateChild (package:flutter/src/widgets/framework.dart:4059:18)
#697    SingleChildRenderObjectElement.mount (package:flutter/src/widgets/framework.dart:7118:14)
#698    Element.inflateWidget (package:flutter/src/widgets/framework.dart:4590:20)
#699    Element.updateChild (package:flutter/src/widgets/framework.dart:4059:18)
#700    ComponentElement.performRebuild (package:flutter/src/widgets/framework.dart:5844:16)
#701    Element.rebuild (package:flutter/src/widgets/framework.dart:5532:7)
#702    ComponentElement._firstBuild (package:flutter/src/widgets/framework.dart:5802:5)
#703    ComponentElement.mount (package:flutter/src/widgets/framework.dart:5796:5)
#704    Element.inflateWidget (package:flutter/src/widgets/framework.dart:4590:20)
#705    Element.updateChild (package:flutter/src/widgets/framework.dart:4059:18)
#706    ComponentElement.performRebuild (package:flutter/src/widgets/framework.dart:5844:16)
#707    StatefulElement.performRebuild (package:flutter/src/widgets/framework.dart:5985:11)
#708    Element.rebuild (package:flutter/src/widgets/framework.dart:5532:7)
#709    ComponentElement._firstBuild (package:flutter/src/widgets/framework.dart:5802:5)
#710    StatefulElement._firstBuild (package:flutter/src/widgets/framework.dart:5976:11)
#711    ComponentElement.mount (package:flutter/src/widgets/framework.dart:5796:5)
#712    Element.inflateWidget (package:flutter/src/widgets/framework.dart:4590:20)
#713    Element.updateChild (package:flutter/src/widgets/framework.dart:4059:18)
#714    ComponentElement.performRebuild (package:flutter/src/widgets/framework.dart:5844:16)
#715    Element.rebuild (package:flutter/src/widgets/framework.dart:5532:7)
#716    ComponentElement._firstBuild (package:flutter/src/widgets/framework.dart:5802:5)
#717    ComponentElement.mount (package:flutter/src/widgets/framework.dart:5796:5)
#718    Element.inflateWidget (package:flutter/src/widgets/framework.dart:4590:20)
#719    Element.updateChild (package:flutter/src/widgets/framework.dart:4059:18)
#720    ComponentElement.performRebuild (package:flutter/src/widgets/framework.dart:5844:16)
#721    Element.rebuild (package:flutter/src/widgets/framework.dart:5532:7)
#722    ComponentElement._firstBuild (package:flutter/src/widgets/framework.dart:5802:5)
#723    ComponentElement.mount (package:flutter/src/widgets/framework.dart:5796:5)
#724    Element.inflateWidget (package:flutter/src/widgets/framework.dart:4590:20)
#725    Element.updateChild (package:flutter/src/widgets/framework.dart:4059:18)
#726    ComponentElement.performRebuild (package:flutter/src/widgets/framework.dart:5844:16)
#727    StatefulElement.performRebuild (package:flutter/src/widgets/framework.dart:5985:11)
#728    Element.rebuild (package:flutter/src/widgets/framework.dart:5532:7)
#729    ComponentElement._firstBuild (package:flutter/src/widgets/framework.dart:5802:5)
#730    StatefulElement._firstBuild (package:flutter/src/widgets/framework.dart:5976:11)
#731    ComponentElement.mount (package:flutter/src/widgets/framework.dart:5796:5)
#732    Element.inflateWidget (package:flutter/src/widgets/framework.dart:4590:20)
#733    Element.updateChild (package:flutter/src/widgets/framework.dart:4053:20)
#734    ComponentElement.performRebuild (package:flutter/src/widgets/framework.dart:5844:16)
#735    Element.rebuild (package:flutter/src/widgets/framework.dart:5532:7)
#736    ProxyElement.update (package:flutter/src/widgets/framework.dart:6152:5)
#737    _InheritedNotifierElement.update (package:flutter/src/widgets/inherited_notifier.dart:108:11)
#738    Element.updateChild (package:flutter/src/widgets/framework.dart:4037:15)
#739    ComponentElement.performRebuild (package:flutter/src/widgets/framework.dart:5844:16)
#740    StatefulElement.performRebuild (package:flutter/src/widgets/framework.dart:5985:11)
#741    Element.rebuild (package:flutter/src/widgets/framework.dart:5532:7)
#742    StatefulElement.update (package:flutter/src/widgets/framework.dart:6010:5)
#743    Element.updateChild (package:flutter/src/widgets/framework.dart:4037:15)
#744    ComponentElement.performRebuild (package:flutter/src/widgets/framework.dart:5844:16)
#745    Element.rebuild (package:flutter/src/widgets/framework.dart:5532:7)
#746    ProxyElement.update (package:flutter/src/widgets/framework.dart:6152:5)
#747    _InheritedNotifierElement.update (package:flutter/src/widgets/inherited_notifier.dart:108:11)
#748    Element.updateChild (package:flutter/src/widgets/framework.dart:4037:15)
#749    ComponentElement.performRebuild (package:flutter/src/widgets/framework.dart:5844:16)
#750    StatefulElement.performRebuild (package:flutter/src/widgets/framework.dart:5985:11)
#751    Element.rebuild (package:flutter/src/widgets/framework.dart:5532:7)
#752    StatefulElement.update (package:flutter/src/widgets/framework.dart:6010:5)
#753    Element.updateChild (package:flutter/src/widgets/framework.dart:4037:15)
#754    ComponentElement.performRebuild (package:flutter/src/widgets/framework.dart:5844:16)
#755    StatefulElement.performRebuild (package:flutter/src/widgets/framework.dart:5985:11)
#756    Element.rebuild (package:flutter/src/widgets/framework.dart:5532:7)
#757    StatefulElement.update (package:flutter/src/widgets/framework.dart:6010:5)
#758    Element.updateChild (package:flutter/src/widgets/framework.dart:4037:15)
#759    ComponentElement.performRebuild (package:flutter/src/widgets/framework.dart:5844:16)
#760    Element.rebuild (package:flutter/src/widgets/framework.dart:5532:7)
#761    ProxyElement.update (package:flutter/src/widgets/framework.dart:6152:5)
#762    Element.updateChild (package:flutter/src/widgets/framework.dart:4037:15)
#763    ComponentElement.performRebuild (package:flutter/src/widgets/framework.dart:5844:16)
#764    StatefulElement.performRebuild (package:flutter/src/widgets/framework.dart:5985:11)
#765    Element.rebuild (package:flutter/src/widgets/framework.dart:5532:7)
#766    StatefulElement.update (package:flutter/src/widgets/framework.dart:6010:5)
#767    Element.updateChild (package:flutter/src/widgets/framework.dart:4037:15)
#768    ComponentElement.performRebuild (package:flutter/src/widgets/framework.dart:5844:16)
#769    Element.rebuild (package:flutter/src/widgets/framework.dart:5532:7)
#770    ProxyElement.update (package:flutter/src/widgets/framework.dart:6152:5)
#771    Element.updateChild (package:flutter/src/widgets/framework.dart:4037:15)
#772    ComponentElement.performRebuild (package:flutter/src/widgets/framework.dart:5844:16)
#773    Element.rebuild (package:flutter/src/widgets/framework.dart:5532:7)
#774    ProxyElement.update (package:flutter/src/widgets/framework.dart:6152:5)
#775    Element.updateChild (package:flutter/src/widgets/framework.dart:4037:15)
#776    _RawViewElement._updateChild (package:flutter/src/widgets/view.dart:481:16)
#777    _RawViewElement.update (package:flutter/src/widgets/view.dart:568:5)
#778    Element.updateChild (package:flutter/src/widgets/framework.dart:4037:15)
#779    ComponentElement.performRebuild (package:flutter/src/widgets/framework.dart:5844:16)
#780    Element.rebuild (package:flutter/src/widgets/framework.dart:5532:7)
#781    StatelessElement.update (package:flutter/src/widgets/framework.dart:5898:5)
#782    Element.updateChild (package:flutter/src/widgets/framework.dart:4037:15)
#783    ComponentElement.performRebuild (package:flutter/src/widgets/framework.dart:5844:16)
#784    StatefulElement.performRebuild (package:flutter/src/widgets/framework.dart:5985:11)
#785    Element.rebuild (package:flutter/src/widgets/framework.dart:5532:7)
#786    StatefulElement.update (package:flutter/src/widgets/framework.dart:6010:5)
#787    Element.updateChild (package:flutter/src/widgets/framework.dart:4037:15)
#788    RootElement._rebuild (package:flutter/src/widgets/binding.dart:1782:16)
#789    RootElement.update (package:flutter/src/widgets/binding.dart:1760:5)
#790    RootElement.performRebuild (package:flutter/src/widgets/binding.dart:1774:7)
#791    Element.rebuild (package:flutter/src/widgets/framework.dart:5532:7)
#792    BuildScope._tryRebuild (package:flutter/src/widgets/framework.dart:2750:15)
#793    BuildScope._flushDirtyElements (package:flutter/src/widgets/framework.dart:2807:11)
#794    BuildOwner.buildScope (package:flutter/src/widgets/framework.dart:3111:18)
#795    AutomatedTestWidgetsFlutterBinding.drawFrame (package:flutter_test/src/binding.dart:1506:19)
#796    RendererBinding._handlePersistentFrameCallback (package:flutter/src/rendering/binding.dart:495:5)
#797    SchedulerBinding._invokeFrameCallback (package:flutter/src/scheduler/binding.dart:1434:15)
#798    SchedulerBinding.handleDrawFrame (package:flutter/src/scheduler/binding.dart:1347:9)
#799    AutomatedTestWidgetsFlutterBinding.pump.<anonymous closure> (package:flutter_test/src/binding.dart:1335:9)
#800    _rootRun (dart:async/zone.dart:1525:13)
#801    _CustomZone.run (dart:async/zone.dart:1422:19)
#802    TestAsyncUtils.guard (package:flutter_test/src/test_async_utils.dart:74:41)
#803    AutomatedTestWidgetsFlutterBinding.pump (package:flutter_test/src/binding.dart:1324:27)
#804    WidgetTester.pumpWidget.<anonymous closure> (package:flutter_test/src/widget_tester.dart:598:22)
#805    _rootRun (dart:async/zone.dart:1525:13)
#806    _CustomZone.run (dart:async/zone.dart:1422:19)
#807    TestAsyncUtils.guard (package:flutter_test/src/test_async_utils.dart:74:41)
#808    WidgetTester.pumpWidget (package:flutter_test/src/widget_tester.dart:595:27)
#809    main.<anonymous closure> (file:///Users/twang/bible-read/test/pages/home_page_test.dart:1570:18)
#810    testWidgets.<anonymous closure>.<anonymous closure> (package:flutter_test/src/widget_tester.dart:192:29)
<asynchronous suspension>
#811    TestWidgetsFlutterBinding._runTestBody (package:flutter_test/src/binding.dart:1059:5)
<asynchronous suspension>
#812    StackZoneSpecification._registerCallback.<anonymous closure> (package:stack_trace/src/stack_zone_specification.dart:114:42)
<asynchronous suspension>

----------------FIREBASE CRASHLYTICS----------------
[firestore/unknown] null

#0      ThrowingDocumentReference.get (file:///Users/twang/bible-read/test/pages/home_page_test.dart:411:5)
#1      ReadingStatusService.fetchStatus (package:bible_read/services/reading_status_service.dart:126:20)
#2      _HomePageState._loadReadStatus (package:bible_read/pages/home_page.dart:153:56)
#3      _HomePageState.initState (package:bible_read/pages/home_page.dart:122:5)
#4      StatefulElement._firstBuild (package:flutter/src/widgets/framework.dart:5953:55)
#5      ComponentElement.mount (package:flutter/src/widgets/framework.dart:5796:5)
#6      Element.inflateWidget (package:flutter/src/widgets/framework.dart:4590:20)
#7      Element.updateChild (package:flutter/src/widgets/framework.dart:4059:18)
#8      SingleChildRenderObjectElement.mount (package:flutter/src/widgets/framework.dart:7118:14)
#9      Element.inflateWidget (package:flutter/src/widgets/framework.dart:4590:20)
#10     Element.updateChild (package:flutter/src/widgets/framework.dart:4059:18)
#11     ComponentElement.performRebuild (package:flutter/src/widgets/framework.dart:5844:16)
#12     Element.rebuild (package:flutter/src/widgets/framework.dart:5532:7)
#13     ComponentElement._firstBuild (package:flutter/src/widgets/framework.dart:5802:5)
#14     ComponentElement.mount (package:flutter/src/widgets/framework.dart:5796:5)
#15     Element.inflateWidget (package:flutter/src/widgets/framework.dart:4590:20)
#16     Element.updateChild (package:flutter/src/widgets/framework.dart:4059:18)
#17     SingleChildRenderObjectElement.mount (package:flutter/src/widgets/framework.dart:7118:14)
#18     Element.inflateWidget (package:flutter/src/widgets/framework.dart:4590:20)
#19     Element.updateChild (package:flutter/src/widgets/framework.dart:4059:18)
#20     SingleChildRenderObjectElement.mount (package:flutter/src/widgets/framework.dart:7118:14)
#21     Element.inflateWidget (package:flutter/src/widgets/framework.dart:4590:20)
#22     Element.updateChild (package:flutter/src/widgets/framework.dart:4059:18)
#23     ComponentElement.performRebuild (package:flutter/src/widgets/framework.dart:5844:16)
#24     StatefulElement.performRebuild (package:flutter/src/widgets/framework.dart:5985:11)
#25     Element.rebuild (package:flutter/src/widgets/framework.dart:5532:7)
#26     ComponentElement._firstBuild (package:flutter/src/widgets/framework.dart:5802:5)
#27     StatefulElement._firstBuild (package:flutter/src/widgets/framework.dart:5976:11)
#28     ComponentElement.mount (package:flutter/src/widgets/framework.dart:5796:5)
#29     Element.inflateWidget (package:flutter/src/widgets/framework.dart:4590:20)
#30     Element.updateChild (package:flutter/src/widgets/framework.dart:4059:18)
#31     SingleChildRenderObjectElement.mount (package:flutter/src/widgets/framework.dart:7118:14)
#32     Element.inflateWidget (package:flutter/src/widgets/framework.dart:4590:20)
#33     Element.updateChild (package:flutter/src/widgets/framework.dart:4059:18)
#34     ComponentElement.performRebuild (package:flutter/src/widgets/framework.dart:5844:16)
#35     StatefulElement.performRebuild (package:flutter/src/widgets/framework.dart:5985:11)
#36     Element.rebuild (package:flutter/src/widgets/framework.dart:5532:7)
#37     ComponentElement._firstBuild (package:flutter/src/widgets/framework.dart:5802:5)
#38     StatefulElement._firstBuild (package:flutter/src/widgets/framework.dart:5976:11)
#39     ComponentElement.mount (package:flutter/src/widgets/framework.dart:5796:5)
#40     Element.inflateWidget (package:flutter/src/widgets/framework.dart:4590:20)
#41     Element.updateChild (package:flutter/src/widgets/framework.dart:4059:18)
#42     SingleChildRenderObjectElement.mount (package:flutter/src/widgets/framework.dart:7118:14)
#43     Element.inflateWidget (package:flutter/src/widgets/framework.dart:4590:20)
#44     Element.updateChild (package:flutter/src/widgets/framework.dart:4059:18)
#45     SingleChildRenderObjectElement.mount (package:flutter/src/widgets/framework.dart:7118:14)
#46     Element.inflateWidget (package:flutter/src/widgets/framework.dart:4590:20)
#47     Element.updateChild (package:flutter/src/widgets/framework.dart:4059:18)
#48     ComponentElement.performRebuild (package:flutter/src/widgets/framework.dart:5844:16)
#49     StatefulElement.performRebuild (package:flutter/src/widgets/framework.dart:5985:11)
#50     Element.rebuild (package:flutter/src/widgets/framework.dart:5532:7)
#51     ComponentElement._firstBuild (package:flutter/src/widgets/framework.dart:5802:5)
#52     StatefulElement._firstBuild (package:flutter/src/widgets/framework.dart:5976:11)
#53     ComponentElement.mount (package:flutter/src/widgets/framework.dart:5796:5)
#54     Element.inflateWidget (package:flutter/src/widgets/framework.dart:4590:20)
#55     Element.updateChild (package:flutter/src/widgets/framework.dart:4059:18)
#56     SingleChildRenderObjectElement.mount (package:flutter/src/widgets/framework.dart:7118:14)
#57     Element.inflateWidget (package:flutter/src/widgets/framework.dart:4590:20)
#58     Element.updateChild (package:flutter/src/widgets/framework.dart:4059:18)
#59     ComponentElement.performRebuild (package:flutter/src/widgets/framework.dart:5844:16)
#60     StatefulElement.performRebuild (package:flutter/src/widgets/framework.dart:5985:11)
#61     Element.rebuild (package:flutter/src/widgets/framework.dart:5532:7)
#62     ComponentElement._firstBuild (package:flutter/src/widgets/framework.dart:5802:5)
#63     StatefulElement._firstBuild (package:flutter/src/widgets/framework.dart:5976:11)
#64     ComponentElement.mount (package:flutter/src/widgets/framework.dart:5796:5)
#65     Element.inflateWidget (package:flutter/src/widgets/framework.dart:4590:20)
#66     Element.updateChild (package:flutter/src/widgets/framework.dart:4059:18)
#67     SingleChildRenderObjectElement.mount (package:flutter/src/widgets/framework.dart:7118:14)
#68     Element.inflateWidget (package:flutter/src/widgets/framework.dart:4590:20)
#69     Element.updateChild (package:flutter/src/widgets/framework.dart:4059:18)
#70     SingleChildRenderObjectElement.mount (package:flutter/src/widgets/framework.dart:7118:14)
#71     Element.inflateWidget (package:flutter/src/widgets/framework.dart:4590:20)
#72     Element.updateChild (package:flutter/src/widgets/framework.dart:4059:18)
#73     ComponentElement.performRebuild (package:flutter/src/widgets/framework.dart:5844:16)
#74     StatefulElement.performRebuild (package:flutter/src/widgets/framework.dart:5985:11)
#75     Element.rebuild (package:flutter/src/widgets/framework.dart:5532:7)
#76     ComponentElement._firstBuild (package:flutter/src/widgets/framework.dart:5802:5)
#77     StatefulElement._firstBuild (package:flutter/src/widgets/framework.dart:5976:11)
#78     ComponentElement.mount (package:flutter/src/widgets/framework.dart:5796:5)
#79     Element.inflateWidget (package:flutter/src/widgets/framework.dart:4590:20)
#80     Element.updateChild (package:flutter/src/widgets/framework.dart:4059:18)
#81     SingleChildRenderObjectElement.mount (package:flutter/src/widgets/framework.dart:7118:14)
#82     Element.inflateWidget (package:flutter/src/widgets/framework.dart:4590:20)
#83     Element.updateChild (package:flutter/src/widgets/framework.dart:4059:18)
#84     SingleChildRenderObjectElement.mount (package:flutter/src/widgets/framework.dart:7118:14)
#85     Element.inflateWidget (package:flutter/src/widgets/framework.dart:4590:20)
#86     Element.updateChild (package:flutter/src/widgets/framework.dart:4059:18)
#87     SingleChildRenderObjectElement.mount (package:flutter/src/widgets/framework.dart:7118:14)
#88     Element.inflateWidget (package:flutter/src/widgets/framework.dart:4590:20)
#89     Element.updateChild (package:flutter/src/widgets/framework.dart:4059:18)
#90     ComponentElement.performRebuild (package:flutter/src/widgets/framework.dart:5844:16)
#91     StatefulElement.performRebuild (package:flutter/src/widgets/framework.dart:5985:11)
#92     Element.rebuild (package:flutter/src/widgets/framework.dart:5532:7)
#93     ComponentElement._firstBuild (package:flutter/src/widgets/framework.dart:5802:5)
#94     StatefulElement._firstBuild (package:flutter/src/widgets/framework.dart:5976:11)
#95     ComponentElement.mount (package:flutter/src/widgets/framework.dart:5796:5)
#96     Element.inflateWidget (package:flutter/src/widgets/framework.dart:4590:20)
#97     Element.updateChild (package:flutter/src/widgets/framework.dart:4059:18)
#98     SingleChildRenderObjectElement.mount (package:flutter/src/widgets/framework.dart:7118:14)
#99     Element.inflateWidget (package:flutter/src/widgets/framework.dart:4590:20)
#100    Element.updateChild (package:flutter/src/widgets/framework.dart:4059:18)
#101    ComponentElement.performRebuild (package:flutter/src/widgets/framework.dart:5844:16)
#102    StatefulElement.performRebuild (package:flutter/src/widgets/framework.dart:5985:11)
#103    Element.rebuild (package:flutter/src/widgets/framework.dart:5532:7)
#104    ComponentElement._firstBuild (package:flutter/src/widgets/framework.dart:5802:5)
#105    StatefulElement._firstBuild (package:flutter/src/widgets/framework.dart:5976:11)
#106    ComponentElement.mount (package:flutter/src/widgets/framework.dart:5796:5)
#107    Element.inflateWidget (package:flutter/src/widgets/framework.dart:4590:20)
#108    Element.updateChild (package:flutter/src/widgets/framework.dart:4059:18)
#109    ComponentElement.performRebuild (package:flutter/src/widgets/framework.dart:5844:16)
#110    Element.rebuild (package:flutter/src/widgets/framework.dart:5532:7)
#111    ComponentElement._firstBuild (package:flutter/src/widgets/framework.dart:5802:5)
#112    ComponentElement.mount (package:flutter/src/widgets/framework.dart:5796:5)
#113    Element.inflateWidget (package:flutter/src/widgets/framework.dart:4590:20)
#114    Element.updateChild (package:flutter/src/widgets/framework.dart:4059:18)
#115    ComponentElement.performRebuild (package:flutter/src/widgets/framework.dart:5844:16)
#116    StatefulElement.performRebuild (package:flutter/src/widgets/framework.dart:5985:11)
#117    Element.rebuild (package:flutter/src/widgets/framework.dart:5532:7)
#118    ComponentElement._firstBuild (package:flutter/src/widgets/framework.dart:5802:5)
#119    StatefulElement._firstBuild (package:flutter/src/widgets/framework.dart:5976:11)
#120    ComponentElement.mount (package:flutter/src/widgets/framework.dart:5796:5)
#121    Element.inflateWidget (package:flutter/src/widgets/framework.dart:4590:20)
#122    Element.updateChild (package:flutter/src/widgets/framework.dart:4059:18)
#123    ComponentElement.performRebuild (package:flutter/src/widgets/framework.dart:5844:16)
#124    StatefulElement.performRebuild (package:flutter/src/widgets/framework.dart:5985:11)
#125    Element.rebuild (package:flutter/src/widgets/framework.dart:5532:7)
#126    ComponentElement._firstBuild (package:flutter/src/widgets/framework.dart:5802:5)
#127    StatefulElement._firstBuild (package:flutter/src/widgets/framework.dart:5976:11)
#128    ComponentElement.mount (package:flutter/src/widgets/framework.dart:5796:5)
#129    Element.inflateWidget (package:flutter/src/widgets/framework.dart:4590:20)
#130    Element.updateChild (package:flutter/src/widgets/framework.dart:4059:18)
#131    ComponentElement.performRebuild (package:flutter/src/widgets/framework.dart:5844:16)
#132    StatefulElement.performRebuild (package:flutter/src/widgets/framework.dart:5985:11)
#133    Element.rebuild (package:flutter/src/widgets/framework.dart:5532:7)
#134    ComponentElement._firstBuild (package:flutter/src/widgets/framework.dart:5802:5)
#135    StatefulElement._firstBuild (package:flutter/src/widgets/framework.dart:5976:11)
#136    ComponentElement.mount (package:flutter/src/widgets/framework.dart:5796:5)
#137    Element.inflateWidget (package:flutter/src/widgets/framework.dart:4590:20)
#138    Element.updateChild (package:flutter/src/widgets/framework.dart:4059:18)
#139    SingleChildRenderObjectElement.mount (package:flutter/src/widgets/framework.dart:7118:14)
#140    Element.inflateWidget (package:flutter/src/widgets/framework.dart:4590:20)
#141    Element.updateChild (package:flutter/src/widgets/framework.dart:4059:18)
#142    ComponentElement.performRebuild (package:flutter/src/widgets/framework.dart:5844:16)
#143    Element.rebuild (package:flutter/src/widgets/framework.dart:5532:7)
#144    ComponentElement._firstBuild (package:flutter/src/widgets/framework.dart:5802:5)
#145    ComponentElement.mount (package:flutter/src/widgets/framework.dart:5796:5)
#146    Element.inflateWidget (package:flutter/src/widgets/framework.dart:4590:20)
#147    Element.updateChild (package:flutter/src/widgets/framework.dart:4059:18)
#148    SingleChildRenderObjectElement.mount (package:flutter/src/widgets/framework.dart:7118:14)
#149    Element.inflateWidget (package:flutter/src/widgets/framework.dart:4590:20)
#150    Element.updateChild (package:flutter/src/widgets/framework.dart:4059:18)
#151    ComponentElement.performRebuild (package:flutter/src/widgets/framework.dart:5844:16)
#152    StatefulElement.performRebuild (package:flutter/src/widgets/framework.dart:5985:11)
#153    Element.rebuild (package:flutter/src/widgets/framework.dart:5532:7)
#154    ComponentElement._firstBuild (package:flutter/src/widgets/framework.dart:5802:5)
#155    StatefulElement._firstBuild (package:flutter/src/widgets/framework.dart:5976:11)
#156    ComponentElement.mount (package:flutter/src/widgets/framework.dart:5796:5)
#157    Element.inflateWidget (package:flutter/src/widgets/framework.dart:4590:20)
#158    Element.updateChild (package:flutter/src/widgets/framework.dart:4059:18)
#159    ComponentElement.performRebuild (package:flutter/src/widgets/framework.dart:5844:16)
#160    Element.rebuild (package:flutter/src/widgets/framework.dart:5532:7)
#161    ComponentElement._firstBuild (package:flutter/src/widgets/framework.dart:5802:5)
#162    ComponentElement.mount (package:flutter/src/widgets/framework.dart:5796:5)
#163    Element.inflateWidget (package:flutter/src/widgets/framework.dart:4590:20)
#164    Element.updateChild (package:flutter/src/widgets/framework.dart:4059:18)
#165    ComponentElement.performRebuild (package:flutter/src/widgets/framework.dart:5844:16)
#166    Element.rebuild (package:flutter/src/widgets/framework.dart:5532:7)
#167    ComponentElement._firstBuild (package:flutter/src/widgets/framework.dart:5802:5)
#168    ComponentElement.mount (package:flutter/src/widgets/framework.dart:5796:5)
#169    Element.inflateWidget (package:flutter/src/widgets/framework.dart:4590:20)
#170    Element.updateChild (package:flutter/src/widgets/framework.dart:4059:18)
#171    ComponentElement.performRebuild (package:flutter/src/widgets/framework.dart:5844:16)
#172    StatefulElement.performRebuild (package:flutter/src/widgets/framework.dart:5985:11)
#173    Element.rebuild (package:flutter/src/widgets/framework.dart:5532:7)
#174    ComponentElement._firstBuild (package:flutter/src/widgets/framework.dart:5802:5)
#175    StatefulElement._firstBuild (package:flutter/src/widgets/framework.dart:5976:11)
#176    ComponentElement.mount (package:flutter/src/widgets/framework.dart:5796:5)
#177    Element.inflateWidget (package:flutter/src/widgets/framework.dart:4590:20)
#178    Element.updateChild (package:flutter/src/widgets/framework.dart:4059:18)
#179    ComponentElement.performRebuild (package:flutter/src/widgets/framework.dart:5844:16)
#180    Element.rebuild (package:flutter/src/widgets/framework.dart:5532:7)
#181    ComponentElement._firstBuild (package:flutter/src/widgets/framework.dart:5802:5)
#182    ComponentElement.mount (package:flutter/src/widgets/framework.dart:5796:5)
#183    Element.inflateWidget (package:flutter/src/widgets/framework.dart:4590:20)
#184    Element.updateChild (package:flutter/src/widgets/framework.dart:4059:18)
#185    ComponentElement.performRebuild (package:flutter/src/widgets/framework.dart:5844:16)
#186    Element.rebuild (package:flutter/src/widgets/framework.dart:5532:7)
#187    ComponentElement._firstBuild (package:flutter/src/widgets/framework.dart:5802:5)
#188    ComponentElement.mount (package:flutter/src/widgets/framework.dart:5796:5)
#189    Element.inflateWidget (package:flutter/src/widgets/framework.dart:4590:20)
#190    Element.updateChild (package:flutter/src/widgets/framework.dart:4059:18)
#191    SingleChildRenderObjectElement.mount (package:flutter/src/widgets/framework.dart:7118:14)
#192    Element.inflateWidget (package:flutter/src/widgets/framework.dart:4590:20)
#193    Element.updateChild (package:flutter/src/widgets/framework.dart:4059:18)
#194    ComponentElement.performRebuild (package:flutter/src/widgets/framework.dart:5844:16)
#195    Element.rebuild (package:flutter/src/widgets/framework.dart:5532:7)
#196    ComponentElement._firstBuild (package:flutter/src/widgets/framework.dart:5802:5)
#197    ComponentElement.mount (package:flutter/src/widgets/framework.dart:5796:5)
#198    Element.inflateWidget (package:flutter/src/widgets/framework.dart:4590:20)
#199    Element.updateChild (package:flutter/src/widgets/framework.dart:4059:18)
#200    ComponentElement.performRebuild (package:flutter/src/widgets/framework.dart:5844:16)
#201    Element.rebuild (package:flutter/src/widgets/framework.dart:5532:7)
#202    ComponentElement._firstBuild (package:flutter/src/widgets/framework.dart:5802:5)
#203    ComponentElement.mount (package:flutter/src/widgets/framework.dart:5796:5)
#204    Element.inflateWidget (package:flutter/src/widgets/framework.dart:4590:20)
#205    Element.updateChild (package:flutter/src/widgets/framework.dart:4059:18)
#206    ComponentElement.performRebuild (package:flutter/src/widgets/framework.dart:5844:16)
#207    StatefulElement.performRebuild (package:flutter/src/widgets/framework.dart:5985:11)
#208    Element.rebuild (package:flutter/src/widgets/framework.dart:5532:7)
#209    ComponentElement._firstBuild (package:flutter/src/widgets/framework.dart:5802:5)
#210    StatefulElement._firstBuild (package:flutter/src/widgets/framework.dart:5976:11)
#211    ComponentElement.mount (package:flutter/src/widgets/framework.dart:5796:5)
#212    Element.inflateWidget (package:flutter/src/widgets/framework.dart:4590:20)
#213    Element.updateChild (package:flutter/src/widgets/framework.dart:4059:18)
#214    ComponentElement.performRebuild (package:flutter/src/widgets/framework.dart:5844:16)
#215    StatefulElement.performRebuild (package:flutter/src/widgets/framework.dart:5985:11)
#216    Element.rebuild (package:flutter/src/widgets/framework.dart:5532:7)
#217    ComponentElement._firstBuild (package:flutter/src/widgets/framework.dart:5802:5)
#218    StatefulElement._firstBuild (package:flutter/src/widgets/framework.dart:5976:11)
#219    ComponentElement.mount (package:flutter/src/widgets/framework.dart:5796:5)
#220    Element.inflateWidget (package:flutter/src/widgets/framework.dart:4590:20)
#221    Element.updateChild (package:flutter/src/widgets/framework.dart:4059:18)
#222    ComponentElement.performRebuild (package:flutter/src/widgets/framework.dart:5844:16)
#223    StatefulElement.performRebuild (package:flutter/src/widgets/framework.dart:5985:11)
#224    Element.rebuild (package:flutter/src/widgets/framework.dart:5532:7)
#225    ComponentElement._firstBuild (package:flutter/src/widgets/framework.dart:5802:5)
#226    StatefulElement._firstBuild (package:flutter/src/widgets/framework.dart:5976:11)
#227    ComponentElement.mount (package:flutter/src/widgets/framework.dart:5796:5)
#228    Element.inflateWidget (package:flutter/src/widgets/framework.dart:4590:20)
#229    Element.updateChild (package:flutter/src/widgets/framework.dart:4059:18)
#230    SingleChildRenderObjectElement.mount (package:flutter/src/widgets/framework.dart:7118:14)
#231    Element.inflateWidget (package:flutter/src/widgets/framework.dart:4590:20)
#232    Element.updateChild (package:flutter/src/widgets/framework.dart:4059:18)
#233    ComponentElement.performRebuild (package:flutter/src/widgets/framework.dart:5844:16)
#234    Element.rebuild (package:flutter/src/widgets/framework.dart:5532:7)
#235    ComponentElement._firstBuild (package:flutter/src/widgets/framework.dart:5802:5)
#236    ComponentElement.mount (package:flutter/src/widgets/framework.dart:5796:5)
#237    Element.inflateWidget (package:flutter/src/widgets/framework.dart:4590:20)
#238    Element.updateChild (package:flutter/src/widgets/framework.dart:4059:18)
#239    ComponentElement.performRebuild (package:flutter/src/widgets/framework.dart:5844:16)
#240    Element.rebuild (package:flutter/src/widgets/framework.dart:5532:7)
#241    ComponentElement._firstBuild (package:flutter/src/widgets/framework.dart:5802:5)
#242    ComponentElement.mount (package:flutter/src/widgets/framework.dart:5796:5)
#243    Element.inflateWidget (package:flutter/src/widgets/framework.dart:4590:20)
#244    Element.updateChild (package:flutter/src/widgets/framework.dart:4059:18)
#245    ComponentElement.performRebuild (package:flutter/src/widgets/framework.dart:5844:16)
#246    Element.rebuild (package:flutter/src/widgets/framework.dart:5532:7)
#247    ComponentElement._firstBuild (package:flutter/src/widgets/framework.dart:5802:5)
#248    ComponentElement.mount (package:flutter/src/widgets/framework.dart:5796:5)
#249    Element.inflateWidget (package:flutter/src/widgets/framework.dart:4590:20)
#250    Element.updateChild (package:flutter/src/widgets/framework.dart:4059:18)
#251    ComponentElement.performRebuild (package:flutter/src/widgets/framework.dart:5844:16)
#252    StatefulElement.performRebuild (package:flutter/src/widgets/framework.dart:5985:11)
#253    Element.rebuild (package:flutter/src/widgets/framework.dart:5532:7)
#254    ComponentElement._firstBuild (package:flutter/src/widgets/framework.dart:5802:5)
#255    StatefulElement._firstBuild (package:flutter/src/widgets/framework.dart:5976:11)
#256    ComponentElement.mount (package:flutter/src/widgets/framework.dart:5796:5)
#257    Element.inflateWidget (package:flutter/src/widgets/framework.dart:4590:20)
#258    Element.updateChild (package:flutter/src/widgets/framework.dart:4059:18)
#259    ComponentElement.performRebuild (package:flutter/src/widgets/framework.dart:5844:16)
#260    StatefulElement.performRebuild (package:flutter/src/widgets/framework.dart:5985:11)
#261    Element.rebuild (package:flutter/src/widgets/framework.dart:5532:7)
#262    ComponentElement._firstBuild (package:flutter/src/widgets/framework.dart:5802:5)
#263    StatefulElement._firstBuild (package:flutter/src/widgets/framework.dart:5976:11)
#264    ComponentElement.mount (package:flutter/src/widgets/framework.dart:5796:5)
#265    Element.inflateWidget (package:flutter/src/widgets/framework.dart:4590:20)
#266    MultiChildRenderObjectElement.inflateWidget (package:flutter/src/widgets/framework.dart:7269:36)
#267    MultiChildRenderObjectElement.mount (package:flutter/src/widgets/framework.dart:7285:32)
#268    Element.inflateWidget (package:flutter/src/widgets/framework.dart:4590:20)
#269    Element.updateChild (package:flutter/src/widgets/framework.dart:4059:18)
#270    ComponentElement.performRebuild (package:flutter/src/widgets/framework.dart:5844:16)
#271    StatefulElement.performRebuild (package:flutter/src/widgets/framework.dart:5985:11)
#272    Element.rebuild (package:flutter/src/widgets/framework.dart:5532:7)
#273    ComponentElement._firstBuild (package:flutter/src/widgets/framework.dart:5802:5)
#274    StatefulElement._firstBuild (package:flutter/src/widgets/framework.dart:5976:11)
#275    ComponentElement.mount (package:flutter/src/widgets/framework.dart:5796:5)
#276    Element.inflateWidget (package:flutter/src/widgets/framework.dart:4590:20)
#277    Element.updateChild (package:flutter/src/widgets/framework.dart:4059:18)
#278    ComponentElement.performRebuild (package:flutter/src/widgets/framework.dart:5844:16)
#279    Element.rebuild (package:flutter/src/widgets/framework.dart:5532:7)
#280    ComponentElement._firstBuild (package:flutter/src/widgets/framework.dart:5802:5)
#281    ComponentElement.mount (package:flutter/src/widgets/framework.dart:5796:5)
#282    Element.inflateWidget (package:flutter/src/widgets/framework.dart:4590:20)
#283    Element.updateChild (package:flutter/src/widgets/framework.dart:4059:18)
#284    ComponentElement.performRebuild (package:flutter/src/widgets/framework.dart:5844:16)
#285    Element.rebuild (package:flutter/src/widgets/framework.dart:5532:7)
#286    ComponentElement._firstBuild (package:flutter/src/widgets/framework.dart:5802:5)
#287    ComponentElement.mount (package:flutter/src/widgets/framework.dart:5796:5)
#288    Element.inflateWidget (package:flutter/src/widgets/framework.dart:4590:20)
#289    Element.updateChild (package:flutter/src/widgets/framework.dart:4059:18)
#290    ComponentElement.performRebuild (package:flutter/src/widgets/framework.dart:5844:16)
#291    StatefulElement.performRebuild (package:flutter/src/widgets/framework.dart:5985:11)
#292    Element.rebuild (package:flutter/src/widgets/framework.dart:5532:7)
#293    ComponentElement._firstBuild (package:flutter/src/widgets/framework.dart:5802:5)
#294    StatefulElement._firstBuild (package:flutter/src/widgets/framework.dart:5976:11)
#295    ComponentElement.mount (package:flutter/src/widgets/framework.dart:5796:5)
#296    Element.inflateWidget (package:flutter/src/widgets/framework.dart:4590:20)
#297    Element.updateChild (package:flutter/src/widgets/framework.dart:4059:18)
#298    ComponentElement.performRebuild (package:flutter/src/widgets/framework.dart:5844:16)
#299    Element.rebuild (package:flutter/src/widgets/framework.dart:5532:7)
#300    ComponentElement._firstBuild (package:flutter/src/widgets/framework.dart:5802:5)
#301    ComponentElement.mount (package:flutter/src/widgets/framework.dart:5796:5)
#302    Element.inflateWidget (package:flutter/src/widgets/framework.dart:4590:20)
#303    Element.updateChild (package:flutter/src/widgets/framework.dart:4059:18)
#304    ComponentElement.performRebuild (package:flutter/src/widgets/framework.dart:5844:16)
#305    StatefulElement.performRebuild (package:flutter/src/widgets/framework.dart:5985:11)
#306    Element.rebuild (package:flutter/src/widgets/framework.dart:5532:7)
#307    ComponentElement._firstBuild (package:flutter/src/widgets/framework.dart:5802:5)
#308    StatefulElement._firstBuild (package:flutter/src/widgets/framework.dart:5976:11)
#309    ComponentElement.mount (package:flutter/src/widgets/framework.dart:5796:5)
#310    Element.inflateWidget (package:flutter/src/widgets/framework.dart:4590:20)
#311    Element.updateChild (package:flutter/src/widgets/framework.dart:4059:18)
#312    ComponentElement.performRebuild (package:flutter/src/widgets/framework.dart:5844:16)
#313    StatefulElement.performRebuild (package:flutter/src/widgets/framework.dart:5985:11)
#314    Element.rebuild (package:flutter/src/widgets/framework.dart:5532:7)
#315    ComponentElement._firstBuild (package:flutter/src/widgets/framework.dart:5802:5)
#316    StatefulElement._firstBuild (package:flutter/src/widgets/framework.dart:5976:11)
#317    ComponentElement.mount (package:flutter/src/widgets/framework.dart:5796:5)
#318    Element.inflateWidget (package:flutter/src/widgets/framework.dart:4590:20)
#319    Element.updateChild (package:flutter/src/widgets/framework.dart:4059:18)
#320    SingleChildRenderObjectElement.mount (package:flutter/src/widgets/framework.dart:7118:14)
#321    Element.inflateWidget (package:flutter/src/widgets/framework.dart:4590:20)
#322    Element.updateChild (package:flutter/src/widgets/framework.dart:4059:18)
#323    SingleChildRenderObjectElement.mount (package:flutter/src/widgets/framework.dart:7118:14)
#324    Element.inflateWidget (package:flutter/src/widgets/framework.dart:4590:20)
#325    Element.updateChild (package:flutter/src/widgets/framework.dart:4059:18)
#326    ComponentElement.performRebuild (package:flutter/src/widgets/framework.dart:5844:16)
#327    Element.rebuild (package:flutter/src/widgets/framework.dart:5532:7)
#328    ComponentElement._firstBuild (package:flutter/src/widgets/framework.dart:5802:5)
#329    ComponentElement.mount (package:flutter/src/widgets/framework.dart:5796:5)
#330    Element.inflateWidget (package:flutter/src/widgets/framework.dart:4590:20)
#331    Element.updateChild (package:flutter/src/widgets/framework.dart:4059:18)
#332    ComponentElement.performRebuild (package:flutter/src/widgets/framework.dart:5844:16)
#333    Element.rebuild (package:flutter/src/widgets/framework.dart:5532:7)
#334    ComponentElement._firstBuild (package:flutter/src/widgets/framework.dart:5802:5)
#335    ComponentElement.mount (package:flutter/src/widgets/framework.dart:5796:5)
#336    Element.inflateWidget (package:flutter/src/widgets/framework.dart:4590:20)
#337    Element.updateChild (package:flutter/src/widgets/framework.dart:4059:18)
#338    ComponentElement.performRebuild (package:flutter/src/widgets/framework.dart:5844:16)
#339    StatefulElement.performRebuild (package:flutter/src/widgets/framework.dart:5985:11)
#340    Element.rebuild (package:flutter/src/widgets/framework.dart:5532:7)
#341    ComponentElement._firstBuild (package:flutter/src/widgets/framework.dart:5802:5)
#342    StatefulElement._firstBuild (package:flutter/src/widgets/framework.dart:5976:11)
#343    ComponentElement.mount (package:flutter/src/widgets/framework.dart:5796:5)
#344    Element.inflateWidget (package:flutter/src/widgets/framework.dart:4590:20)
#345    Element.updateChild (package:flutter/src/widgets/framework.dart:4059:18)
#346    ComponentElement.performRebuild (package:flutter/src/widgets/framework.dart:5844:16)
#347    Element.rebuild (package:flutter/src/widgets/framework.dart:5532:7)
#348    ComponentElement._firstBuild (package:flutter/src/widgets/framework.dart:5802:5)
#349    ComponentElement.mount (package:flutter/src/widgets/framework.dart:5796:5)
#350    Element.inflateWidget (package:flutter/src/widgets/framework.dart:4590:20)
#351    Element.updateChild (package:flutter/src/widgets/framework.dart:4059:18)
#352    SingleChildRenderObjectElement.mount (package:flutter/src/widgets/framework.dart:7118:14)
#353    Element.inflateWidget (package:flutter/src/widgets/framework.dart:4590:20)
#354    Element.updateChild (package:flutter/src/widgets/framework.dart:4059:18)
#355    ComponentElement.performRebuild (package:flutter/src/widgets/framework.dart:5844:16)
#356    StatefulElement.performRebuild (package:flutter/src/widgets/framework.dart:5985:11)
#357    Element.rebuild (package:flutter/src/widgets/framework.dart:5532:7)
#358    ComponentElement._firstBuild (package:flutter/src/widgets/framework.dart:5802:5)
#359    StatefulElement._firstBuild (package:flutter/src/widgets/framework.dart:5976:11)
#360    ComponentElement.mount (package:flutter/src/widgets/framework.dart:5796:5)
#361    Element.inflateWidget (package:flutter/src/widgets/framework.dart:4590:20)
#362    Element.updateChild (package:flutter/src/widgets/framework.dart:4059:18)
#363    ComponentElement.performRebuild (package:flutter/src/widgets/framework.dart:5844:16)
#364    Element.rebuild (package:flutter/src/widgets/framework.dart:5532:7)
#365    ComponentElement._firstBuild (package:flutter/src/widgets/framework.dart:5802:5)
#366    ComponentElement.mount (package:flutter/src/widgets/framework.dart:5796:5)
#367    Element.inflateWidget (package:flutter/src/widgets/framework.dart:4590:20)
#368    Element.updateChild (package:flutter/src/widgets/framework.dart:4059:18)
#369    ComponentElement.performRebuild (package:flutter/src/widgets/framework.dart:5844:16)
#370    Element.rebuild (package:flutter/src/widgets/framework.dart:5532:7)
#371    ComponentElement._firstBuild (package:flutter/src/widgets/framework.dart:5802:5)
#372    ComponentElement.mount (package:flutter/src/widgets/framework.dart:5796:5)
#373    Element.inflateWidget (package:flutter/src/widgets/framework.dart:4590:20)
#374    Element.updateChild (package:flutter/src/widgets/framework.dart:4059:18)
#375    ComponentElement.performRebuild (package:flutter/src/widgets/framework.dart:5844:16)
#376    StatefulElement.performRebuild (package:flutter/src/widgets/framework.dart:5985:11)
#377    Element.rebuild (package:flutter/src/widgets/framework.dart:5532:7)
#378    ComponentElement._firstBuild (package:flutter/src/widgets/framework.dart:5802:5)
#379    StatefulElement._firstBuild (package:flutter/src/widgets/framework.dart:5976:11)
#380    ComponentElement.mount (package:flutter/src/widgets/framework.dart:5796:5)
#381    Element.inflateWidget (package:flutter/src/widgets/framework.dart:4590:20)
#382    Element.updateChild (package:flutter/src/widgets/framework.dart:4059:18)
#383    ComponentElement.performRebuild (package:flutter/src/widgets/framework.dart:5844:16)
#384    Element.rebuild (package:flutter/src/widgets/framework.dart:5532:7)
#385    ComponentElement._firstBuild (package:flutter/src/widgets/framework.dart:5802:5)
#386    ComponentElement.mount (package:flutter/src/widgets/framework.dart:5796:5)
#387    Element.inflateWidget (package:flutter/src/widgets/framework.dart:4590:20)
#388    Element.updateChild (package:flutter/src/widgets/framework.dart:4059:18)
#389    ComponentElement.performRebuild (package:flutter/src/widgets/framework.dart:5844:16)
#390    Element.rebuild (package:flutter/src/widgets/framework.dart:5532:7)
#391    ComponentElement._firstBuild (package:flutter/src/widgets/framework.dart:5802:5)
#392    ComponentElement.mount (package:flutter/src/widgets/framework.dart:5796:5)
#393    Element.inflateWidget (package:flutter/src/widgets/framework.dart:4590:20)
#394    Element.updateChild (package:flutter/src/widgets/framework.dart:4059:18)
#395    ComponentElement.performRebuild (package:flutter/src/widgets/framework.dart:5844:16)
#396    Element.rebuild (package:flutter/src/widgets/framework.dart:5532:7)
#397    ComponentElement._firstBuild (package:flutter/src/widgets/framework.dart:5802:5)
#398    ComponentElement.mount (package:flutter/src/widgets/framework.dart:5796:5)
#399    Element.inflateWidget (package:flutter/src/widgets/framework.dart:4590:20)
#400    Element.updateChild (package:flutter/src/widgets/framework.dart:4059:18)
#401    ComponentElement.performRebuild (package:flutter/src/widgets/framework.dart:5844:16)
#402    Element.rebuild (package:flutter/src/widgets/framework.dart:5532:7)
#403    ComponentElement._firstBuild (package:flutter/src/widgets/framework.dart:5802:5)
#404    ComponentElement.mount (package:flutter/src/widgets/framework.dart:5796:5)
#405    Element.inflateWidget (package:flutter/src/widgets/framework.dart:4590:20)
#406    Element.updateChild (package:flutter/src/widgets/framework.dart:4059:18)
#407    ComponentElement.performRebuild (package:flutter/src/widgets/framework.dart:5844:16)
#408    Element.rebuild (package:flutter/src/widgets/framework.dart:5532:7)
#409    ComponentElement._firstBuild (package:flutter/src/widgets/framework.dart:5802:5)
#410    ComponentElement.mount (package:flutter/src/widgets/framework.dart:5796:5)
#411    Element.inflateWidget (package:flutter/src/widgets/framework.dart:4590:20)
#412    Element.updateChild (package:flutter/src/widgets/framework.dart:4059:18)
#413    ComponentElement.performRebuild (package:flutter/src/widgets/framework.dart:5844:16)
#414    Element.rebuild (package:flutter/src/widgets/framework.dart:5532:7)
#415    ComponentElement._firstBuild (package:flutter/src/widgets/framework.dart:5802:5)
#416    ComponentElement.mount (package:flutter/src/widgets/framework.dart:5796:5)
#417    Element.inflateWidget (package:flutter/src/widgets/framework.dart:4590:20)
#418    Element.updateChild (package:flutter/src/widgets/framework.dart:4059:18)
#419    ComponentElement.performRebuild (package:flutter/src/widgets/framework.dart:5844:16)
#420    Element.rebuild (package:flutter/src/widgets/framework.dart:5532:7)
#421    ComponentElement._firstBuild (package:flutter/src/widgets/framework.dart:5802:5)
#422    ComponentElement.mount (package:flutter/src/widgets/framework.dart:5796:5)
#423    Element.inflateWidget (package:flutter/src/widgets/framework.dart:4590:20)
#424    Element.updateChild (package:flutter/src/widgets/framework.dart:4059:18)
#425    ComponentElement.performRebuild (package:flutter/src/widgets/framework.dart:5844:16)
#426    StatefulElement.performRebuild (package:flutter/src/widgets/framework.dart:5985:11)
#427    Element.rebuild (package:flutter/src/widgets/framework.dart:5532:7)
#428    ComponentElement._firstBuild (package:flutter/src/widgets/framework.dart:5802:5)
#429    StatefulElement._firstBuild (package:flutter/src/widgets/framework.dart:5976:11)
#430    ComponentElement.mount (package:flutter/src/widgets/framework.dart:5796:5)
#431    Element.inflateWidget (package:flutter/src/widgets/framework.dart:4590:20)
#432    Element.updateChild (package:flutter/src/widgets/framework.dart:4059:18)
#433    ComponentElement.performRebuild (package:flutter/src/widgets/framework.dart:5844:16)
#434    Element.rebuild (package:flutter/src/widgets/framework.dart:5532:7)
#435    ComponentElement._firstBuild (package:flutter/src/widgets/framework.dart:5802:5)
#436    ComponentElement.mount (package:flutter/src/widgets/framework.dart:5796:5)
#437    Element.inflateWidget (package:flutter/src/widgets/framework.dart:4590:20)
#438    Element.updateChild (package:flutter/src/widgets/framework.dart:4059:18)
#439    ComponentElement.performRebuild (package:flutter/src/widgets/framework.dart:5844:16)
#440    Element.rebuild (package:flutter/src/widgets/framework.dart:5532:7)
#441    ComponentElement._firstBuild (package:flutter/src/widgets/framework.dart:5802:5)
#442    ComponentElement.mount (package:flutter/src/widgets/framework.dart:5796:5)
#443    Element.inflateWidget (package:flutter/src/widgets/framework.dart:4590:20)
#444    Element.updateChild (package:flutter/src/widgets/framework.dart:4059:18)
#445    ComponentElement.performRebuild (package:flutter/src/widgets/framework.dart:5844:16)
#446    StatefulElement.performRebuild (package:flutter/src/widgets/framework.dart:5985:11)
#447    Element.rebuild (package:flutter/src/widgets/framework.dart:5532:7)
#448    ComponentElement._firstBuild (package:flutter/src/widgets/framework.dart:5802:5)
#449    StatefulElement._firstBuild (package:flutter/src/widgets/framework.dart:5976:11)
#450    ComponentElement.mount (package:flutter/src/widgets/framework.dart:5796:5)
#451    Element.inflateWidget (package:flutter/src/widgets/framework.dart:4590:20)
#452    Element.updateChild (package:flutter/src/widgets/framework.dart:4059:18)
#453    SingleChildRenderObjectElement.mount (package:flutter/src/widgets/framework.dart:7118:14)
#454    Element.inflateWidget (package:flutter/src/widgets/framework.dart:4590:20)
#455    Element.updateChild (package:flutter/src/widgets/framework.dart:4059:18)
#456    ComponentElement.performRebuild (package:flutter/src/widgets/framework.dart:5844:16)
#457    StatefulElement.performRebuild (package:flutter/src/widgets/framework.dart:5985:11)
#458    Element.rebuild (package:flutter/src/widgets/framework.dart:5532:7)
#459    ComponentElement._firstBuild (package:flutter/src/widgets/framework.dart:5802:5)
#460    StatefulElement._firstBuild (package:flutter/src/widgets/framework.dart:5976:11)
#461    ComponentElement.mount (package:flutter/src/widgets/framework.dart:5796:5)
#462    Element.inflateWidget (package:flutter/src/widgets/framework.dart:4590:20)
#463    Element.updateChild (package:flutter/src/widgets/framework.dart:4059:18)
#464    ComponentElement.performRebuild (package:flutter/src/widgets/framework.dart:5844:16)
#465    Element.rebuild (package:flutter/src/widgets/framework.dart:5532:7)
#466    ComponentElement._firstBuild (package:flutter/src/widgets/framework.dart:5802:5)
#467    ComponentElement.mount (package:flutter/src/widgets/framework.dart:5796:5)
#468    Element.inflateWidget (package:flutter/src/widgets/framework.dart:4590:20)
#469    Element.updateChild (package:flutter/src/widgets/framework.dart:4059:18)
#470    ComponentElement.performRebuild (package:flutter/src/widgets/framework.dart:5844:16)
#471    Element.rebuild (package:flutter/src/widgets/framework.dart:5532:7)
#472    ComponentElement._firstBuild (package:flutter/src/widgets/framework.dart:5802:5)
#473    ComponentElement.mount (package:flutter/src/widgets/framework.dart:5796:5)
#474    Element.inflateWidget (package:flutter/src/widgets/framework.dart:4590:20)
#475    Element.updateChild (package:flutter/src/widgets/framework.dart:4059:18)
#476    ComponentElement.performRebuild (package:flutter/src/widgets/framework.dart:5844:16)
#477    Element.rebuild (package:flutter/src/widgets/framework.dart:5532:7)
#478    ComponentElement._firstBuild (package:flutter/src/widgets/framework.dart:5802:5)
#479    ComponentElement.mount (package:flutter/src/widgets/framework.dart:5796:5)
#480    Element.inflateWidget (package:flutter/src/widgets/framework.dart:4590:20)
#481    Element.updateChild (package:flutter/src/widgets/framework.dart:4059:18)
#482    ComponentElement.performRebuild (package:flutter/src/widgets/framework.dart:5844:16)
#483    Element.rebuild (package:flutter/src/widgets/framework.dart:5532:7)
#484    ComponentElement._firstBuild (package:flutter/src/widgets/framework.dart:5802:5)
#485    ComponentElement.mount (package:flutter/src/widgets/framework.dart:5796:5)
#486    Element.inflateWidget (package:flutter/src/widgets/framework.dart:4590:20)
#487    Element.updateChild (package:flutter/src/widgets/framework.dart:4059:18)
#488    SingleChildRenderObjectElement.mount (package:flutter/src/widgets/framework.dart:7118:14)
#489    Element.inflateWidget (package:flutter/src/widgets/framework.dart:4590:20)
#490    Element.updateChild (package:flutter/src/widgets/framework.dart:4059:18)
#491    ComponentElement.performRebuild (package:flutter/src/widgets/framework.dart:5844:16)
#492    StatefulElement.performRebuild (package:flutter/src/widgets/framework.dart:5985:11)
#493    Element.rebuild (package:flutter/src/widgets/framework.dart:5532:7)
#494    ComponentElement._firstBuild (package:flutter/src/widgets/framework.dart:5802:5)
#495    StatefulElement._firstBuild (package:flutter/src/widgets/framework.dart:5976:11)
#496    ComponentElement.mount (package:flutter/src/widgets/framework.dart:5796:5)
#497    Element.inflateWidget (package:flutter/src/widgets/framework.dart:4590:20)
#498    Element.updateChild (package:flutter/src/widgets/framework.dart:4059:18)
#499    ComponentElement.performRebuild (package:flutter/src/widgets/framework.dart:5844:16)
#500    StatefulElement.performRebuild (package:flutter/src/widgets/framework.dart:5985:11)
#501    Element.rebuild (package:flutter/src/widgets/framework.dart:5532:7)
#502    ComponentElement._firstBuild (package:flutter/src/widgets/framework.dart:5802:5)
#503    StatefulElement._firstBuild (package:flutter/src/widgets/framework.dart:5976:11)
#504    ComponentElement.mount (package:flutter/src/widgets/framework.dart:5796:5)
#505    Element.inflateWidget (package:flutter/src/widgets/framework.dart:4590:20)
#506    Element.updateChild (package:flutter/src/widgets/framework.dart:4059:18)
#507    SingleChildRenderObjectElement.mount (package:flutter/src/widgets/framework.dart:7118:14)
#508    Element.inflateWidget (package:flutter/src/widgets/framework.dart:4590:20)
#509    Element.updateChild (package:flutter/src/widgets/framework.dart:4059:18)
#510    ComponentElement.performRebuild (package:flutter/src/widgets/framework.dart:5844:16)
#511    Element.rebuild (package:flutter/src/widgets/framework.dart:5532:7)
#512    ComponentElement._firstBuild (package:flutter/src/widgets/framework.dart:5802:5)
#513    ComponentElement.mount (package:flutter/src/widgets/framework.dart:5796:5)
#514    Element.inflateWidget (package:flutter/src/widgets/framework.dart:4590:20)
#515    Element.updateChild (package:flutter/src/widgets/framework.dart:4059:18)
#516    ComponentElement.performRebuild (package:flutter/src/widgets/framework.dart:5844:16)
#517    StatefulElement.performRebuild (package:flutter/src/widgets/framework.dart:5985:11)
#518    Element.rebuild (package:flutter/src/widgets/framework.dart:5532:7)
#519    ComponentElement._firstBuild (package:flutter/src/widgets/framework.dart:5802:5)
#520    StatefulElement._firstBuild (package:flutter/src/widgets/framework.dart:5976:11)
#521    ComponentElement.mount (package:flutter/src/widgets/framework.dart:5796:5)
#522    Element.inflateWidget (package:flutter/src/widgets/framework.dart:4590:20)
#523    Element.updateChild (package:flutter/src/widgets/framework.dart:4059:18)
#524    ComponentElement.performRebuild (package:flutter/src/widgets/framework.dart:5844:16)
#525    StatefulElement.performRebuild (package:flutter/src/widgets/framework.dart:5985:11)
#526    Element.rebuild (package:flutter/src/widgets/framework.dart:5532:7)
#527    ComponentElement._firstBuild (package:flutter/src/widgets/framework.dart:5802:5)
#528    StatefulElement._firstBuild (package:flutter/src/widgets/framework.dart:5976:11)
#529    ComponentElement.mount (package:flutter/src/widgets/framework.dart:5796:5)
#530    Element.inflateWidget (package:flutter/src/widgets/framework.dart:4590:20)
#531    Element.updateChild (package:flutter/src/widgets/framework.dart:4059:18)
#532    ComponentElement.performRebuild (package:flutter/src/widgets/framework.dart:5844:16)
#533    Element.rebuild (package:flutter/src/widgets/framework.dart:5532:7)
#534    ComponentElement._firstBuild (package:flutter/src/widgets/framework.dart:5802:5)
#535    ComponentElement.mount (package:flutter/src/widgets/framework.dart:5796:5)
#536    Element.inflateWidget (package:flutter/src/widgets/framework.dart:4590:20)
#537    Element.updateChild (package:flutter/src/widgets/framework.dart:4059:18)
#538    ComponentElement.performRebuild (package:flutter/src/widgets/framework.dart:5844:16)
#539    StatefulElement.performRebuild (package:flutter/src/widgets/framework.dart:5985:11)
#540    Element.rebuild (package:flutter/src/widgets/framework.dart:5532:7)
#541    ComponentElement._firstBuild (package:flutter/src/widgets/framework.dart:5802:5)
#542    StatefulElement._firstBuild (package:flutter/src/widgets/framework.dart:5976:11)
#543    ComponentElement.mount (package:flutter/src/widgets/framework.dart:5796:5)
#544    Element.inflateWidget (package:flutter/src/widgets/framework.dart:4590:20)
#545    Element.updateChild (package:flutter/src/widgets/framework.dart:4059:18)
#546    SingleChildRenderObjectElement.mount (package:flutter/src/widgets/framework.dart:7118:14)
#547    Element.inflateWidget (package:flutter/src/widgets/framework.dart:4590:20)
#548    Element.updateChild (package:flutter/src/widgets/framework.dart:4059:18)
#549    ComponentElement.performRebuild (package:flutter/src/widgets/framework.dart:5844:16)
#550    Element.rebuild (package:flutter/src/widgets/framework.dart:5532:7)
#551    ComponentElement._firstBuild (package:flutter/src/widgets/framework.dart:5802:5)
#552    ComponentElement.mount (package:flutter/src/widgets/framework.dart:5796:5)
#553    Element.inflateWidget (package:flutter/src/widgets/framework.dart:4590:20)
#554    Element.updateChild (package:flutter/src/widgets/framework.dart:4059:18)
#555    ComponentElement.performRebuild (package:flutter/src/widgets/framework.dart:5844:16)
#556    StatefulElement.performRebuild (package:flutter/src/widgets/framework.dart:5985:11)
#557    Element.rebuild (package:flutter/src/widgets/framework.dart:5532:7)
#558    ComponentElement._firstBuild (package:flutter/src/widgets/framework.dart:5802:5)
#559    StatefulElement._firstBuild (package:flutter/src/widgets/framework.dart:5976:11)
#560    ComponentElement.mount (package:flutter/src/widgets/framework.dart:5796:5)
#561    Element.inflateWidget (package:flutter/src/widgets/framework.dart:4590:20)
#562    Element.updateChild (package:flutter/src/widgets/framework.dart:4059:18)
#563    ComponentElement.performRebuild (package:flutter/src/widgets/framework.dart:5844:16)
#564    StatefulElement.performRebuild (package:flutter/src/widgets/framework.dart:5985:11)
#565    Element.rebuild (package:flutter/src/widgets/framework.dart:5532:7)
#566    ComponentElement._firstBuild (package:flutter/src/widgets/framework.dart:5802:5)
#567    StatefulElement._firstBuild (package:flutter/src/widgets/framework.dart:5976:11)
#568    ComponentElement.mount (package:flutter/src/widgets/framework.dart:5796:5)
#569    Element.inflateWidget (package:flutter/src/widgets/framework.dart:4590:20)
#570    Element.updateChild (package:flutter/src/widgets/framework.dart:4059:18)
#571    ComponentElement.performRebuild (package:flutter/src/widgets/framework.dart:5844:16)
#572    Element.rebuild (package:flutter/src/widgets/framework.dart:5532:7)
#573    ComponentElement._firstBuild (package:flutter/src/widgets/framework.dart:5802:5)
#574    ComponentElement.mount (package:flutter/src/widgets/framework.dart:5796:5)
#575    Element.inflateWidget (package:flutter/src/widgets/framework.dart:4590:20)
#576    Element.updateChild (package:flutter/src/widgets/framework.dart:4059:18)
#577    ComponentElement.performRebuild (package:flutter/src/widgets/framework.dart:5844:16)
#578    StatefulElement.performRebuild (package:flutter/src/widgets/framework.dart:5985:11)
#579    Element.rebuild (package:flutter/src/widgets/framework.dart:5532:7)
#580    ComponentElement._firstBuild (package:flutter/src/widgets/framework.dart:5802:5)
#581    StatefulElement._firstBuild (package:flutter/src/widgets/framework.dart:5976:11)
#582    ComponentElement.mount (package:flutter/src/widgets/framework.dart:5796:5)
#583    Element.inflateWidget (package:flutter/src/widgets/framework.dart:4590:20)
#584    Element.updateChild (package:flutter/src/widgets/framework.dart:4059:18)
#585    SingleChildRenderObjectElement.mount (package:flutter/src/widgets/framework.dart:7118:14)
#586    Element.inflateWidget (package:flutter/src/widgets/framework.dart:4590:20)
#587    Element.updateChild (package:flutter/src/widgets/framework.dart:4059:18)
#588    ComponentElement.performRebuild (package:flutter/src/widgets/framework.dart:5844:16)
#589    Element.rebuild (package:flutter/src/widgets/framework.dart:5532:7)
#590    ComponentElement._firstBuild (package:flutter/src/widgets/framework.dart:5802:5)
#591    ComponentElement.mount (package:flutter/src/widgets/framework.dart:5796:5)
#592    Element.inflateWidget (package:flutter/src/widgets/framework.dart:4590:20)
#593    Element.updateChild (package:flutter/src/widgets/framework.dart:4059:18)
#594    ComponentElement.performRebuild (package:flutter/src/widgets/framework.dart:5844:16)
#595    StatefulElement.performRebuild (package:flutter/src/widgets/framework.dart:5985:11)
#596    Element.rebuild (package:flutter/src/widgets/framework.dart:5532:7)
#597    ComponentElement._firstBuild (package:flutter/src/widgets/framework.dart:5802:5)
#598    StatefulElement._firstBuild (package:flutter/src/widgets/framework.dart:5976:11)
#599    ComponentElement.mount (package:flutter/src/widgets/framework.dart:5796:5)
#600    Element.inflateWidget (package:flutter/src/widgets/framework.dart:4590:20)
#601    Element.updateChild (package:flutter/src/widgets/framework.dart:4059:18)
#602    ComponentElement.performRebuild (package:flutter/src/widgets/framework.dart:5844:16)
#603    StatefulElement.performRebuild (package:flutter/src/widgets/framework.dart:5985:11)
#604    Element.rebuild (package:flutter/src/widgets/framework.dart:5532:7)
#605    ComponentElement._firstBuild (package:flutter/src/widgets/framework.dart:5802:5)
#606    StatefulElement._firstBuild (package:flutter/src/widgets/framework.dart:5976:11)
#607    ComponentElement.mount (package:flutter/src/widgets/framework.dart:5796:5)
#608    Element.inflateWidget (package:flutter/src/widgets/framework.dart:4590:20)
#609    Element.updateChild (package:flutter/src/widgets/framework.dart:4059:18)
#610    ComponentElement.performRebuild (package:flutter/src/widgets/framework.dart:5844:16)
#611    Element.rebuild (package:flutter/src/widgets/framework.dart:5532:7)
#612    ComponentElement._firstBuild (package:flutter/src/widgets/framework.dart:5802:5)
#613    ComponentElement.mount (package:flutter/src/widgets/framework.dart:5796:5)
#614    Element.inflateWidget (package:flutter/src/widgets/framework.dart:4590:20)
#615    Element.updateChild (package:flutter/src/widgets/framework.dart:4059:18)
#616    SingleChildRenderObjectElement.mount (package:flutter/src/widgets/framework.dart:7118:14)
#617    Element.inflateWidget (package:flutter/src/widgets/framework.dart:4590:20)
#618    Element.updateChild (package:flutter/src/widgets/framework.dart:4059:18)
#619    ComponentElement.performRebuild (package:flutter/src/widgets/framework.dart:5844:16)
#620    Element.rebuild (package:flutter/src/widgets/framework.dart:5532:7)
#621    ComponentElement._firstBuild (package:flutter/src/widgets/framework.dart:5802:5)
#622    ComponentElement.mount (package:flutter/src/widgets/framework.dart:5796:5)
#623    Element.inflateWidget (package:flutter/src/widgets/framework.dart:4590:20)
#624    Element.updateChild (package:flutter/src/widgets/framework.dart:4059:18)
#625    ComponentElement.performRebuild (package:flutter/src/widgets/framework.dart:5844:16)
#626    StatefulElement.performRebuild (package:flutter/src/widgets/framework.dart:5985:11)
#627    Element.rebuild (package:flutter/src/widgets/framework.dart:5532:7)
#628    ComponentElement._firstBuild (package:flutter/src/widgets/framework.dart:5802:5)
#629    StatefulElement._firstBuild (package:flutter/src/widgets/framework.dart:5976:11)
#630    ComponentElement.mount (package:flutter/src/widgets/framework.dart:5796:5)
#631    Element.inflateWidget (package:flutter/src/widgets/framework.dart:4590:20)
#632    Element.updateChild (package:flutter/src/widgets/framework.dart:4059:18)
#633    ComponentElement.performRebuild (package:flutter/src/widgets/framework.dart:5844:16)
#634    StatefulElement.performRebuild (package:flutter/src/widgets/framework.dart:5985:11)
#635    Element.rebuild (package:flutter/src/widgets/framework.dart:5532:7)
#636    ComponentElement._firstBuild (package:flutter/src/widgets/framework.dart:5802:5)
#637    StatefulElement._firstBuild (package:flutter/src/widgets/framework.dart:5976:11)
#638    ComponentElement.mount (package:flutter/src/widgets/framework.dart:5796:5)
#639    Element.inflateWidget (package:flutter/src/widgets/framework.dart:4590:20)
#640    Element.updateChild (package:flutter/src/widgets/framework.dart:4059:18)
#641    ComponentElement.performRebuild (package:flutter/src/widgets/framework.dart:5844:16)
#642    Element.rebuild (package:flutter/src/widgets/framework.dart:5532:7)
#643    ComponentElement._firstBuild (package:flutter/src/widgets/framework.dart:5802:5)
#644    ComponentElement.mount (package:flutter/src/widgets/framework.dart:5796:5)
#645    Element.inflateWidget (package:flutter/src/widgets/framework.dart:4590:20)
#646    Element.updateChild (package:flutter/src/widgets/framework.dart:4059:18)
#647    ComponentElement.performRebuild (package:flutter/src/widgets/framework.dart:5844:16)
#648    Element.rebuild (package:flutter/src/widgets/framework.dart:5532:7)
#649    ComponentElement._firstBuild (package:flutter/src/widgets/framework.dart:5802:5)
#650    ComponentElement.mount (package:flutter/src/widgets/framework.dart:5796:5)
#651    Element.inflateWidget (package:flutter/src/widgets/framework.dart:4590:20)
#652    Element.updateChild (package:flutter/src/widgets/framework.dart:4059:18)
#653    ComponentElement.performRebuild (package:flutter/src/widgets/framework.dart:5844:16)
#654    StatefulElement.performRebuild (package:flutter/src/widgets/framework.dart:5985:11)
#655    Element.rebuild (package:flutter/src/widgets/framework.dart:5532:7)
#656    ComponentElement._firstBuild (package:flutter/src/widgets/framework.dart:5802:5)
#657    StatefulElement._firstBuild (package:flutter/src/widgets/framework.dart:5976:11)
#658    ComponentElement.mount (package:flutter/src/widgets/framework.dart:5796:5)
#659    Element.inflateWidget (package:flutter/src/widgets/framework.dart:4590:20)
#660    Element.updateChild (package:flutter/src/widgets/framework.dart:4059:18)
#661    ComponentElement.performRebuild (package:flutter/src/widgets/framework.dart:5844:16)
#662    Element.rebuild (package:flutter/src/widgets/framework.dart:5532:7)
#663    ComponentElement._firstBuild (package:flutter/src/widgets/framework.dart:5802:5)
#664    ComponentElement.mount (package:flutter/src/widgets/framework.dart:5796:5)
#665    Element.inflateWidget (package:flutter/src/widgets/framework.dart:4590:20)
#666    Element.updateChild (package:flutter/src/widgets/framework.dart:4059:18)
#667    ComponentElement.performRebuild (package:flutter/src/widgets/framework.dart:5844:16)
#668    StatefulElement.performRebuild (package:flutter/src/widgets/framework.dart:5985:11)
#669    Element.rebuild (package:flutter/src/widgets/framework.dart:5532:7)
#670    ComponentElement._firstBuild (package:flutter/src/widgets/framework.dart:5802:5)
#671    StatefulElement._firstBuild (package:flutter/src/widgets/framework.dart:5976:11)
#672    ComponentElement.mount (package:flutter/src/widgets/framework.dart:5796:5)
#673    Element.inflateWidget (package:flutter/src/widgets/framework.dart:4590:20)
#674    Element.updateChild (package:flutter/src/widgets/framework.dart:4059:18)
#675    ComponentElement.performRebuild (package:flutter/src/widgets/framework.dart:5844:16)
#676    Element.rebuild (package:flutter/src/widgets/framework.dart:5532:7)
#677    ComponentElement._firstBuild (package:flutter/src/widgets/framework.dart:5802:5)
#678    ComponentElement.mount (package:flutter/src/widgets/framework.dart:5796:5)
#679    Element.inflateWidget (package:flutter/src/widgets/framework.dart:4590:20)
#680    Element.updateChild (package:flutter/src/widgets/framework.dart:4059:18)
#681    ComponentElement.performRebuild (package:flutter/src/widgets/framework.dart:5844:16)
#682    StatefulElement.performRebuild (package:flutter/src/widgets/framework.dart:5985:11)
#683    Element.rebuild (package:flutter/src/widgets/framework.dart:5532:7)
#684    ComponentElement._firstBuild (package:flutter/src/widgets/framework.dart:5802:5)
#685    StatefulElement._firstBuild (package:flutter/src/widgets/framework.dart:5976:11)
#686    ComponentElement.mount (package:flutter/src/widgets/framework.dart:5796:5)
#687    Element.inflateWidget (package:flutter/src/widgets/framework.dart:4590:20)
#688    Element.updateChild (package:flutter/src/widgets/framework.dart:4059:18)
#689    ComponentElement.performRebuild (package:flutter/src/widgets/framework.dart:5844:16)
#690    StatefulElement.performRebuild (package:flutter/src/widgets/framework.dart:5985:11)
#691    Element.rebuild (package:flutter/src/widgets/framework.dart:5532:7)
#692    ComponentElement._firstBuild (package:flutter/src/widgets/framework.dart:5802:5)
#693    StatefulElement._firstBuild (package:flutter/src/widgets/framework.dart:5976:11)
#694    ComponentElement.mount (package:flutter/src/widgets/framework.dart:5796:5)
#695    Element.inflateWidget (package:flutter/src/widgets/framework.dart:4590:20)
#696    Element.updateChild (package:flutter/src/widgets/framework.dart:4059:18)
#697    SingleChildRenderObjectElement.mount (package:flutter/src/widgets/framework.dart:7118:14)
#698    Element.inflateWidget (package:flutter/src/widgets/framework.dart:4590:20)
#699    Element.updateChild (package:flutter/src/widgets/framework.dart:4059:18)
#700    ComponentElement.performRebuild (package:flutter/src/widgets/framework.dart:5844:16)
#701    Element.rebuild (package:flutter/src/widgets/framework.dart:5532:7)
#702    ComponentElement._firstBuild (package:flutter/src/widgets/framework.dart:5802:5)
#703    ComponentElement.mount (package:flutter/src/widgets/framework.dart:5796:5)
#704    Element.inflateWidget (package:flutter/src/widgets/framework.dart:4590:20)
#705    Element.updateChild (package:flutter/src/widgets/framework.dart:4059:18)
#706    ComponentElement.performRebuild (package:flutter/src/widgets/framework.dart:5844:16)
#707    StatefulElement.performRebuild (package:flutter/src/widgets/framework.dart:5985:11)
#708    Element.rebuild (package:flutter/src/widgets/framework.dart:5532:7)
#709    ComponentElement._firstBuild (package:flutter/src/widgets/framework.dart:5802:5)
#710    StatefulElement._firstBuild (package:flutter/src/widgets/framework.dart:5976:11)
#711    ComponentElement.mount (package:flutter/src/widgets/framework.dart:5796:5)
#712    Element.inflateWidget (package:flutter/src/widgets/framework.dart:4590:20)
#713    Element.updateChild (package:flutter/src/widgets/framework.dart:4059:18)
#714    ComponentElement.performRebuild (package:flutter/src/widgets/framework.dart:5844:16)
#715    Element.rebuild (package:flutter/src/widgets/framework.dart:5532:7)
#716    ComponentElement._firstBuild (package:flutter/src/widgets/framework.dart:5802:5)
#717    ComponentElement.mount (package:flutter/src/widgets/framework.dart:5796:5)
#718    Element.inflateWidget (package:flutter/src/widgets/framework.dart:4590:20)
#719    Element.updateChild (package:flutter/src/widgets/framework.dart:4059:18)
#720    ComponentElement.performRebuild (package:flutter/src/widgets/framework.dart:5844:16)
#721    Element.rebuild (package:flutter/src/widgets/framework.dart:5532:7)
#722    ComponentElement._firstBuild (package:flutter/src/widgets/framework.dart:5802:5)
#723    ComponentElement.mount (package:flutter/src/widgets/framework.dart:5796:5)
#724    Element.inflateWidget (package:flutter/src/widgets/framework.dart:4590:20)
#725    Element.updateChild (package:flutter/src/widgets/framework.dart:4059:18)
#726    ComponentElement.performRebuild (package:flutter/src/widgets/framework.dart:5844:16)
#727    StatefulElement.performRebuild (package:flutter/src/widgets/framework.dart:5985:11)
#728    Element.rebuild (package:flutter/src/widgets/framework.dart:5532:7)
#729    ComponentElement._firstBuild (package:flutter/src/widgets/framework.dart:5802:5)
#730    StatefulElement._firstBuild (package:flutter/src/widgets/framework.dart:5976:11)
#731    ComponentElement.mount (package:flutter/src/widgets/framework.dart:5796:5)
#732    Element.inflateWidget (package:flutter/src/widgets/framework.dart:4590:20)
#733    Element.updateChild (package:flutter/src/widgets/framework.dart:4053:20)
#734    ComponentElement.performRebuild (package:flutter/src/widgets/framework.dart:5844:16)
#735    Element.rebuild (package:flutter/src/widgets/framework.dart:5532:7)
#736    ProxyElement.update (package:flutter/src/widgets/framework.dart:6152:5)
#737    _InheritedNotifierElement.update (package:flutter/src/widgets/inherited_notifier.dart:108:11)
#738    Element.updateChild (package:flutter/src/widgets/framework.dart:4037:15)
#739    ComponentElement.performRebuild (package:flutter/src/widgets/framework.dart:5844:16)
#740    StatefulElement.performRebuild (package:flutter/src/widgets/framework.dart:5985:11)
#741    Element.rebuild (package:flutter/src/widgets/framework.dart:5532:7)
#742    StatefulElement.update (package:flutter/src/widgets/framework.dart:6010:5)
#743    Element.updateChild (package:flutter/src/widgets/framework.dart:4037:15)
#744    ComponentElement.performRebuild (package:flutter/src/widgets/framework.dart:5844:16)
#745    Element.rebuild (package:flutter/src/widgets/framework.dart:5532:7)
#746    ProxyElement.update (package:flutter/src/widgets/framework.dart:6152:5)
#747    _InheritedNotifierElement.update (package:flutter/src/widgets/inherited_notifier.dart:108:11)
#748    Element.updateChild (package:flutter/src/widgets/framework.dart:4037:15)
#749    ComponentElement.performRebuild (package:flutter/src/widgets/framework.dart:5844:16)
#750    StatefulElement.performRebuild (package:flutter/src/widgets/framework.dart:5985:11)
#751    Element.rebuild (package:flutter/src/widgets/framework.dart:5532:7)
#752    StatefulElement.update (package:flutter/src/widgets/framework.dart:6010:5)
#753    Element.updateChild (package:flutter/src/widgets/framework.dart:4037:15)
#754    ComponentElement.performRebuild (package:flutter/src/widgets/framework.dart:5844:16)
#755    StatefulElement.performRebuild (package:flutter/src/widgets/framework.dart:5985:11)
#756    Element.rebuild (package:flutter/src/widgets/framework.dart:5532:7)
#757    StatefulElement.update (package:flutter/src/widgets/framework.dart:6010:5)
#758    Element.updateChild (package:flutter/src/widgets/framework.dart:4037:15)
#759    ComponentElement.performRebuild (package:flutter/src/widgets/framework.dart:5844:16)
#760    Element.rebuild (package:flutter/src/widgets/framework.dart:5532:7)
#761    ProxyElement.update (package:flutter/src/widgets/framework.dart:6152:5)
#762    Element.updateChild (package:flutter/src/widgets/framework.dart:4037:15)
#763    ComponentElement.performRebuild (package:flutter/src/widgets/framework.dart:5844:16)
#764    StatefulElement.performRebuild (package:flutter/src/widgets/framework.dart:5985:11)
#765    Element.rebuild (package:flutter/src/widgets/framework.dart:5532:7)
#766    StatefulElement.update (package:flutter/src/widgets/framework.dart:6010:5)
#767    Element.updateChild (package:flutter/src/widgets/framework.dart:4037:15)
#768    ComponentElement.performRebuild (package:flutter/src/widgets/framework.dart:5844:16)
#769    Element.rebuild (package:flutter/src/widgets/framework.dart:5532:7)
#770    ProxyElement.update (package:flutter/src/widgets/framework.dart:6152:5)
#771    Element.updateChild (package:flutter/src/widgets/framework.dart:4037:15)
#772    ComponentElement.performRebuild (package:flutter/src/widgets/framework.dart:5844:16)
#773    Element.rebuild (package:flutter/src/widgets/framework.dart:5532:7)
#774    ProxyElement.update (package:flutter/src/widgets/framework.dart:6152:5)
#775    Element.updateChild (package:flutter/src/widgets/framework.dart:4037:15)
#776    _RawViewElement._updateChild (package:flutter/src/widgets/view.dart:481:16)
#777    _RawViewElement.update (package:flutter/src/widgets/view.dart:568:5)
#778    Element.updateChild (package:flutter/src/widgets/framework.dart:4037:15)
#779    ComponentElement.performRebuild (package:flutter/src/widgets/framework.dart:5844:16)
#780    Element.rebuild (package:flutter/src/widgets/framework.dart:5532:7)
#781    StatelessElement.update (package:flutter/src/widgets/framework.dart:5898:5)
#782    Element.updateChild (package:flutter/src/widgets/framework.dart:4037:15)
#783    ComponentElement.performRebuild (package:flutter/src/widgets/framework.dart:5844:16)
#784    StatefulElement.performRebuild (package:flutter/src/widgets/framework.dart:5985:11)
#785    Element.rebuild (package:flutter/src/widgets/framework.dart:5532:7)
#786    StatefulElement.update (package:flutter/src/widgets/framework.dart:6010:5)
#787    Element.updateChild (package:flutter/src/widgets/framework.dart:4037:15)
#788    RootElement._rebuild (package:flutter/src/widgets/binding.dart:1782:16)
#789    RootElement.update (package:flutter/src/widgets/binding.dart:1760:5)
#790    RootElement.performRebuild (package:flutter/src/widgets/binding.dart:1774:7)
#791    Element.rebuild (package:flutter/src/widgets/framework.dart:5532:7)
#792    BuildScope._tryRebuild (package:flutter/src/widgets/framework.dart:2750:15)
#793    BuildScope._flushDirtyElements (package:flutter/src/widgets/framework.dart:2807:11)
#794    BuildOwner.buildScope (package:flutter/src/widgets/framework.dart:3111:18)
#795    AutomatedTestWidgetsFlutterBinding.drawFrame (package:flutter_test/src/binding.dart:1506:19)
#796    RendererBinding._handlePersistentFrameCallback (package:flutter/src/rendering/binding.dart:495:5)
#797    SchedulerBinding._invokeFrameCallback (package:flutter/src/scheduler/binding.dart:1434:15)
#798    SchedulerBinding.handleDrawFrame (package:flutter/src/scheduler/binding.dart:1347:9)
#799    AutomatedTestWidgetsFlutterBinding.pump.<anonymous closure> (package:flutter_test/src/binding.dart:1335:9)
#800    _rootRun (dart:async/zone.dart:1525:13)
#801    _CustomZone.run (dart:async/zone.dart:1422:19)
#802    TestAsyncUtils.guard (package:flutter_test/src/test_async_utils.dart:74:41)
#803    AutomatedTestWidgetsFlutterBinding.pump (package:flutter_test/src/binding.dart:1324:27)
#804    WidgetTester.pumpWidget.<anonymous closure> (package:flutter_test/src/widget_tester.dart:598:22)
#805    _rootRun (dart:async/zone.dart:1525:13)
#806    _CustomZone.run (dart:async/zone.dart:1422:19)
#807    TestAsyncUtils.guard (package:flutter_test/src/test_async_utils.dart:74:41)
#808    WidgetTester.pumpWidget (package:flutter_test/src/widget_tester.dart:595:27)
#809    main.<anonymous closure> (file:///Users/twang/bible-read/test/pages/home_page_test.dart:1570:18)
#810    testWidgets.<anonymous closure>.<anonymous closure> (package:flutter_test/src/widget_tester.dart:192:29)
<asynchronous suspension>
#811    TestWidgetsFlutterBinding._runTestBody (package:flutter_test/src/binding.dart:1059:5)
<asynchronous suspension>
#812    StackZoneSpecification._registerCallback.<anonymous closure> (package:stack_trace/src/stack_zone_specification.dart:114:42)
<asynchronous suspension>

----------------------------------------------------
Error loading status: [firestore/unknown] null
[firestore/unknown] null
#0      ThrowingDocumentReference.get (file:///Users/twang/bible-read/test/pages/home_page_test.dart:411:5)
#1      ReadingStatusService.fetchStatus (package:bible_read/services/reading_status_service.dart:126:20)
#2      _HomePageState._loadReadStatus (package:bible_read/pages/home_page.dart:153:56)
#3      _HomePageState.initState (package:bible_read/pages/home_page.dart:122:5)
#4      StatefulElement._firstBuild (package:flutter/src/widgets/framework.dart:5953:55)
#5      ComponentElement.mount (package:flutter/src/widgets/framework.dart:5796:5)
#6      Element.inflateWidget (package:flutter/src/widgets/framework.dart:4590:20)
#7      Element.updateChild (package:flutter/src/widgets/framework.dart:4059:18)
#8      SingleChildRenderObjectElement.mount (package:flutter/src/widgets/framework.dart:7118:14)
#9      Element.inflateWidget (package:flutter/src/widgets/framework.dart:4590:20)
#10     Element.updateChild (package:flutter/src/widgets/framework.dart:4059:18)
#11     ComponentElement.performRebuild (package:flutter/src/widgets/framework.dart:5844:16)
#12     Element.rebuild (package:flutter/src/widgets/framework.dart:5532:7)
#13     ComponentElement._firstBuild (package:flutter/src/widgets/framework.dart:5802:5)
#14     ComponentElement.mount (package:flutter/src/widgets/framework.dart:5796:5)
#15     Element.inflateWidget (package:flutter/src/widgets/framework.dart:4590:20)
#16     Element.updateChild (package:flutter/src/widgets/framework.dart:4059:18)
#17     SingleChildRenderObjectElement.mount (package:flutter/src/widgets/framework.dart:7118:14)
#18     Element.inflateWidget (package:flutter/src/widgets/framework.dart:4590:20)
#19     Element.updateChild (package:flutter/src/widgets/framework.dart:4059:18)
#20     SingleChildRenderObjectElement.mount (package:flutter/src/widgets/framework.dart:7118:14)
#21     Element.inflateWidget (package:flutter/src/widgets/framework.dart:4590:20)
#22     Element.updateChild (package:flutter/src/widgets/framework.dart:4059:18)
#23     ComponentElement.performRebuild (package:flutter/src/widgets/framework.dart:5844:16)
#24     StatefulElement.performRebuild (package:flutter/src/widgets/framework.dart:5985:11)
#25     Element.rebuild (package:flutter/src/widgets/framework.dart:5532:7)
#26     ComponentElement._firstBuild (package:flutter/src/widgets/framework.dart:5802:5)
#27     StatefulElement._firstBuild (package:flutter/src/widgets/framework.dart:5976:11)
#28     ComponentElement.mount (package:flutter/src/widgets/framework.dart:5796:5)
#29     Element.inflateWidget (package:flutter/src/widgets/framework.dart:4590:20)
#30     Element.updateChild (package:flutter/src/widgets/framework.dart:4059:18)
#31     SingleChildRenderObjectElement.mount (package:flutter/src/widgets/framework.dart:7118:14)
#32     Element.inflateWidget (package:flutter/src/widgets/framework.dart:4590:20)
#33     Element.updateChild (package:flutter/src/widgets/framework.dart:4059:18)
#34     ComponentElement.performRebuild (package:flutter/src/widgets/framework.dart:5844:16)
#35     StatefulElement.performRebuild (package:flutter/src/widgets/framework.dart:5985:11)
#36     Element.rebuild (package:flutter/src/widgets/framework.dart:5532:7)
#37     ComponentElement._firstBuild (package:flutter/src/widgets/framework.dart:5802:5)
#38     StatefulElement._firstBuild (package:flutter/src/widgets/framework.dart:5976:11)
#39     ComponentElement.mount (package:flutter/src/widgets/framework.dart:5796:5)
#40     Element.inflateWidget (package:flutter/src/widgets/framework.dart:4590:20)
#41     Element.updateChild (package:flutter/src/widgets/framework.dart:4059:18)
#42     SingleChildRenderObjectElement.mount (package:flutter/src/widgets/framework.dart:7118:14)
#43     Element.inflateWidget (package:flutter/src/widgets/framework.dart:4590:20)
#44     Element.updateChild (package:flutter/src/widgets/framework.dart:4059:18)
#45     SingleChildRenderObjectElement.mount (package:flutter/src/widgets/framework.dart:7118:14)
#46     Element.inflateWidget (package:flutter/src/widgets/framework.dart:4590:20)
#47     Element.updateChild (package:flutter/src/widgets/framework.dart:4059:18)
#48     ComponentElement.performRebuild (package:flutter/src/widgets/framework.dart:5844:16)
#49     StatefulElement.performRebuild (package:flutter/src/widgets/framework.dart:5985:11)
#50     Element.rebuild (package:flutter/src/widgets/framework.dart:5532:7)
#51     ComponentElement._firstBuild (package:flutter/src/widgets/framework.dart:5802:5)
#52     StatefulElement._firstBuild (package:flutter/src/widgets/framework.dart:5976:11)
#53     ComponentElement.mount (package:flutter/src/widgets/framework.dart:5796:5)
#54     Element.inflateWidget (package:flutter/src/widgets/framework.dart:4590:20)
#55     Element.updateChild (package:flutter/src/widgets/framework.dart:4059:18)
#56     SingleChildRenderObjectElement.mount (package:flutter/src/widgets/framework.dart:7118:14)
#57     Element.inflateWidget (package:flutter/src/widgets/framework.dart:4590:20)
#58     Element.updateChild (package:flutter/src/widgets/framework.dart:4059:18)
#59     ComponentElement.performRebuild (package:flutter/src/widgets/framework.dart:5844:16)
#60     StatefulElement.performRebuild (package:flutter/src/widgets/framework.dart:5985:11)
#61     Element.rebuild (package:flutter/src/widgets/framework.dart:5532:7)
#62     ComponentElement._firstBuild (package:flutter/src/widgets/framework.dart:5802:5)
#63     StatefulElement._firstBuild (package:flutter/src/widgets/framework.dart:5976:11)
#64     ComponentElement.mount (package:flutter/src/widgets/framework.dart:5796:5)
#65     Element.inflateWidget (package:flutter/src/widgets/framework.dart:4590:20)
#66     Element.updateChild (package:flutter/src/widgets/framework.dart:4059:18)
#67     SingleChildRenderObjectElement.mount (package:flutter/src/widgets/framework.dart:7118:14)
#68     Element.inflateWidget (package:flutter/src/widgets/framework.dart:4590:20)
#69     Element.updateChild (package:flutter/src/widgets/framework.dart:4059:18)
#70     SingleChildRenderObjectElement.mount (package:flutter/src/widgets/framework.dart:7118:14)
#71     Element.inflateWidget (package:flutter/src/widgets/framework.dart:4590:20)
#72     Element.updateChild (package:flutter/src/widgets/framework.dart:4059:18)
#73     ComponentElement.performRebuild (package:flutter/src/widgets/framework.dart:5844:16)
#74     StatefulElement.performRebuild (package:flutter/src/widgets/framework.dart:5985:11)
#75     Element.rebuild (package:flutter/src/widgets/framework.dart:5532:7)
#76     ComponentElement._firstBuild (package:flutter/src/widgets/framework.dart:5802:5)
#77     StatefulElement._firstBuild (package:flutter/src/widgets/framework.dart:5976:11)
#78     ComponentElement.mount (package:flutter/src/widgets/framework.dart:5796:5)
#79     Element.inflateWidget (package:flutter/src/widgets/framework.dart:4590:20)
#80     Element.updateChild (package:flutter/src/widgets/framework.dart:4059:18)
#81     SingleChildRenderObjectElement.mount (package:flutter/src/widgets/framework.dart:7118:14)
#82     Element.inflateWidget (package:flutter/src/widgets/framework.dart:4590:20)
#83     Element.updateChild (package:flutter/src/widgets/framework.dart:4059:18)
#84     SingleChildRenderObjectElement.mount (package:flutter/src/widgets/framework.dart:7118:14)
#85     Element.inflateWidget (package:flutter/src/widgets/framework.dart:4590:20)
#86     Element.updateChild (package:flutter/src/widgets/framework.dart:4059:18)
#87     SingleChildRenderObjectElement.mount (package:flutter/src/widgets/framework.dart:7118:14)
#88     Element.inflateWidget (package:flutter/src/widgets/framework.dart:4590:20)
#89     Element.updateChild (package:flutter/src/widgets/framework.dart:4059:18)
#90     ComponentElement.performRebuild (package:flutter/src/widgets/framework.dart:5844:16)
#91     StatefulElement.performRebuild (package:flutter/src/widgets/framework.dart:5985:11)
#92     Element.rebuild (package:flutter/src/widgets/framework.dart:5532:7)
#93     ComponentElement._firstBuild (package:flutter/src/widgets/framework.dart:5802:5)
#94     StatefulElement._firstBuild (package:flutter/src/widgets/framework.dart:5976:11)
#95     ComponentElement.mount (package:flutter/src/widgets/framework.dart:5796:5)
#96     Element.inflateWidget (package:flutter/src/widgets/framework.dart:4590:20)
#97     Element.updateChild (package:flutter/src/widgets/framework.dart:4059:18)
#98     SingleChildRenderObjectElement.mount (package:flutter/src/widgets/framework.dart:7118:14)
#99     Element.inflateWidget (package:flutter/src/widgets/framework.dart:4590:20)
#100    Element.updateChild (package:flutter/src/widgets/framework.dart:4059:18)
#101    ComponentElement.performRebuild (package:flutter/src/widgets/framework.dart:5844:16)
#102    StatefulElement.performRebuild (package:flutter/src/widgets/framework.dart:5985:11)
#103    Element.rebuild (package:flutter/src/widgets/framework.dart:5532:7)
#104    ComponentElement._firstBuild (package:flutter/src/widgets/framework.dart:5802:5)
#105    StatefulElement._firstBuild (package:flutter/src/widgets/framework.dart:5976:11)
#106    ComponentElement.mount (package:flutter/src/widgets/framework.dart:5796:5)
#107    Element.inflateWidget (package:flutter/src/widgets/framework.dart:4590:20)
#108    Element.updateChild (package:flutter/src/widgets/framework.dart:4059:18)
#109    ComponentElement.performRebuild (package:flutter/src/widgets/framework.dart:5844:16)
#110    Element.rebuild (package:flutter/src/widgets/framework.dart:5532:7)
#111    ComponentElement._firstBuild (package:flutter/src/widgets/framework.dart:5802:5)
#112    ComponentElement.mount (package:flutter/src/widgets/framework.dart:5796:5)
#113    Element.inflateWidget (package:flutter/src/widgets/framework.dart:4590:20)
#114    Element.updateChild (package:flutter/src/widgets/framework.dart:4059:18)
#115    ComponentElement.performRebuild (package:flutter/src/widgets/framework.dart:5844:16)
#116    StatefulElement.performRebuild (package:flutter/src/widgets/framework.dart:5985:11)
#117    Element.rebuild (package:flutter/src/widgets/framework.dart:5532:7)
#118    ComponentElement._firstBuild (package:flutter/src/widgets/framework.dart:5802:5)
#119    StatefulElement._firstBuild (package:flutter/src/widgets/framework.dart:5976:11)
#120    ComponentElement.mount (package:flutter/src/widgets/framework.dart:5796:5)
#121    Element.inflateWidget (package:flutter/src/widgets/framework.dart:4590:20)
#122    Element.updateChild (package:flutter/src/widgets/framework.dart:4059:18)
#123    ComponentElement.performRebuild (package:flutter/src/widgets/framework.dart:5844:16)
#124    StatefulElement.performRebuild (package:flutter/src/widgets/framework.dart:5985:11)
#125    Element.rebuild (package:flutter/src/widgets/framework.dart:5532:7)
#126    ComponentElement._firstBuild (package:flutter/src/widgets/framework.dart:5802:5)
#127    StatefulElement._firstBuild (package:flutter/src/widgets/framework.dart:5976:11)
#128    ComponentElement.mount (package:flutter/src/widgets/framework.dart:5796:5)
#129    Element.inflateWidget (package:flutter/src/widgets/framework.dart:4590:20)
#130    Element.updateChild (package:flutter/src/widgets/framework.dart:4059:18)
#131    ComponentElement.performRebuild (package:flutter/src/widgets/framework.dart:5844:16)
#132    StatefulElement.performRebuild (package:flutter/src/widgets/framework.dart:5985:11)
#133    Element.rebuild (package:flutter/src/widgets/framework.dart:5532:7)
#134    ComponentElement._firstBuild (package:flutter/src/widgets/framework.dart:5802:5)
#135    StatefulElement._firstBuild (package:flutter/src/widgets/framework.dart:5976:11)
#136    ComponentElement.mount (package:flutter/src/widgets/framework.dart:5796:5)
#137    Element.inflateWidget (package:flutter/src/widgets/framework.dart:4590:20)
#138    Element.updateChild (package:flutter/src/widgets/framework.dart:4059:18)
#139    SingleChildRenderObjectElement.mount (package:flutter/src/widgets/framework.dart:7118:14)
#140    Element.inflateWidget (package:flutter/src/widgets/framework.dart:4590:20)
#141    Element.updateChild (package:flutter/src/widgets/framework.dart:4059:18)
#142    ComponentElement.performRebuild (package:flutter/src/widgets/framework.dart:5844:16)
#143    Element.rebuild (package:flutter/src/widgets/framework.dart:5532:7)
#144    ComponentElement._firstBuild (package:flutter/src/widgets/framework.dart:5802:5)
#145    ComponentElement.mount (package:flutter/src/widgets/framework.dart:5796:5)
#146    Element.inflateWidget (package:flutter/src/widgets/framework.dart:4590:20)
#147    Element.updateChild (package:flutter/src/widgets/framework.dart:4059:18)
#148    SingleChildRenderObjectElement.mount (package:flutter/src/widgets/framework.dart:7118:14)
#149    Element.inflateWidget (package:flutter/src/widgets/framework.dart:4590:20)
#150    Element.updateChild (package:flutter/src/widgets/framework.dart:4059:18)
#151    ComponentElement.performRebuild (package:flutter/src/widgets/framework.dart:5844:16)
#152    StatefulElement.performRebuild (package:flutter/src/widgets/framework.dart:5985:11)
#153    Element.rebuild (package:flutter/src/widgets/framework.dart:5532:7)
#154    ComponentElement._firstBuild (package:flutter/src/widgets/framework.dart:5802:5)
#155    StatefulElement._firstBuild (package:flutter/src/widgets/framework.dart:5976:11)
#156    ComponentElement.mount (package:flutter/src/widgets/framework.dart:5796:5)
#157    Element.inflateWidget (package:flutter/src/widgets/framework.dart:4590:20)
#158    Element.updateChild (package:flutter/src/widgets/framework.dart:4059:18)
#159    ComponentElement.performRebuild (package:flutter/src/widgets/framework.dart:5844:16)
#160    Element.rebuild (package:flutter/src/widgets/framework.dart:5532:7)
#161    ComponentElement._firstBuild (package:flutter/src/widgets/framework.dart:5802:5)
#162    ComponentElement.mount (package:flutter/src/widgets/framework.dart:5796:5)
#163    Element.inflateWidget (package:flutter/src/widgets/framework.dart:4590:20)
#164    Element.updateChild (package:flutter/src/widgets/framework.dart:4059:18)
#165    ComponentElement.performRebuild (package:flutter/src/widgets/framework.dart:5844:16)
#166    Element.rebuild (package:flutter/src/widgets/framework.dart:5532:7)
#167    ComponentElement._firstBuild (package:flutter/src/widgets/framework.dart:5802:5)
#168    ComponentElement.mount (package:flutter/src/widgets/framework.dart:5796:5)
#169    Element.inflateWidget (package:flutter/src/widgets/framework.dart:4590:20)
#170    Element.updateChild (package:flutter/src/widgets/framework.dart:4059:18)
#171    ComponentElement.performRebuild (package:flutter/src/widgets/framework.dart:5844:16)
#172    StatefulElement.performRebuild (package:flutter/src/widgets/framework.dart:5985:11)
#173    Element.rebuild (package:flutter/src/widgets/framework.dart:5532:7)
#174    ComponentElement._firstBuild (package:flutter/src/widgets/framework.dart:5802:5)
#175    StatefulElement._firstBuild (package:flutter/src/widgets/framework.dart:5976:11)
#176    ComponentElement.mount (package:flutter/src/widgets/framework.dart:5796:5)
#177    Element.inflateWidget (package:flutter/src/widgets/framework.dart:4590:20)
#178    Element.updateChild (package:flutter/src/widgets/framework.dart:4059:18)
#179    ComponentElement.performRebuild (package:flutter/src/widgets/framework.dart:5844:16)
#180    Element.rebuild (package:flutter/src/widgets/framework.dart:5532:7)
#181    ComponentElement._firstBuild (package:flutter/src/widgets/framework.dart:5802:5)
#182    ComponentElement.mount (package:flutter/src/widgets/framework.dart:5796:5)
#183    Element.inflateWidget (package:flutter/src/widgets/framework.dart:4590:20)
#184    Element.updateChild (package:flutter/src/widgets/framework.dart:4059:18)
#185    ComponentElement.performRebuild (package:flutter/src/widgets/framework.dart:5844:16)
#186    Element.rebuild (package:flutter/src/widgets/framework.dart:5532:7)
#187    ComponentElement._firstBuild (package:flutter/src/widgets/framework.dart:5802:5)
#188    ComponentElement.mount (package:flutter/src/widgets/framework.dart:5796:5)
#189    Element.inflateWidget (package:flutter/src/widgets/framework.dart:4590:20)
#190    Element.updateChild (package:flutter/src/widgets/framework.dart:4059:18)
#191    SingleChildRenderObjectElement.mount (package:flutter/src/widgets/framework.dart:7118:14)
#192    Element.inflateWidget (package:flutter/src/widgets/framework.dart:4590:20)
#193    Element.updateChild (package:flutter/src/widgets/framework.dart:4059:18)
#194    ComponentElement.performRebuild (package:flutter/src/widgets/framework.dart:5844:16)
#195    Element.rebuild (package:flutter/src/widgets/framework.dart:5532:7)
#196    ComponentElement._firstBuild (package:flutter/src/widgets/framework.dart:5802:5)
#197    ComponentElement.mount (package:flutter/src/widgets/framework.dart:5796:5)
#198    Element.inflateWidget (package:flutter/src/widgets/framework.dart:4590:20)
#199    Element.updateChild (package:flutter/src/widgets/framework.dart:4059:18)
#200    ComponentElement.performRebuild (package:flutter/src/widgets/framework.dart:5844:16)
#201    Element.rebuild (package:flutter/src/widgets/framework.dart:5532:7)
#202    ComponentElement._firstBuild (package:flutter/src/widgets/framework.dart:5802:5)
#203    ComponentElement.mount (package:flutter/src/widgets/framework.dart:5796:5)
#204    Element.inflateWidget (package:flutter/src/widgets/framework.dart:4590:20)
#205    Element.updateChild (package:flutter/src/widgets/framework.dart:4059:18)
#206    ComponentElement.performRebuild (package:flutter/src/widgets/framework.dart:5844:16)
#207    StatefulElement.performRebuild (package:flutter/src/widgets/framework.dart:5985:11)
#208    Element.rebuild (package:flutter/src/widgets/framework.dart:5532:7)
#209    ComponentElement._firstBuild (package:flutter/src/widgets/framework.dart:5802:5)
#210    StatefulElement._firstBuild (package:flutter/src/widgets/framework.dart:5976:11)
#211    ComponentElement.mount (package:flutter/src/widgets/framework.dart:5796:5)
#212    Element.inflateWidget (package:flutter/src/widgets/framework.dart:4590:20)
#213    Element.updateChild (package:flutter/src/widgets/framework.dart:4059:18)
#214    ComponentElement.performRebuild (package:flutter/src/widgets/framework.dart:5844:16)
#215    StatefulElement.performRebuild (package:flutter/src/widgets/framework.dart:5985:11)
#216    Element.rebuild (package:flutter/src/widgets/framework.dart:5532:7)
#217    ComponentElement._firstBuild (package:flutter/src/widgets/framework.dart:5802:5)
#218    StatefulElement._firstBuild (package:flutter/src/widgets/framework.dart:5976:11)
#219    ComponentElement.mount (package:flutter/src/widgets/framework.dart:5796:5)
#220    Element.inflateWidget (package:flutter/src/widgets/framework.dart:4590:20)
#221    Element.updateChild (package:flutter/src/widgets/framework.dart:4059:18)
#222    ComponentElement.performRebuild (package:flutter/src/widgets/framework.dart:5844:16)
#223    StatefulElement.performRebuild (package:flutter/src/widgets/framework.dart:5985:11)
#224    Element.rebuild (package:flutter/src/widgets/framework.dart:5532:7)
#225    ComponentElement._firstBuild (package:flutter/src/widgets/framework.dart:5802:5)
#226    StatefulElement._firstBuild (package:flutter/src/widgets/framework.dart:5976:11)
#227    ComponentElement.mount (package:flutter/src/widgets/framework.dart:5796:5)
#228    Element.inflateWidget (package:flutter/src/widgets/framework.dart:4590:20)
#229    Element.updateChild (package:flutter/src/widgets/framework.dart:4059:18)
#230    SingleChildRenderObjectElement.mount (package:flutter/src/widgets/framework.dart:7118:14)
#231    Element.inflateWidget (package:flutter/src/widgets/framework.dart:4590:20)
#232    Element.updateChild (package:flutter/src/widgets/framework.dart:4059:18)
#233    ComponentElement.performRebuild (package:flutter/src/widgets/framework.dart:5844:16)
#234    Element.rebuild (package:flutter/src/widgets/framework.dart:5532:7)
#235    ComponentElement._firstBuild (package:flutter/src/widgets/framework.dart:5802:5)
#236    ComponentElement.mount (package:flutter/src/widgets/framework.dart:5796:5)
#237    Element.inflateWidget (package:flutter/src/widgets/framework.dart:4590:20)
#238    Element.updateChild (package:flutter/src/widgets/framework.dart:4059:18)
#239    ComponentElement.performRebuild (package:flutter/src/widgets/framework.dart:5844:16)
#240    Element.rebuild (package:flutter/src/widgets/framework.dart:5532:7)
#241    ComponentElement._firstBuild (package:flutter/src/widgets/framework.dart:5802:5)
#242    ComponentElement.mount (package:flutter/src/widgets/framework.dart:5796:5)
#243    Element.inflateWidget (package:flutter/src/widgets/framework.dart:4590:20)
#244    Element.updateChild (package:flutter/src/widgets/framework.dart:4059:18)
#245    ComponentElement.performRebuild (package:flutter/src/widgets/framework.dart:5844:16)
#246    Element.rebuild (package:flutter/src/widgets/framework.dart:5532:7)
#247    ComponentElement._firstBuild (package:flutter/src/widgets/framework.dart:5802:5)
#248    ComponentElement.mount (package:flutter/src/widgets/framework.dart:5796:5)
#249    Element.inflateWidget (package:flutter/src/widgets/framework.dart:4590:20)
#250    Element.updateChild (package:flutter/src/widgets/framework.dart:4059:18)
#251    ComponentElement.performRebuild (package:flutter/src/widgets/framework.dart:5844:16)
#252    StatefulElement.performRebuild (package:flutter/src/widgets/framework.dart:5985:11)
#253    Element.rebuild (package:flutter/src/widgets/framework.dart:5532:7)
#254    ComponentElement._firstBuild (package:flutter/src/widgets/framework.dart:5802:5)
#255    StatefulElement._firstBuild (package:flutter/src/widgets/framework.dart:5976:11)
#256    ComponentElement.mount (package:flutter/src/widgets/framework.dart:5796:5)
#257    Element.inflateWidget (package:flutter/src/widgets/framework.dart:4590:20)
#258    Element.updateChild (package:flutter/src/widgets/framework.dart:4059:18)
#259    ComponentElement.performRebuild (package:flutter/src/widgets/framework.dart:5844:16)
#260    StatefulElement.performRebuild (package:flutter/src/widgets/framework.dart:5985:11)
#261    Element.rebuild (package:flutter/src/widgets/framework.dart:5532:7)
#262    ComponentElement._firstBuild (package:flutter/src/widgets/framework.dart:5802:5)
#263    StatefulElement._firstBuild (package:flutter/src/widgets/framework.dart:5976:11)
#264    ComponentElement.mount (package:flutter/src/widgets/framework.dart:5796:5)
#265    Element.inflateWidget (package:flutter/src/widgets/framework.dart:4590:20)
#266    MultiChildRenderObjectElement.inflateWidget (package:flutter/src/widgets/framework.dart:7269:36)
#267    MultiChildRenderObjectElement.mount (package:flutter/src/widgets/framework.dart:7285:32)
#268    Element.inflateWidget (package:flutter/src/widgets/framework.dart:4590:20)
#269    Element.updateChild (package:flutter/src/widgets/framework.dart:4059:18)
#270    ComponentElement.performRebuild (package:flutter/src/widgets/framework.dart:5844:16)
#271    StatefulElement.performRebuild (package:flutter/src/widgets/framework.dart:5985:11)
#272    Element.rebuild (package:flutter/src/widgets/framework.dart:5532:7)
#273    ComponentElement._firstBuild (package:flutter/src/widgets/framework.dart:5802:5)
#274    StatefulElement._firstBuild (package:flutter/src/widgets/framework.dart:5976:11)
#275    ComponentElement.mount (package:flutter/src/widgets/framework.dart:5796:5)
#276    Element.inflateWidget (package:flutter/src/widgets/framework.dart:4590:20)
#277    Element.updateChild (package:flutter/src/widgets/framework.dart:4059:18)
#278    ComponentElement.performRebuild (package:flutter/src/widgets/framework.dart:5844:16)
#279    Element.rebuild (package:flutter/src/widgets/framework.dart:5532:7)
#280    ComponentElement._firstBuild (package:flutter/src/widgets/framework.dart:5802:5)
#281    ComponentElement.mount (package:flutter/src/widgets/framework.dart:5796:5)
#282    Element.inflateWidget (package:flutter/src/widgets/framework.dart:4590:20)
#283    Element.updateChild (package:flutter/src/widgets/framework.dart:4059:18)
#284    ComponentElement.performRebuild (package:flutter/src/widgets/framework.dart:5844:16)
#285    Element.rebuild (package:flutter/src/widgets/framework.dart:5532:7)
#286    ComponentElement._firstBuild (package:flutter/src/widgets/framework.dart:5802:5)
#287    ComponentElement.mount (package:flutter/src/widgets/framework.dart:5796:5)
#288    Element.inflateWidget (package:flutter/src/widgets/framework.dart:4590:20)
#289    Element.updateChild (package:flutter/src/widgets/framework.dart:4059:18)
#290    ComponentElement.performRebuild (package:flutter/src/widgets/framework.dart:5844:16)
#291    StatefulElement.performRebuild (package:flutter/src/widgets/framework.dart:5985:11)
#292    Element.rebuild (package:flutter/src/widgets/framework.dart:5532:7)
#293    ComponentElement._firstBuild (package:flutter/src/widgets/framework.dart:5802:5)
#294    StatefulElement._firstBuild (package:flutter/src/widgets/framework.dart:5976:11)
#295    ComponentElement.mount (package:flutter/src/widgets/framework.dart:5796:5)
#296    Element.inflateWidget (package:flutter/src/widgets/framework.dart:4590:20)
#297    Element.updateChild (package:flutter/src/widgets/framework.dart:4059:18)
#298    ComponentElement.performRebuild (package:flutter/src/widgets/framework.dart:5844:16)
#299    Element.rebuild (package:flutter/src/widgets/framework.dart:5532:7)
#300    ComponentElement._firstBuild (package:flutter/src/widgets/framework.dart:5802:5)
#301    ComponentElement.mount (package:flutter/src/widgets/framework.dart:5796:5)
#302    Element.inflateWidget (package:flutter/src/widgets/framework.dart:4590:20)
#303    Element.updateChild (package:flutter/src/widgets/framework.dart:4059:18)
#304    ComponentElement.performRebuild (package:flutter/src/widgets/framework.dart:5844:16)
#305    StatefulElement.performRebuild (package:flutter/src/widgets/framework.dart:5985:11)
#306    Element.rebuild (package:flutter/src/widgets/framework.dart:5532:7)
#307    ComponentElement._firstBuild (package:flutter/src/widgets/framework.dart:5802:5)
#308    StatefulElement._firstBuild (package:flutter/src/widgets/framework.dart:5976:11)
#309    ComponentElement.mount (package:flutter/src/widgets/framework.dart:5796:5)
#310    Element.inflateWidget (package:flutter/src/widgets/framework.dart:4590:20)
#311    Element.updateChild (package:flutter/src/widgets/framework.dart:4059:18)
#312    ComponentElement.performRebuild (package:flutter/src/widgets/framework.dart:5844:16)
#313    StatefulElement.performRebuild (package:flutter/src/widgets/framework.dart:5985:11)
#314    Element.rebuild (package:flutter/src/widgets/framework.dart:5532:7)
#315    ComponentElement._firstBuild (package:flutter/src/widgets/framework.dart:5802:5)
#316    StatefulElement._firstBuild (package:flutter/src/widgets/framework.dart:5976:11)
#317    ComponentElement.mount (package:flutter/src/widgets/framework.dart:5796:5)
#318    Element.inflateWidget (package:flutter/src/widgets/framework.dart:4590:20)
#319    Element.updateChild (package:flutter/src/widgets/framework.dart:4059:18)
#320    SingleChildRenderObjectElement.mount (package:flutter/src/widgets/framework.dart:7118:14)
#321    Element.inflateWidget (package:flutter/src/widgets/framework.dart:4590:20)
#322    Element.updateChild (package:flutter/src/widgets/framework.dart:4059:18)
#323    SingleChildRenderObjectElement.mount (package:flutter/src/widgets/framework.dart:7118:14)
#324    Element.inflateWidget (package:flutter/src/widgets/framework.dart:4590:20)
#325    Element.updateChild (package:flutter/src/widgets/framework.dart:4059:18)
#326    ComponentElement.performRebuild (package:flutter/src/widgets/framework.dart:5844:16)
#327    Element.rebuild (package:flutter/src/widgets/framework.dart:5532:7)
#328    ComponentElement._firstBuild (package:flutter/src/widgets/framework.dart:5802:5)
#329    ComponentElement.mount (package:flutter/src/widgets/framework.dart:5796:5)
#330    Element.inflateWidget (package:flutter/src/widgets/framework.dart:4590:20)
#331    Element.updateChild (package:flutter/src/widgets/framework.dart:4059:18)
#332    ComponentElement.performRebuild (package:flutter/src/widgets/framework.dart:5844:16)
#333    Element.rebuild (package:flutter/src/widgets/framework.dart:5532:7)
#334    ComponentElement._firstBuild (package:flutter/src/widgets/framework.dart:5802:5)
#335    ComponentElement.mount (package:flutter/src/widgets/framework.dart:5796:5)
#336    Element.inflateWidget (package:flutter/src/widgets/framework.dart:4590:20)
#337    Element.updateChild (package:flutter/src/widgets/framework.dart:4059:18)
#338    ComponentElement.performRebuild (package:flutter/src/widgets/framework.dart:5844:16)
#339    StatefulElement.performRebuild (package:flutter/src/widgets/framework.dart:5985:11)
#340    Element.rebuild (package:flutter/src/widgets/framework.dart:5532:7)
#341    ComponentElement._firstBuild (package:flutter/src/widgets/framework.dart:5802:5)
#342    StatefulElement._firstBuild (package:flutter/src/widgets/framework.dart:5976:11)
#343    ComponentElement.mount (package:flutter/src/widgets/framework.dart:5796:5)
#344    Element.inflateWidget (package:flutter/src/widgets/framework.dart:4590:20)
#345    Element.updateChild (package:flutter/src/widgets/framework.dart:4059:18)
#346    ComponentElement.performRebuild (package:flutter/src/widgets/framework.dart:5844:16)
#347    Element.rebuild (package:flutter/src/widgets/framework.dart:5532:7)
#348    ComponentElement._firstBuild (package:flutter/src/widgets/framework.dart:5802:5)
#349    ComponentElement.mount (package:flutter/src/widgets/framework.dart:5796:5)
#350    Element.inflateWidget (package:flutter/src/widgets/framework.dart:4590:20)
#351    Element.updateChild (package:flutter/src/widgets/framework.dart:4059:18)
#352    SingleChildRenderObjectElement.mount (package:flutter/src/widgets/framework.dart:7118:14)
#353    Element.inflateWidget (package:flutter/src/widgets/framework.dart:4590:20)
#354    Element.updateChild (package:flutter/src/widgets/framework.dart:4059:18)
#355    ComponentElement.performRebuild (package:flutter/src/widgets/framework.dart:5844:16)
#356    StatefulElement.performRebuild (package:flutter/src/widgets/framework.dart:5985:11)
#357    Element.rebuild (package:flutter/src/widgets/framework.dart:5532:7)
#358    ComponentElement._firstBuild (package:flutter/src/widgets/framework.dart:5802:5)
#359    StatefulElement._firstBuild (package:flutter/src/widgets/framework.dart:5976:11)
#360    ComponentElement.mount (package:flutter/src/widgets/framework.dart:5796:5)
#361    Element.inflateWidget (package:flutter/src/widgets/framework.dart:4590:20)
#362    Element.updateChild (package:flutter/src/widgets/framework.dart:4059:18)
#363    ComponentElement.performRebuild (package:flutter/src/widgets/framework.dart:5844:16)
#364    Element.rebuild (package:flutter/src/widgets/framework.dart:5532:7)
#365    ComponentElement._firstBuild (package:flutter/src/widgets/framework.dart:5802:5)
#366    ComponentElement.mount (package:flutter/src/widgets/framework.dart:5796:5)
#367    Element.inflateWidget (package:flutter/src/widgets/framework.dart:4590:20)
#368    Element.updateChild (package:flutter/src/widgets/framework.dart:4059:18)
#369    ComponentElement.performRebuild (package:flutter/src/widgets/framework.dart:5844:16)
#370    Element.rebuild (package:flutter/src/widgets/framework.dart:5532:7)
#371    ComponentElement._firstBuild (package:flutter/src/widgets/framework.dart:5802:5)
#372    ComponentElement.mount (package:flutter/src/widgets/framework.dart:5796:5)
#373    Element.inflateWidget (package:flutter/src/widgets/framework.dart:4590:20)
#374    Element.updateChild (package:flutter/src/widgets/framework.dart:4059:18)
#375    ComponentElement.performRebuild (package:flutter/src/widgets/framework.dart:5844:16)
#376    StatefulElement.performRebuild (package:flutter/src/widgets/framework.dart:5985:11)
#377    Element.rebuild (package:flutter/src/widgets/framework.dart:5532:7)
#378    ComponentElement._firstBuild (package:flutter/src/widgets/framework.dart:5802:5)
#379    StatefulElement._firstBuild (package:flutter/src/widgets/framework.dart:5976:11)
#380    ComponentElement.mount (package:flutter/src/widgets/framework.dart:5796:5)
#381    Element.inflateWidget (package:flutter/src/widgets/framework.dart:4590:20)
#382    Element.updateChild (package:flutter/src/widgets/framework.dart:4059:18)
#383    ComponentElement.performRebuild (package:flutter/src/widgets/framework.dart:5844:16)
#384    Element.rebuild (package:flutter/src/widgets/framework.dart:5532:7)
#385    ComponentElement._firstBuild (package:flutter/src/widgets/framework.dart:5802:5)
#386    ComponentElement.mount (package:flutter/src/widgets/framework.dart:5796:5)
#387    Element.inflateWidget (package:flutter/src/widgets/framework.dart:4590:20)
#388    Element.updateChild (package:flutter/src/widgets/framework.dart:4059:18)
#389    ComponentElement.performRebuild (package:flutter/src/widgets/framework.dart:5844:16)
#390    Element.rebuild (package:flutter/src/widgets/framework.dart:5532:7)
#391    ComponentElement._firstBuild (package:flutter/src/widgets/framework.dart:5802:5)
#392    ComponentElement.mount (package:flutter/src/widgets/framework.dart:5796:5)
#393    Element.inflateWidget (package:flutter/src/widgets/framework.dart:4590:20)
#394    Element.updateChild (package:flutter/src/widgets/framework.dart:4059:18)
#395    ComponentElement.performRebuild (package:flutter/src/widgets/framework.dart:5844:16)
#396    Element.rebuild (package:flutter/src/widgets/framework.dart:5532:7)
#397    ComponentElement._firstBuild (package:flutter/src/widgets/framework.dart:5802:5)
#398    ComponentElement.mount (package:flutter/src/widgets/framework.dart:5796:5)
#399    Element.inflateWidget (package:flutter/src/widgets/framework.dart:4590:20)
#400    Element.updateChild (package:flutter/src/widgets/framework.dart:4059:18)
#401    ComponentElement.performRebuild (package:flutter/src/widgets/framework.dart:5844:16)
#402    Element.rebuild (package:flutter/src/widgets/framework.dart:5532:7)
#403    ComponentElement._firstBuild (package:flutter/src/widgets/framework.dart:5802:5)
#404    ComponentElement.mount (package:flutter/src/widgets/framework.dart:5796:5)
#405    Element.inflateWidget (package:flutter/src/widgets/framework.dart:4590:20)
#406    Element.updateChild (package:flutter/src/widgets/framework.dart:4059:18)
#407    ComponentElement.performRebuild (package:flutter/src/widgets/framework.dart:5844:16)
#408    Element.rebuild (package:flutter/src/widgets/framework.dart:5532:7)
#409    ComponentElement._firstBuild (package:flutter/src/widgets/framework.dart:5802:5)
#410    ComponentElement.mount (package:flutter/src/widgets/framework.dart:5796:5)
#411    Element.inflateWidget (package:flutter/src/widgets/framework.dart:4590:20)
#412    Element.updateChild (package:flutter/src/widgets/framework.dart:4059:18)
#413    ComponentElement.performRebuild (package:flutter/src/widgets/framework.dart:5844:16)
#414    Element.rebuild (package:flutter/src/widgets/framework.dart:5532:7)
#415    ComponentElement._firstBuild (package:flutter/src/widgets/framework.dart:5802:5)
#416    ComponentElement.mount (package:flutter/src/widgets/framework.dart:5796:5)
#417    Element.inflateWidget (package:flutter/src/widgets/framework.dart:4590:20)
#418    Element.updateChild (package:flutter/src/widgets/framework.dart:4059:18)
#419    ComponentElement.performRebuild (package:flutter/src/widgets/framework.dart:5844:16)
#420    Element.rebuild (package:flutter/src/widgets/framework.dart:5532:7)
#421    ComponentElement._firstBuild (package:flutter/src/widgets/framework.dart:5802:5)
#422    ComponentElement.mount (package:flutter/src/widgets/framework.dart:5796:5)
#423    Element.inflateWidget (package:flutter/src/widgets/framework.dart:4590:20)
#424    Element.updateChild (package:flutter/src/widgets/framework.dart:4059:18)
#425    ComponentElement.performRebuild (package:flutter/src/widgets/framework.dart:5844:16)
#426    StatefulElement.performRebuild (package:flutter/src/widgets/framework.dart:5985:11)
#427    Element.rebuild (package:flutter/src/widgets/framework.dart:5532:7)
#428    ComponentElement._firstBuild (package:flutter/src/widgets/framework.dart:5802:5)
#429    StatefulElement._firstBuild (package:flutter/src/widgets/framework.dart:5976:11)
#430    ComponentElement.mount (package:flutter/src/widgets/framework.dart:5796:5)
#431    Element.inflateWidget (package:flutter/src/widgets/framework.dart:4590:20)
#432    Element.updateChild (package:flutter/src/widgets/framework.dart:4059:18)
#433    ComponentElement.performRebuild (package:flutter/src/widgets/framework.dart:5844:16)
#434    Element.rebuild (package:flutter/src/widgets/framework.dart:5532:7)
#435    ComponentElement._firstBuild (package:flutter/src/widgets/framework.dart:5802:5)
#436    ComponentElement.mount (package:flutter/src/widgets/framework.dart:5796:5)
#437    Element.inflateWidget (package:flutter/src/widgets/framework.dart:4590:20)
#438    Element.updateChild (package:flutter/src/widgets/framework.dart:4059:18)
#439    ComponentElement.performRebuild (package:flutter/src/widgets/framework.dart:5844:16)
#440    Element.rebuild (package:flutter/src/widgets/framework.dart:5532:7)
#441    ComponentElement._firstBuild (package:flutter/src/widgets/framework.dart:5802:5)
#442    ComponentElement.mount (package:flutter/src/widgets/framework.dart:5796:5)
#443    Element.inflateWidget (package:flutter/src/widgets/framework.dart:4590:20)
#444    Element.updateChild (package:flutter/src/widgets/framework.dart:4059:18)
#445    ComponentElement.performRebuild (package:flutter/src/widgets/framework.dart:5844:16)
#446    StatefulElement.performRebuild (package:flutter/src/widgets/framework.dart:5985:11)
#447    Element.rebuild (package:flutter/src/widgets/framework.dart:5532:7)
#448    ComponentElement._firstBuild (package:flutter/src/widgets/framework.dart:5802:5)
#449    StatefulElement._firstBuild (package:flutter/src/widgets/framework.dart:5976:11)
#450    ComponentElement.mount (package:flutter/src/widgets/framework.dart:5796:5)
#451    Element.inflateWidget (package:flutter/src/widgets/framework.dart:4590:20)
#452    Element.updateChild (package:flutter/src/widgets/framework.dart:4059:18)
#453    SingleChildRenderObjectElement.mount (package:flutter/src/widgets/framework.dart:7118:14)
#454    Element.inflateWidget (package:flutter/src/widgets/framework.dart:4590:20)
#455    Element.updateChild (package:flutter/src/widgets/framework.dart:4059:18)
#456    ComponentElement.performRebuild (package:flutter/src/widgets/framework.dart:5844:16)
#457    StatefulElement.performRebuild (package:flutter/src/widgets/framework.dart:5985:11)
#458    Element.rebuild (package:flutter/src/widgets/framework.dart:5532:7)
#459    ComponentElement._firstBuild (package:flutter/src/widgets/framework.dart:5802:5)
#460    StatefulElement._firstBuild (package:flutter/src/widgets/framework.dart:5976:11)
#461    ComponentElement.mount (package:flutter/src/widgets/framework.dart:5796:5)
#462    Element.inflateWidget (package:flutter/src/widgets/framework.dart:4590:20)
#463    Element.updateChild (package:flutter/src/widgets/framework.dart:4059:18)
#464    ComponentElement.performRebuild (package:flutter/src/widgets/framework.dart:5844:16)
#465    Element.rebuild (package:flutter/src/widgets/framework.dart:5532:7)
#466    ComponentElement._firstBuild (package:flutter/src/widgets/framework.dart:5802:5)
#467    ComponentElement.mount (package:flutter/src/widgets/framework.dart:5796:5)
#468    Element.inflateWidget (package:flutter/src/widgets/framework.dart:4590:20)
#469    Element.updateChild (package:flutter/src/widgets/framework.dart:4059:18)
#470    ComponentElement.performRebuild (package:flutter/src/widgets/framework.dart:5844:16)
#471    Element.rebuild (package:flutter/src/widgets/framework.dart:5532:7)
#472    ComponentElement._firstBuild (package:flutter/src/widgets/framework.dart:5802:5)
#473    ComponentElement.mount (package:flutter/src/widgets/framework.dart:5796:5)
#474    Element.inflateWidget (package:flutter/src/widgets/framework.dart:4590:20)
#475    Element.updateChild (package:flutter/src/widgets/framework.dart:4059:18)
#476    ComponentElement.performRebuild (package:flutter/src/widgets/framework.dart:5844:16)
#477    Element.rebuild (package:flutter/src/widgets/framework.dart:5532:7)
#478    ComponentElement._firstBuild (package:flutter/src/widgets/framework.dart:5802:5)
#479    ComponentElement.mount (package:flutter/src/widgets/framework.dart:5796:5)
#480    Element.inflateWidget (package:flutter/src/widgets/framework.dart:4590:20)
#481    Element.updateChild (package:flutter/src/widgets/framework.dart:4059:18)
#482    ComponentElement.performRebuild (package:flutter/src/widgets/framework.dart:5844:16)
#483    Element.rebuild (package:flutter/src/widgets/framework.dart:5532:7)
#484    ComponentElement._firstBuild (package:flutter/src/widgets/framework.dart:5802:5)
#485    ComponentElement.mount (package:flutter/src/widgets/framework.dart:5796:5)
#486    Element.inflateWidget (package:flutter/src/widgets/framework.dart:4590:20)
#487    Element.updateChild (package:flutter/src/widgets/framework.dart:4059:18)
#488    SingleChildRenderObjectElement.mount (package:flutter/src/widgets/framework.dart:7118:14)
#489    Element.inflateWidget (package:flutter/src/widgets/framework.dart:4590:20)
#490    Element.updateChild (package:flutter/src/widgets/framework.dart:4059:18)
#491    ComponentElement.performRebuild (package:flutter/src/widgets/framework.dart:5844:16)
#492    StatefulElement.performRebuild (package:flutter/src/widgets/framework.dart:5985:11)
#493    Element.rebuild (package:flutter/src/widgets/framework.dart:5532:7)
#494    ComponentElement._firstBuild (package:flutter/src/widgets/framework.dart:5802:5)
#495    StatefulElement._firstBuild (package:flutter/src/widgets/framework.dart:5976:11)
#496    ComponentElement.mount (package:flutter/src/widgets/framework.dart:5796:5)
#497    Element.inflateWidget (package:flutter/src/widgets/framework.dart:4590:20)
#498    Element.updateChild (package:flutter/src/widgets/framework.dart:4059:18)
#499    ComponentElement.performRebuild (package:flutter/src/widgets/framework.dart:5844:16)
#500    StatefulElement.performRebuild (package:flutter/src/widgets/framework.dart:5985:11)
#501    Element.rebuild (package:flutter/src/widgets/framework.dart:5532:7)
#502    ComponentElement._firstBuild (package:flutter/src/widgets/framework.dart:5802:5)
#503    StatefulElement._firstBuild (package:flutter/src/widgets/framework.dart:5976:11)
#504    ComponentElement.mount (package:flutter/src/widgets/framework.dart:5796:5)
#505    Element.inflateWidget (package:flutter/src/widgets/framework.dart:4590:20)
#506    Element.updateChild (package:flutter/src/widgets/framework.dart:4059:18)
#507    SingleChildRenderObjectElement.mount (package:flutter/src/widgets/framework.dart:7118:14)
#508    Element.inflateWidget (package:flutter/src/widgets/framework.dart:4590:20)
#509    Element.updateChild (package:flutter/src/widgets/framework.dart:4059:18)
#510    ComponentElement.performRebuild (package:flutter/src/widgets/framework.dart:5844:16)
#511    Element.rebuild (package:flutter/src/widgets/framework.dart:5532:7)
#512    ComponentElement._firstBuild (package:flutter/src/widgets/framework.dart:5802:5)
#513    ComponentElement.mount (package:flutter/src/widgets/framework.dart:5796:5)
#514    Element.inflateWidget (package:flutter/src/widgets/framework.dart:4590:20)
#515    Element.updateChild (package:flutter/src/widgets/framework.dart:4059:18)
#516    ComponentElement.performRebuild (package:flutter/src/widgets/framework.dart:5844:16)
#517    StatefulElement.performRebuild (package:flutter/src/widgets/framework.dart:5985:11)
#518    Element.rebuild (package:flutter/src/widgets/framework.dart:5532:7)
#519    ComponentElement._firstBuild (package:flutter/src/widgets/framework.dart:5802:5)
#520    StatefulElement._firstBuild (package:flutter/src/widgets/framework.dart:5976:11)
#521    ComponentElement.mount (package:flutter/src/widgets/framework.dart:5796:5)
#522    Element.inflateWidget (package:flutter/src/widgets/framework.dart:4590:20)
#523    Element.updateChild (package:flutter/src/widgets/framework.dart:4059:18)
#524    ComponentElement.performRebuild (package:flutter/src/widgets/framework.dart:5844:16)
#525    StatefulElement.performRebuild (package:flutter/src/widgets/framework.dart:5985:11)
#526    Element.rebuild (package:flutter/src/widgets/framework.dart:5532:7)
#527    ComponentElement._firstBuild (package:flutter/src/widgets/framework.dart:5802:5)
#528    StatefulElement._firstBuild (package:flutter/src/widgets/framework.dart:5976:11)
#529    ComponentElement.mount (package:flutter/src/widgets/framework.dart:5796:5)
#530    Element.inflateWidget (package:flutter/src/widgets/framework.dart:4590:20)
#531    Element.updateChild (package:flutter/src/widgets/framework.dart:4059:18)
#532    ComponentElement.performRebuild (package:flutter/src/widgets/framework.dart:5844:16)
#533    Element.rebuild (package:flutter/src/widgets/framework.dart:5532:7)
#534    ComponentElement._firstBuild (package:flutter/src/widgets/framework.dart:5802:5)
#535    ComponentElement.mount (package:flutter/src/widgets/framework.dart:5796:5)
#536    Element.inflateWidget (package:flutter/src/widgets/framework.dart:4590:20)
#537    Element.updateChild (package:flutter/src/widgets/framework.dart:4059:18)
#538    ComponentElement.performRebuild (package:flutter/src/widgets/framework.dart:5844:16)
#539    StatefulElement.performRebuild (package:flutter/src/widgets/framework.dart:5985:11)
#540    Element.rebuild (package:flutter/src/widgets/framework.dart:5532:7)
#541    ComponentElement._firstBuild (package:flutter/src/widgets/framework.dart:5802:5)
#542    StatefulElement._firstBuild (package:flutter/src/widgets/framework.dart:5976:11)
#543    ComponentElement.mount (package:flutter/src/widgets/framework.dart:5796:5)
#544    Element.inflateWidget (package:flutter/src/widgets/framework.dart:4590:20)
#545    Element.updateChild (package:flutter/src/widgets/framework.dart:4059:18)
#546    SingleChildRenderObjectElement.mount (package:flutter/src/widgets/framework.dart:7118:14)
#547    Element.inflateWidget (package:flutter/src/widgets/framework.dart:4590:20)
#548    Element.updateChild (package:flutter/src/widgets/framework.dart:4059:18)
#549    ComponentElement.performRebuild (package:flutter/src/widgets/framework.dart:5844:16)
#550    Element.rebuild (package:flutter/src/widgets/framework.dart:5532:7)
#551    ComponentElement._firstBuild (package:flutter/src/widgets/framework.dart:5802:5)
#552    ComponentElement.mount (package:flutter/src/widgets/framework.dart:5796:5)
#553    Element.inflateWidget (package:flutter/src/widgets/framework.dart:4590:20)
#554    Element.updateChild (package:flutter/src/widgets/framework.dart:4059:18)
#555    ComponentElement.performRebuild (package:flutter/src/widgets/framework.dart:5844:16)
#556    StatefulElement.performRebuild (package:flutter/src/widgets/framework.dart:5985:11)
#557    Element.rebuild (package:flutter/src/widgets/framework.dart:5532:7)
#558    ComponentElement._firstBuild (package:flutter/src/widgets/framework.dart:5802:5)
#559    StatefulElement._firstBuild (package:flutter/src/widgets/framework.dart:5976:11)
#560    ComponentElement.mount (package:flutter/src/widgets/framework.dart:5796:5)
#561    Element.inflateWidget (package:flutter/src/widgets/framework.dart:4590:20)
#562    Element.updateChild (package:flutter/src/widgets/framework.dart:4059:18)
#563    ComponentElement.performRebuild (package:flutter/src/widgets/framework.dart:5844:16)
#564    StatefulElement.performRebuild (package:flutter/src/widgets/framework.dart:5985:11)
#565    Element.rebuild (package:flutter/src/widgets/framework.dart:5532:7)
#566    ComponentElement._firstBuild (package:flutter/src/widgets/framework.dart:5802:5)
#567    StatefulElement._firstBuild (package:flutter/src/widgets/framework.dart:5976:11)
#568    ComponentElement.mount (package:flutter/src/widgets/framework.dart:5796:5)
#569    Element.inflateWidget (package:flutter/src/widgets/framework.dart:4590:20)
#570    Element.updateChild (package:flutter/src/widgets/framework.dart:4059:18)
#571    ComponentElement.performRebuild (package:flutter/src/widgets/framework.dart:5844:16)
#572    Element.rebuild (package:flutter/src/widgets/framework.dart:5532:7)
#573    ComponentElement._firstBuild (package:flutter/src/widgets/framework.dart:5802:5)
#574    ComponentElement.mount (package:flutter/src/widgets/framework.dart:5796:5)
#575    Element.inflateWidget (package:flutter/src/widgets/framework.dart:4590:20)
#576    Element.updateChild (package:flutter/src/widgets/framework.dart:4059:18)
#577    ComponentElement.performRebuild (package:flutter/src/widgets/framework.dart:5844:16)
#578    StatefulElement.performRebuild (package:flutter/src/widgets/framework.dart:5985:11)
#579    Element.rebuild (package:flutter/src/widgets/framework.dart:5532:7)
#580    ComponentElement._firstBuild (package:flutter/src/widgets/framework.dart:5802:5)
#581    StatefulElement._firstBuild (package:flutter/src/widgets/framework.dart:5976:11)
#582    ComponentElement.mount (package:flutter/src/widgets/framework.dart:5796:5)
#583    Element.inflateWidget (package:flutter/src/widgets/framework.dart:4590:20)
#584    Element.updateChild (package:flutter/src/widgets/framework.dart:4059:18)
#585    SingleChildRenderObjectElement.mount (package:flutter/src/widgets/framework.dart:7118:14)
#586    Element.inflateWidget (package:flutter/src/widgets/framework.dart:4590:20)
#587    Element.updateChild (package:flutter/src/widgets/framework.dart:4059:18)
#588    ComponentElement.performRebuild (package:flutter/src/widgets/framework.dart:5844:16)
#589    Element.rebuild (package:flutter/src/widgets/framework.dart:5532:7)
#590    ComponentElement._firstBuild (package:flutter/src/widgets/framework.dart:5802:5)
#591    ComponentElement.mount (package:flutter/src/widgets/framework.dart:5796:5)
#592    Element.inflateWidget (package:flutter/src/widgets/framework.dart:4590:20)
#593    Element.updateChild (package:flutter/src/widgets/framework.dart:4059:18)
#594    ComponentElement.performRebuild (package:flutter/src/widgets/framework.dart:5844:16)
#595    StatefulElement.performRebuild (package:flutter/src/widgets/framework.dart:5985:11)
#596    Element.rebuild (package:flutter/src/widgets/framework.dart:5532:7)
#597    ComponentElement._firstBuild (package:flutter/src/widgets/framework.dart:5802:5)
#598    StatefulElement._firstBuild (package:flutter/src/widgets/framework.dart:5976:11)
#599    ComponentElement.mount (package:flutter/src/widgets/framework.dart:5796:5)
#600    Element.inflateWidget (package:flutter/src/widgets/framework.dart:4590:20)
#601    Element.updateChild (package:flutter/src/widgets/framework.dart:4059:18)
#602    ComponentElement.performRebuild (package:flutter/src/widgets/framework.dart:5844:16)
#603    StatefulElement.performRebuild (package:flutter/src/widgets/framework.dart:5985:11)
#604    Element.rebuild (package:flutter/src/widgets/framework.dart:5532:7)
#605    ComponentElement._firstBuild (package:flutter/src/widgets/framework.dart:5802:5)
#606    StatefulElement._firstBuild (package:flutter/src/widgets/framework.dart:5976:11)
#607    ComponentElement.mount (package:flutter/src/widgets/framework.dart:5796:5)
#608    Element.inflateWidget (package:flutter/src/widgets/framework.dart:4590:20)
#609    Element.updateChild (package:flutter/src/widgets/framework.dart:4059:18)
#610    ComponentElement.performRebuild (package:flutter/src/widgets/framework.dart:5844:16)
#611    Element.rebuild (package:flutter/src/widgets/framework.dart:5532:7)
#612    ComponentElement._firstBuild (package:flutter/src/widgets/framework.dart:5802:5)
#613    ComponentElement.mount (package:flutter/src/widgets/framework.dart:5796:5)
#614    Element.inflateWidget (package:flutter/src/widgets/framework.dart:4590:20)
#615    Element.updateChild (package:flutter/src/widgets/framework.dart:4059:18)
#616    SingleChildRenderObjectElement.mount (package:flutter/src/widgets/framework.dart:7118:14)
#617    Element.inflateWidget (package:flutter/src/widgets/framework.dart:4590:20)
#618    Element.updateChild (package:flutter/src/widgets/framework.dart:4059:18)
#619    ComponentElement.performRebuild (package:flutter/src/widgets/framework.dart:5844:16)
#620    Element.rebuild (package:flutter/src/widgets/framework.dart:5532:7)
#621    ComponentElement._firstBuild (package:flutter/src/widgets/framework.dart:5802:5)
#622    ComponentElement.mount (package:flutter/src/widgets/framework.dart:5796:5)
#623    Element.inflateWidget (package:flutter/src/widgets/framework.dart:4590:20)
#624    Element.updateChild (package:flutter/src/widgets/framework.dart:4059:18)
#625    ComponentElement.performRebuild (package:flutter/src/widgets/framework.dart:5844:16)
#626    StatefulElement.performRebuild (package:flutter/src/widgets/framework.dart:5985:11)
#627    Element.rebuild (package:flutter/src/widgets/framework.dart:5532:7)
#628    ComponentElement._firstBuild (package:flutter/src/widgets/framework.dart:5802:5)
#629    StatefulElement._firstBuild (package:flutter/src/widgets/framework.dart:5976:11)
#630    ComponentElement.mount (package:flutter/src/widgets/framework.dart:5796:5)
#631    Element.inflateWidget (package:flutter/src/widgets/framework.dart:4590:20)
#632    Element.updateChild (package:flutter/src/widgets/framework.dart:4059:18)
#633    ComponentElement.performRebuild (package:flutter/src/widgets/framework.dart:5844:16)
#634    StatefulElement.performRebuild (package:flutter/src/widgets/framework.dart:5985:11)
#635    Element.rebuild (package:flutter/src/widgets/framework.dart:5532:7)
#636    ComponentElement._firstBuild (package:flutter/src/widgets/framework.dart:5802:5)
#637    StatefulElement._firstBuild (package:flutter/src/widgets/framework.dart:5976:11)
#638    ComponentElement.mount (package:flutter/src/widgets/framework.dart:5796:5)
#639    Element.inflateWidget (package:flutter/src/widgets/framework.dart:4590:20)
#640    Element.updateChild (package:flutter/src/widgets/framework.dart:4059:18)
#641    ComponentElement.performRebuild (package:flutter/src/widgets/framework.dart:5844:16)
#642    Element.rebuild (package:flutter/src/widgets/framework.dart:5532:7)
#643    ComponentElement._firstBuild (package:flutter/src/widgets/framework.dart:5802:5)
#644    ComponentElement.mount (package:flutter/src/widgets/framework.dart:5796:5)
#645    Element.inflateWidget (package:flutter/src/widgets/framework.dart:4590:20)
#646    Element.updateChild (package:flutter/src/widgets/framework.dart:4059:18)
#647    ComponentElement.performRebuild (package:flutter/src/widgets/framework.dart:5844:16)
#648    Element.rebuild (package:flutter/src/widgets/framework.dart:5532:7)
#649    ComponentElement._firstBuild (package:flutter/src/widgets/framework.dart:5802:5)
#650    ComponentElement.mount (package:flutter/src/widgets/framework.dart:5796:5)
#651    Element.inflateWidget (package:flutter/src/widgets/framework.dart:4590:20)
#652    Element.updateChild (package:flutter/src/widgets/framework.dart:4059:18)
#653    ComponentElement.performRebuild (package:flutter/src/widgets/framework.dart:5844:16)
#654    StatefulElement.performRebuild (package:flutter/src/widgets/framework.dart:5985:11)
#655    Element.rebuild (package:flutter/src/widgets/framework.dart:5532:7)
#656    ComponentElement._firstBuild (package:flutter/src/widgets/framework.dart:5802:5)
#657    StatefulElement._firstBuild (package:flutter/src/widgets/framework.dart:5976:11)
#658    ComponentElement.mount (package:flutter/src/widgets/framework.dart:5796:5)
#659    Element.inflateWidget (package:flutter/src/widgets/framework.dart:4590:20)
#660    Element.updateChild (package:flutter/src/widgets/framework.dart:4059:18)
#661    ComponentElement.performRebuild (package:flutter/src/widgets/framework.dart:5844:16)
#662    Element.rebuild (package:flutter/src/widgets/framework.dart:5532:7)
#663    ComponentElement._firstBuild (package:flutter/src/widgets/framework.dart:5802:5)
#664    ComponentElement.mount (package:flutter/src/widgets/framework.dart:5796:5)
#665    Element.inflateWidget (package:flutter/src/widgets/framework.dart:4590:20)
#666    Element.updateChild (package:flutter/src/widgets/framework.dart:4059:18)
#667    ComponentElement.performRebuild (package:flutter/src/widgets/framework.dart:5844:16)
#668    StatefulElement.performRebuild (package:flutter/src/widgets/framework.dart:5985:11)
#669    Element.rebuild (package:flutter/src/widgets/framework.dart:5532:7)
#670    ComponentElement._firstBuild (package:flutter/src/widgets/framework.dart:5802:5)
#671    StatefulElement._firstBuild (package:flutter/src/widgets/framework.dart:5976:11)
#672    ComponentElement.mount (package:flutter/src/widgets/framework.dart:5796:5)
#673    Element.inflateWidget (package:flutter/src/widgets/framework.dart:4590:20)
#674    Element.updateChild (package:flutter/src/widgets/framework.dart:4059:18)
#675    ComponentElement.performRebuild (package:flutter/src/widgets/framework.dart:5844:16)
#676    Element.rebuild (package:flutter/src/widgets/framework.dart:5532:7)
#677    ComponentElement._firstBuild (package:flutter/src/widgets/framework.dart:5802:5)
#678    ComponentElement.mount (package:flutter/src/widgets/framework.dart:5796:5)
#679    Element.inflateWidget (package:flutter/src/widgets/framework.dart:4590:20)
#680    Element.updateChild (package:flutter/src/widgets/framework.dart:4059:18)
#681    ComponentElement.performRebuild (package:flutter/src/widgets/framework.dart:5844:16)
#682    StatefulElement.performRebuild (package:flutter/src/widgets/framework.dart:5985:11)
#683    Element.rebuild (package:flutter/src/widgets/framework.dart:5532:7)
#684    ComponentElement._firstBuild (package:flutter/src/widgets/framework.dart:5802:5)
#685    StatefulElement._firstBuild (package:flutter/src/widgets/framework.dart:5976:11)
#686    ComponentElement.mount (package:flutter/src/widgets/framework.dart:5796:5)
#687    Element.inflateWidget (package:flutter/src/widgets/framework.dart:4590:20)
#688    Element.updateChild (package:flutter/src/widgets/framework.dart:4059:18)
#689    ComponentElement.performRebuild (package:flutter/src/widgets/framework.dart:5844:16)
#690    StatefulElement.performRebuild (package:flutter/src/widgets/framework.dart:5985:11)
#691    Element.rebuild (package:flutter/src/widgets/framework.dart:5532:7)
#692    ComponentElement._firstBuild (package:flutter/src/widgets/framework.dart:5802:5)
#693    StatefulElement._firstBuild (package:flutter/src/widgets/framework.dart:5976:11)
#694    ComponentElement.mount (package:flutter/src/widgets/framework.dart:5796:5)
#695    Element.inflateWidget (package:flutter/src/widgets/framework.dart:4590:20)
#696    Element.updateChild (package:flutter/src/widgets/framework.dart:4059:18)
#697    SingleChildRenderObjectElement.mount (package:flutter/src/widgets/framework.dart:7118:14)
#698    Element.inflateWidget (package:flutter/src/widgets/framework.dart:4590:20)
#699    Element.updateChild (package:flutter/src/widgets/framework.dart:4059:18)
#700    ComponentElement.performRebuild (package:flutter/src/widgets/framework.dart:5844:16)
#701    Element.rebuild (package:flutter/src/widgets/framework.dart:5532:7)
#702    ComponentElement._firstBuild (package:flutter/src/widgets/framework.dart:5802:5)
#703    ComponentElement.mount (package:flutter/src/widgets/framework.dart:5796:5)
#704    Element.inflateWidget (package:flutter/src/widgets/framework.dart:4590:20)
#705    Element.updateChild (package:flutter/src/widgets/framework.dart:4059:18)
#706    ComponentElement.performRebuild (package:flutter/src/widgets/framework.dart:5844:16)
#707    StatefulElement.performRebuild (package:flutter/src/widgets/framework.dart:5985:11)
#708    Element.rebuild (package:flutter/src/widgets/framework.dart:5532:7)
#709    ComponentElement._firstBuild (package:flutter/src/widgets/framework.dart:5802:5)
#710    StatefulElement._firstBuild (package:flutter/src/widgets/framework.dart:5976:11)
#711    ComponentElement.mount (package:flutter/src/widgets/framework.dart:5796:5)
#712    Element.inflateWidget (package:flutter/src/widgets/framework.dart:4590:20)
#713    Element.updateChild (package:flutter/src/widgets/framework.dart:4059:18)
#714    ComponentElement.performRebuild (package:flutter/src/widgets/framework.dart:5844:16)
#715    Element.rebuild (package:flutter/src/widgets/framework.dart:5532:7)
#716    ComponentElement._firstBuild (package:flutter/src/widgets/framework.dart:5802:5)
#717    ComponentElement.mount (package:flutter/src/widgets/framework.dart:5796:5)
#718    Element.inflateWidget (package:flutter/src/widgets/framework.dart:4590:20)
#719    Element.updateChild (package:flutter/src/widgets/framework.dart:4059:18)
#720    ComponentElement.performRebuild (package:flutter/src/widgets/framework.dart:5844:16)
#721    Element.rebuild (package:flutter/src/widgets/framework.dart:5532:7)
#722    ComponentElement._firstBuild (package:flutter/src/widgets/framework.dart:5802:5)
#723    ComponentElement.mount (package:flutter/src/widgets/framework.dart:5796:5)
#724    Element.inflateWidget (package:flutter/src/widgets/framework.dart:4590:20)
#725    Element.updateChild (package:flutter/src/widgets/framework.dart:4059:18)
#726    ComponentElement.performRebuild (package:flutter/src/widgets/framework.dart:5844:16)
#727    StatefulElement.performRebuild (package:flutter/src/widgets/framework.dart:5985:11)
#728    Element.rebuild (package:flutter/src/widgets/framework.dart:5532:7)
#729    ComponentElement._firstBuild (package:flutter/src/widgets/framework.dart:5802:5)
#730    StatefulElement._firstBuild (package:flutter/src/widgets/framework.dart:5976:11)
#731    ComponentElement.mount (package:flutter/src/widgets/framework.dart:5796:5)
#732    Element.inflateWidget (package:flutter/src/widgets/framework.dart:4590:20)
#733    Element.updateChild (package:flutter/src/widgets/framework.dart:4053:20)
#734    ComponentElement.performRebuild (package:flutter/src/widgets/framework.dart:5844:16)
#735    Element.rebuild (package:flutter/src/widgets/framework.dart:5532:7)
#736    ProxyElement.update (package:flutter/src/widgets/framework.dart:6152:5)
#737    _InheritedNotifierElement.update (package:flutter/src/widgets/inherited_notifier.dart:108:11)
#738    Element.updateChild (package:flutter/src/widgets/framework.dart:4037:15)
#739    ComponentElement.performRebuild (package:flutter/src/widgets/framework.dart:5844:16)
#740    StatefulElement.performRebuild (package:flutter/src/widgets/framework.dart:5985:11)
#741    Element.rebuild (package:flutter/src/widgets/framework.dart:5532:7)
#742    StatefulElement.update (package:flutter/src/widgets/framework.dart:6010:5)
#743    Element.updateChild (package:flutter/src/widgets/framework.dart:4037:15)
#744    ComponentElement.performRebuild (package:flutter/src/widgets/framework.dart:5844:16)
#745    Element.rebuild (package:flutter/src/widgets/framework.dart:5532:7)
#746    ProxyElement.update (package:flutter/src/widgets/framework.dart:6152:5)
#747    _InheritedNotifierElement.update (package:flutter/src/widgets/inherited_notifier.dart:108:11)
#748    Element.updateChild (package:flutter/src/widgets/framework.dart:4037:15)
#749    ComponentElement.performRebuild (package:flutter/src/widgets/framework.dart:5844:16)
#750    StatefulElement.performRebuild (package:flutter/src/widgets/framework.dart:5985:11)
#751    Element.rebuild (package:flutter/src/widgets/framework.dart:5532:7)
#752    StatefulElement.update (package:flutter/src/widgets/framework.dart:6010:5)
#753    Element.updateChild (package:flutter/src/widgets/framework.dart:4037:15)
#754    ComponentElement.performRebuild (package:flutter/src/widgets/framework.dart:5844:16)
#755    StatefulElement.performRebuild (package:flutter/src/widgets/framework.dart:5985:11)
#756    Element.rebuild (package:flutter/src/widgets/framework.dart:5532:7)
#757    StatefulElement.update (package:flutter/src/widgets/framework.dart:6010:5)
#758    Element.updateChild (package:flutter/src/widgets/framework.dart:4037:15)
#759    ComponentElement.performRebuild (package:flutter/src/widgets/framework.dart:5844:16)
#760    Element.rebuild (package:flutter/src/widgets/framework.dart:5532:7)
#761    ProxyElement.update (package:flutter/src/widgets/framework.dart:6152:5)
#762    Element.updateChild (package:flutter/src/widgets/framework.dart:4037:15)
#763    ComponentElement.performRebuild (package:flutter/src/widgets/framework.dart:5844:16)
#764    StatefulElement.performRebuild (package:flutter/src/widgets/framework.dart:5985:11)
#765    Element.rebuild (package:flutter/src/widgets/framework.dart:5532:7)
#766    StatefulElement.update (package:flutter/src/widgets/framework.dart:6010:5)
#767    Element.updateChild (package:flutter/src/widgets/framework.dart:4037:15)
#768    ComponentElement.performRebuild (package:flutter/src/widgets/framework.dart:5844:16)
#769    Element.rebuild (package:flutter/src/widgets/framework.dart:5532:7)
#770    ProxyElement.update (package:flutter/src/widgets/framework.dart:6152:5)
#771    Element.updateChild (package:flutter/src/widgets/framework.dart:4037:15)
#772    ComponentElement.performRebuild (package:flutter/src/widgets/framework.dart:5844:16)
#773    Element.rebuild (package:flutter/src/widgets/framework.dart:5532:7)
#774    ProxyElement.update (package:flutter/src/widgets/framework.dart:6152:5)
#775    Element.updateChild (package:flutter/src/widgets/framework.dart:4037:15)
#776    _RawViewElement._updateChild (package:flutter/src/widgets/view.dart:481:16)
#777    _RawViewElement.update (package:flutter/src/widgets/view.dart:568:5)
#778    Element.updateChild (package:flutter/src/widgets/framework.dart:4037:15)
#779    ComponentElement.performRebuild (package:flutter/src/widgets/framework.dart:5844:16)
#780    Element.rebuild (package:flutter/src/widgets/framework.dart:5532:7)
#781    StatelessElement.update (package:flutter/src/widgets/framework.dart:5898:5)
#782    Element.updateChild (package:flutter/src/widgets/framework.dart:4037:15)
#783    ComponentElement.performRebuild (package:flutter/src/widgets/framework.dart:5844:16)
#784    StatefulElement.performRebuild (package:flutter/src/widgets/framework.dart:5985:11)
#785    Element.rebuild (package:flutter/src/widgets/framework.dart:5532:7)
#786    StatefulElement.update (package:flutter/src/widgets/framework.dart:6010:5)
#787    Element.updateChild (package:flutter/src/widgets/framework.dart:4037:15)
#788    RootElement._rebuild (package:flutter/src/widgets/binding.dart:1782:16)
#789    RootElement.update (package:flutter/src/widgets/binding.dart:1760:5)
#790    RootElement.performRebuild (package:flutter/src/widgets/binding.dart:1774:7)
#791    Element.rebuild (package:flutter/src/widgets/framework.dart:5532:7)
#792    BuildScope._tryRebuild (package:flutter/src/widgets/framework.dart:2750:15)
#793    BuildScope._flushDirtyElements (package:flutter/src/widgets/framework.dart:2807:11)
#794    BuildOwner.buildScope (package:flutter/src/widgets/framework.dart:3111:18)
#795    AutomatedTestWidgetsFlutterBinding.drawFrame (package:flutter_test/src/binding.dart:1506:19)
#796    RendererBinding._handlePersistentFrameCallback (package:flutter/src/rendering/binding.dart:495:5)
#797    SchedulerBinding._invokeFrameCallback (package:flutter/src/scheduler/binding.dart:1434:15)
#798    SchedulerBinding.handleDrawFrame (package:flutter/src/scheduler/binding.dart:1347:9)
#799    AutomatedTestWidgetsFlutterBinding.pump.<anonymous closure> (package:flutter_test/src/binding.dart:1335:9)
#800    _rootRun (dart:async/zone.dart:1525:13)
#801    _CustomZone.run (dart:async/zone.dart:1422:19)
#802    TestAsyncUtils.guard (package:flutter_test/src/test_async_utils.dart:74:41)
#803    AutomatedTestWidgetsFlutterBinding.pump (package:flutter_test/src/binding.dart:1324:27)
#804    WidgetTester.pumpWidget.<anonymous closure> (package:flutter_test/src/widget_tester.dart:598:22)
#805    _rootRun (dart:async/zone.dart:1525:13)
#806    _CustomZone.run (dart:async/zone.dart:1422:19)
#807    TestAsyncUtils.guard (package:flutter_test/src/test_async_utils.dart:74:41)
#808    WidgetTester.pumpWidget (package:flutter_test/src/widget_tester.dart:595:27)
#809    main.<anonymous closure> (file:///Users/twang/bible-read/test/pages/home_page_test.dart:1570:18)
#810    testWidgets.<anonymous closure>.<anonymous closure> (package:flutter_test/src/widget_tester.dart:192:29)
<asynchronous suspension>
#811    TestWidgetsFlutterBinding._runTestBody (package:flutter_test/src/binding.dart:1059:5)
<asynchronous suspension>
#812    StackZoneSpecification._registerCallback.<anonymous closure> (package:stack_trace/src/stack_zone_specification.dart:114:42)
<asynchronous suspension>

----------------FIREBASE CRASHLYTICS----------------
[firestore/unknown] null

#0      ThrowingDocumentReference.get (file:///Users/twang/bible-read/test/pages/home_page_test.dart:411:5)
#1      ReadingStatusService.fetchStatus (package:bible_read/services/reading_status_service.dart:126:20)
#2      _HomePageState._loadReadStatus (package:bible_read/pages/home_page.dart:153:56)
#3      _HomePageState.initState (package:bible_read/pages/home_page.dart:122:5)
#4      StatefulElement._firstBuild (package:flutter/src/widgets/framework.dart:5953:55)
#5      ComponentElement.mount (package:flutter/src/widgets/framework.dart:5796:5)
#6      Element.inflateWidget (package:flutter/src/widgets/framework.dart:4590:20)
#7      Element.updateChild (package:flutter/src/widgets/framework.dart:4059:18)
#8      SingleChildRenderObjectElement.mount (package:flutter/src/widgets/framework.dart:7118:14)
#9      Element.inflateWidget (package:flutter/src/widgets/framework.dart:4590:20)
#10     Element.updateChild (package:flutter/src/widgets/framework.dart:4059:18)
#11     ComponentElement.performRebuild (package:flutter/src/widgets/framework.dart:5844:16)
#12     Element.rebuild (package:flutter/src/widgets/framework.dart:5532:7)
#13     ComponentElement._firstBuild (package:flutter/src/widgets/framework.dart:5802:5)
#14     ComponentElement.mount (package:flutter/src/widgets/framework.dart:5796:5)
#15     Element.inflateWidget (package:flutter/src/widgets/framework.dart:4590:20)
#16     Element.updateChild (package:flutter/src/widgets/framework.dart:4059:18)
#17     SingleChildRenderObjectElement.mount (package:flutter/src/widgets/framework.dart:7118:14)
#18     Element.inflateWidget (package:flutter/src/widgets/framework.dart:4590:20)
#19     Element.updateChild (package:flutter/src/widgets/framework.dart:4059:18)
#20     SingleChildRenderObjectElement.mount (package:flutter/src/widgets/framework.dart:7118:14)
#21     Element.inflateWidget (package:flutter/src/widgets/framework.dart:4590:20)
#22     Element.updateChild (package:flutter/src/widgets/framework.dart:4059:18)
#23     ComponentElement.performRebuild (package:flutter/src/widgets/framework.dart:5844:16)
#24     StatefulElement.performRebuild (package:flutter/src/widgets/framework.dart:5985:11)
#25     Element.rebuild (package:flutter/src/widgets/framework.dart:5532:7)
#26     ComponentElement._firstBuild (package:flutter/src/widgets/framework.dart:5802:5)
#27     StatefulElement._firstBuild (package:flutter/src/widgets/framework.dart:5976:11)
#28     ComponentElement.mount (package:flutter/src/widgets/framework.dart:5796:5)
#29     Element.inflateWidget (package:flutter/src/widgets/framework.dart:4590:20)
#30     Element.updateChild (package:flutter/src/widgets/framework.dart:4059:18)
#31     SingleChildRenderObjectElement.mount (package:flutter/src/widgets/framework.dart:7118:14)
#32     Element.inflateWidget (package:flutter/src/widgets/framework.dart:4590:20)
#33     Element.updateChild (package:flutter/src/widgets/framework.dart:4059:18)
#34     ComponentElement.performRebuild (package:flutter/src/widgets/framework.dart:5844:16)
#35     StatefulElement.performRebuild (package:flutter/src/widgets/framework.dart:5985:11)
#36     Element.rebuild (package:flutter/src/widgets/framework.dart:5532:7)
#37     ComponentElement._firstBuild (package:flutter/src/widgets/framework.dart:5802:5)
#38     StatefulElement._firstBuild (package:flutter/src/widgets/framework.dart:5976:11)
#39     ComponentElement.mount (package:flutter/src/widgets/framework.dart:5796:5)
#40     Element.inflateWidget (package:flutter/src/widgets/framework.dart:4590:20)
#41     Element.updateChild (package:flutter/src/widgets/framework.dart:4059:18)
#42     SingleChildRenderObjectElement.mount (package:flutter/src/widgets/framework.dart:7118:14)
#43     Element.inflateWidget (package:flutter/src/widgets/framework.dart:4590:20)
#44     Element.updateChild (package:flutter/src/widgets/framework.dart:4059:18)
#45     SingleChildRenderObjectElement.mount (package:flutter/src/widgets/framework.dart:7118:14)
#46     Element.inflateWidget (package:flutter/src/widgets/framework.dart:4590:20)
#47     Element.updateChild (package:flutter/src/widgets/framework.dart:4059:18)
#48     ComponentElement.performRebuild (package:flutter/src/widgets/framework.dart:5844:16)
#49     StatefulElement.performRebuild (package:flutter/src/widgets/framework.dart:5985:11)
#50     Element.rebuild (package:flutter/src/widgets/framework.dart:5532:7)
#51     ComponentElement._firstBuild (package:flutter/src/widgets/framework.dart:5802:5)
#52     StatefulElement._firstBuild (package:flutter/src/widgets/framework.dart:5976:11)
#53     ComponentElement.mount (package:flutter/src/widgets/framework.dart:5796:5)
#54     Element.inflateWidget (package:flutter/src/widgets/framework.dart:4590:20)
#55     Element.updateChild (package:flutter/src/widgets/framework.dart:4059:18)
#56     SingleChildRenderObjectElement.mount (package:flutter/src/widgets/framework.dart:7118:14)
#57     Element.inflateWidget (package:flutter/src/widgets/framework.dart:4590:20)
#58     Element.updateChild (package:flutter/src/widgets/framework.dart:4059:18)
#59     ComponentElement.performRebuild (package:flutter/src/widgets/framework.dart:5844:16)
#60     StatefulElement.performRebuild (package:flutter/src/widgets/framework.dart:5985:11)
#61     Element.rebuild (package:flutter/src/widgets/framework.dart:5532:7)
#62     ComponentElement._firstBuild (package:flutter/src/widgets/framework.dart:5802:5)
#63     StatefulElement._firstBuild (package:flutter/src/widgets/framework.dart:5976:11)
#64     ComponentElement.mount (package:flutter/src/widgets/framework.dart:5796:5)
#65     Element.inflateWidget (package:flutter/src/widgets/framework.dart:4590:20)
#66     Element.updateChild (package:flutter/src/widgets/framework.dart:4059:18)
#67     SingleChildRenderObjectElement.mount (package:flutter/src/widgets/framework.dart:7118:14)
#68     Element.inflateWidget (package:flutter/src/widgets/framework.dart:4590:20)
#69     Element.updateChild (package:flutter/src/widgets/framework.dart:4059:18)
#70     SingleChildRenderObjectElement.mount (package:flutter/src/widgets/framework.dart:7118:14)
#71     Element.inflateWidget (package:flutter/src/widgets/framework.dart:4590:20)
#72     Element.updateChild (package:flutter/src/widgets/framework.dart:4059:18)
#73     ComponentElement.performRebuild (package:flutter/src/widgets/framework.dart:5844:16)
#74     StatefulElement.performRebuild (package:flutter/src/widgets/framework.dart:5985:11)
#75     Element.rebuild (package:flutter/src/widgets/framework.dart:5532:7)
#76     ComponentElement._firstBuild (package:flutter/src/widgets/framework.dart:5802:5)
#77     StatefulElement._firstBuild (package:flutter/src/widgets/framework.dart:5976:11)
#78     ComponentElement.mount (package:flutter/src/widgets/framework.dart:5796:5)
#79     Element.inflateWidget (package:flutter/src/widgets/framework.dart:4590:20)
#80     Element.updateChild (package:flutter/src/widgets/framework.dart:4059:18)
#81     SingleChildRenderObjectElement.mount (package:flutter/src/widgets/framework.dart:7118:14)
#82     Element.inflateWidget (package:flutter/src/widgets/framework.dart:4590:20)
#83     Element.updateChild (package:flutter/src/widgets/framework.dart:4059:18)
#84     SingleChildRenderObjectElement.mount (package:flutter/src/widgets/framework.dart:7118:14)
#85     Element.inflateWidget (package:flutter/src/widgets/framework.dart:4590:20)
#86     Element.updateChild (package:flutter/src/widgets/framework.dart:4059:18)
#87     SingleChildRenderObjectElement.mount (package:flutter/src/widgets/framework.dart:7118:14)
#88     Element.inflateWidget (package:flutter/src/widgets/framework.dart:4590:20)
#89     Element.updateChild (package:flutter/src/widgets/framework.dart:4059:18)
#90     ComponentElement.performRebuild (package:flutter/src/widgets/framework.dart:5844:16)
#91     StatefulElement.performRebuild (package:flutter/src/widgets/framework.dart:5985:11)
#92     Element.rebuild (package:flutter/src/widgets/framework.dart:5532:7)
#93     ComponentElement._firstBuild (package:flutter/src/widgets/framework.dart:5802:5)
#94     StatefulElement._firstBuild (package:flutter/src/widgets/framework.dart:5976:11)
#95     ComponentElement.mount (package:flutter/src/widgets/framework.dart:5796:5)
#96     Element.inflateWidget (package:flutter/src/widgets/framework.dart:4590:20)
#97     Element.updateChild (package:flutter/src/widgets/framework.dart:4059:18)
#98     SingleChildRenderObjectElement.mount (package:flutter/src/widgets/framework.dart:7118:14)
#99     Element.inflateWidget (package:flutter/src/widgets/framework.dart:4590:20)
#100    Element.updateChild (package:flutter/src/widgets/framework.dart:4059:18)
#101    ComponentElement.performRebuild (package:flutter/src/widgets/framework.dart:5844:16)
#102    StatefulElement.performRebuild (package:flutter/src/widgets/framework.dart:5985:11)
#103    Element.rebuild (package:flutter/src/widgets/framework.dart:5532:7)
#104    ComponentElement._firstBuild (package:flutter/src/widgets/framework.dart:5802:5)
#105    StatefulElement._firstBuild (package:flutter/src/widgets/framework.dart:5976:11)
#106    ComponentElement.mount (package:flutter/src/widgets/framework.dart:5796:5)
#107    Element.inflateWidget (package:flutter/src/widgets/framework.dart:4590:20)
#108    Element.updateChild (package:flutter/src/widgets/framework.dart:4059:18)
#109    ComponentElement.performRebuild (package:flutter/src/widgets/framework.dart:5844:16)
#110    Element.rebuild (package:flutter/src/widgets/framework.dart:5532:7)
#111    ComponentElement._firstBuild (package:flutter/src/widgets/framework.dart:5802:5)
#112    ComponentElement.mount (package:flutter/src/widgets/framework.dart:5796:5)
#113    Element.inflateWidget (package:flutter/src/widgets/framework.dart:4590:20)
#114    Element.updateChild (package:flutter/src/widgets/framework.dart:4059:18)
#115    ComponentElement.performRebuild (package:flutter/src/widgets/framework.dart:5844:16)
#116    StatefulElement.performRebuild (package:flutter/src/widgets/framework.dart:5985:11)
#117    Element.rebuild (package:flutter/src/widgets/framework.dart:5532:7)
#118    ComponentElement._firstBuild (package:flutter/src/widgets/framework.dart:5802:5)
#119    StatefulElement._firstBuild (package:flutter/src/widgets/framework.dart:5976:11)
#120    ComponentElement.mount (package:flutter/src/widgets/framework.dart:5796:5)
#121    Element.inflateWidget (package:flutter/src/widgets/framework.dart:4590:20)
#122    Element.updateChild (package:flutter/src/widgets/framework.dart:4059:18)
#123    ComponentElement.performRebuild (package:flutter/src/widgets/framework.dart:5844:16)
#124    StatefulElement.performRebuild (package:flutter/src/widgets/framework.dart:5985:11)
#125    Element.rebuild (package:flutter/src/widgets/framework.dart:5532:7)
#126    ComponentElement._firstBuild (package:flutter/src/widgets/framework.dart:5802:5)
#127    StatefulElement._firstBuild (package:flutter/src/widgets/framework.dart:5976:11)
#128    ComponentElement.mount (package:flutter/src/widgets/framework.dart:5796:5)
#129    Element.inflateWidget (package:flutter/src/widgets/framework.dart:4590:20)
#130    Element.updateChild (package:flutter/src/widgets/framework.dart:4059:18)
#131    ComponentElement.performRebuild (package:flutter/src/widgets/framework.dart:5844:16)
#132    StatefulElement.performRebuild (package:flutter/src/widgets/framework.dart:5985:11)
#133    Element.rebuild (package:flutter/src/widgets/framework.dart:5532:7)
#134    ComponentElement._firstBuild (package:flutter/src/widgets/framework.dart:5802:5)
#135    StatefulElement._firstBuild (package:flutter/src/widgets/framework.dart:5976:11)
#136    ComponentElement.mount (package:flutter/src/widgets/framework.dart:5796:5)
#137    Element.inflateWidget (package:flutter/src/widgets/framework.dart:4590:20)
#138    Element.updateChild (package:flutter/src/widgets/framework.dart:4059:18)
#139    SingleChildRenderObjectElement.mount (package:flutter/src/widgets/framework.dart:7118:14)
#140    Element.inflateWidget (package:flutter/src/widgets/framework.dart:4590:20)
#141    Element.updateChild (package:flutter/src/widgets/framework.dart:4059:18)
#142    ComponentElement.performRebuild (package:flutter/src/widgets/framework.dart:5844:16)
#143    Element.rebuild (package:flutter/src/widgets/framework.dart:5532:7)
#144    ComponentElement._firstBuild (package:flutter/src/widgets/framework.dart:5802:5)
#145    ComponentElement.mount (package:flutter/src/widgets/framework.dart:5796:5)
#146    Element.inflateWidget (package:flutter/src/widgets/framework.dart:4590:20)
#147    Element.updateChild (package:flutter/src/widgets/framework.dart:4059:18)
#148    SingleChildRenderObjectElement.mount (package:flutter/src/widgets/framework.dart:7118:14)
#149    Element.inflateWidget (package:flutter/src/widgets/framework.dart:4590:20)
#150    Element.updateChild (package:flutter/src/widgets/framework.dart:4059:18)
#151    ComponentElement.performRebuild (package:flutter/src/widgets/framework.dart:5844:16)
#152    StatefulElement.performRebuild (package:flutter/src/widgets/framework.dart:5985:11)
#153    Element.rebuild (package:flutter/src/widgets/framework.dart:5532:7)
#154    ComponentElement._firstBuild (package:flutter/src/widgets/framework.dart:5802:5)
#155    StatefulElement._firstBuild (package:flutter/src/widgets/framework.dart:5976:11)
#156    ComponentElement.mount (package:flutter/src/widgets/framework.dart:5796:5)
#157    Element.inflateWidget (package:flutter/src/widgets/framework.dart:4590:20)
#158    Element.updateChild (package:flutter/src/widgets/framework.dart:4059:18)
#159    ComponentElement.performRebuild (package:flutter/src/widgets/framework.dart:5844:16)
#160    Element.rebuild (package:flutter/src/widgets/framework.dart:5532:7)
#161    ComponentElement._firstBuild (package:flutter/src/widgets/framework.dart:5802:5)
#162    ComponentElement.mount (package:flutter/src/widgets/framework.dart:5796:5)
#163    Element.inflateWidget (package:flutter/src/widgets/framework.dart:4590:20)
#164    Element.updateChild (package:flutter/src/widgets/framework.dart:4059:18)
#165    ComponentElement.performRebuild (package:flutter/src/widgets/framework.dart:5844:16)
#166    Element.rebuild (package:flutter/src/widgets/framework.dart:5532:7)
#167    ComponentElement._firstBuild (package:flutter/src/widgets/framework.dart:5802:5)
#168    ComponentElement.mount (package:flutter/src/widgets/framework.dart:5796:5)
#169    Element.inflateWidget (package:flutter/src/widgets/framework.dart:4590:20)
#170    Element.updateChild (package:flutter/src/widgets/framework.dart:4059:18)
#171    ComponentElement.performRebuild (package:flutter/src/widgets/framework.dart:5844:16)
#172    StatefulElement.performRebuild (package:flutter/src/widgets/framework.dart:5985:11)
#173    Element.rebuild (package:flutter/src/widgets/framework.dart:5532:7)
#174    ComponentElement._firstBuild (package:flutter/src/widgets/framework.dart:5802:5)
#175    StatefulElement._firstBuild (package:flutter/src/widgets/framework.dart:5976:11)
#176    ComponentElement.mount (package:flutter/src/widgets/framework.dart:5796:5)
#177    Element.inflateWidget (package:flutter/src/widgets/framework.dart:4590:20)
#178    Element.updateChild (package:flutter/src/widgets/framework.dart:4059:18)
#179    ComponentElement.performRebuild (package:flutter/src/widgets/framework.dart:5844:16)
#180    Element.rebuild (package:flutter/src/widgets/framework.dart:5532:7)
#181    ComponentElement._firstBuild (package:flutter/src/widgets/framework.dart:5802:5)
#182    ComponentElement.mount (package:flutter/src/widgets/framework.dart:5796:5)
#183    Element.inflateWidget (package:flutter/src/widgets/framework.dart:4590:20)
#184    Element.updateChild (package:flutter/src/widgets/framework.dart:4059:18)
#185    ComponentElement.performRebuild (package:flutter/src/widgets/framework.dart:5844:16)
#186    Element.rebuild (package:flutter/src/widgets/framework.dart:5532:7)
#187    ComponentElement._firstBuild (package:flutter/src/widgets/framework.dart:5802:5)
#188    ComponentElement.mount (package:flutter/src/widgets/framework.dart:5796:5)
#189    Element.inflateWidget (package:flutter/src/widgets/framework.dart:4590:20)
#190    Element.updateChild (package:flutter/src/widgets/framework.dart:4059:18)
#191    SingleChildRenderObjectElement.mount (package:flutter/src/widgets/framework.dart:7118:14)
#192    Element.inflateWidget (package:flutter/src/widgets/framework.dart:4590:20)
#193    Element.updateChild (package:flutter/src/widgets/framework.dart:4059:18)
#194    ComponentElement.performRebuild (package:flutter/src/widgets/framework.dart:5844:16)
#195    Element.rebuild (package:flutter/src/widgets/framework.dart:5532:7)
#196    ComponentElement._firstBuild (package:flutter/src/widgets/framework.dart:5802:5)
#197    ComponentElement.mount (package:flutter/src/widgets/framework.dart:5796:5)
#198    Element.inflateWidget (package:flutter/src/widgets/framework.dart:4590:20)
#199    Element.updateChild (package:flutter/src/widgets/framework.dart:4059:18)
#200    ComponentElement.performRebuild (package:flutter/src/widgets/framework.dart:5844:16)
#201    Element.rebuild (package:flutter/src/widgets/framework.dart:5532:7)
#202    ComponentElement._firstBuild (package:flutter/src/widgets/framework.dart:5802:5)
#203    ComponentElement.mount (package:flutter/src/widgets/framework.dart:5796:5)
#204    Element.inflateWidget (package:flutter/src/widgets/framework.dart:4590:20)
#205    Element.updateChild (package:flutter/src/widgets/framework.dart:4059:18)
#206    ComponentElement.performRebuild (package:flutter/src/widgets/framework.dart:5844:16)
#207    StatefulElement.performRebuild (package:flutter/src/widgets/framework.dart:5985:11)
#208    Element.rebuild (package:flutter/src/widgets/framework.dart:5532:7)
#209    ComponentElement._firstBuild (package:flutter/src/widgets/framework.dart:5802:5)
#210    StatefulElement._firstBuild (package:flutter/src/widgets/framework.dart:5976:11)
#211    ComponentElement.mount (package:flutter/src/widgets/framework.dart:5796:5)
#212    Element.inflateWidget (package:flutter/src/widgets/framework.dart:4590:20)
#213    Element.updateChild (package:flutter/src/widgets/framework.dart:4059:18)
#214    ComponentElement.performRebuild (package:flutter/src/widgets/framework.dart:5844:16)
#215    StatefulElement.performRebuild (package:flutter/src/widgets/framework.dart:5985:11)
#216    Element.rebuild (package:flutter/src/widgets/framework.dart:5532:7)
#217    ComponentElement._firstBuild (package:flutter/src/widgets/framework.dart:5802:5)
#218    StatefulElement._firstBuild (package:flutter/src/widgets/framework.dart:5976:11)
#219    ComponentElement.mount (package:flutter/src/widgets/framework.dart:5796:5)
#220    Element.inflateWidget (package:flutter/src/widgets/framework.dart:4590:20)
#221    Element.updateChild (package:flutter/src/widgets/framework.dart:4059:18)
#222    ComponentElement.performRebuild (package:flutter/src/widgets/framework.dart:5844:16)
#223    StatefulElement.performRebuild (package:flutter/src/widgets/framework.dart:5985:11)
#224    Element.rebuild (package:flutter/src/widgets/framework.dart:5532:7)
#225    ComponentElement._firstBuild (package:flutter/src/widgets/framework.dart:5802:5)
#226    StatefulElement._firstBuild (package:flutter/src/widgets/framework.dart:5976:11)
#227    ComponentElement.mount (package:flutter/src/widgets/framework.dart:5796:5)
#228    Element.inflateWidget (package:flutter/src/widgets/framework.dart:4590:20)
#229    Element.updateChild (package:flutter/src/widgets/framework.dart:4059:18)
#230    SingleChildRenderObjectElement.mount (package:flutter/src/widgets/framework.dart:7118:14)
#231    Element.inflateWidget (package:flutter/src/widgets/framework.dart:4590:20)
#232    Element.updateChild (package:flutter/src/widgets/framework.dart:4059:18)
#233    ComponentElement.performRebuild (package:flutter/src/widgets/framework.dart:5844:16)
#234    Element.rebuild (package:flutter/src/widgets/framework.dart:5532:7)
#235    ComponentElement._firstBuild (package:flutter/src/widgets/framework.dart:5802:5)
#236    ComponentElement.mount (package:flutter/src/widgets/framework.dart:5796:5)
#237    Element.inflateWidget (package:flutter/src/widgets/framework.dart:4590:20)
#238    Element.updateChild (package:flutter/src/widgets/framework.dart:4059:18)
#239    ComponentElement.performRebuild (package:flutter/src/widgets/framework.dart:5844:16)
#240    Element.rebuild (package:flutter/src/widgets/framework.dart:5532:7)
#241    ComponentElement._firstBuild (package:flutter/src/widgets/framework.dart:5802:5)
#242    ComponentElement.mount (package:flutter/src/widgets/framework.dart:5796:5)
#243    Element.inflateWidget (package:flutter/src/widgets/framework.dart:4590:20)
#244    Element.updateChild (package:flutter/src/widgets/framework.dart:4059:18)
#245    ComponentElement.performRebuild (package:flutter/src/widgets/framework.dart:5844:16)
#246    Element.rebuild (package:flutter/src/widgets/framework.dart:5532:7)
#247    ComponentElement._firstBuild (package:flutter/src/widgets/framework.dart:5802:5)
#248    ComponentElement.mount (package:flutter/src/widgets/framework.dart:5796:5)
#249    Element.inflateWidget (package:flutter/src/widgets/framework.dart:4590:20)
#250    Element.updateChild (package:flutter/src/widgets/framework.dart:4059:18)
#251    ComponentElement.performRebuild (package:flutter/src/widgets/framework.dart:5844:16)
#252    StatefulElement.performRebuild (package:flutter/src/widgets/framework.dart:5985:11)
#253    Element.rebuild (package:flutter/src/widgets/framework.dart:5532:7)
#254    ComponentElement._firstBuild (package:flutter/src/widgets/framework.dart:5802:5)
#255    StatefulElement._firstBuild (package:flutter/src/widgets/framework.dart:5976:11)
#256    ComponentElement.mount (package:flutter/src/widgets/framework.dart:5796:5)
#257    Element.inflateWidget (package:flutter/src/widgets/framework.dart:4590:20)
#258    Element.updateChild (package:flutter/src/widgets/framework.dart:4059:18)
#259    ComponentElement.performRebuild (package:flutter/src/widgets/framework.dart:5844:16)
#260    StatefulElement.performRebuild (package:flutter/src/widgets/framework.dart:5985:11)
#261    Element.rebuild (package:flutter/src/widgets/framework.dart:5532:7)
#262    ComponentElement._firstBuild (package:flutter/src/widgets/framework.dart:5802:5)
#263    StatefulElement._firstBuild (package:flutter/src/widgets/framework.dart:5976:11)
#264    ComponentElement.mount (package:flutter/src/widgets/framework.dart:5796:5)
#265    Element.inflateWidget (package:flutter/src/widgets/framework.dart:4590:20)
#266    MultiChildRenderObjectElement.inflateWidget (package:flutter/src/widgets/framework.dart:7269:36)
#267    MultiChildRenderObjectElement.mount (package:flutter/src/widgets/framework.dart:7285:32)
#268    Element.inflateWidget (package:flutter/src/widgets/framework.dart:4590:20)
#269    Element.updateChild (package:flutter/src/widgets/framework.dart:4059:18)
#270    ComponentElement.performRebuild (package:flutter/src/widgets/framework.dart:5844:16)
#271    StatefulElement.performRebuild (package:flutter/src/widgets/framework.dart:5985:11)
#272    Element.rebuild (package:flutter/src/widgets/framework.dart:5532:7)
#273    ComponentElement._firstBuild (package:flutter/src/widgets/framework.dart:5802:5)
#274    StatefulElement._firstBuild (package:flutter/src/widgets/framework.dart:5976:11)
#275    ComponentElement.mount (package:flutter/src/widgets/framework.dart:5796:5)
#276    Element.inflateWidget (package:flutter/src/widgets/framework.dart:4590:20)
#277    Element.updateChild (package:flutter/src/widgets/framework.dart:4059:18)
#278    ComponentElement.performRebuild (package:flutter/src/widgets/framework.dart:5844:16)
#279    Element.rebuild (package:flutter/src/widgets/framework.dart:5532:7)
#280    ComponentElement._firstBuild (package:flutter/src/widgets/framework.dart:5802:5)
#281    ComponentElement.mount (package:flutter/src/widgets/framework.dart:5796:5)
#282    Element.inflateWidget (package:flutter/src/widgets/framework.dart:4590:20)
#283    Element.updateChild (package:flutter/src/widgets/framework.dart:4059:18)
#284    ComponentElement.performRebuild (package:flutter/src/widgets/framework.dart:5844:16)
#285    Element.rebuild (package:flutter/src/widgets/framework.dart:5532:7)
#286    ComponentElement._firstBuild (package:flutter/src/widgets/framework.dart:5802:5)
#287    ComponentElement.mount (package:flutter/src/widgets/framework.dart:5796:5)
#288    Element.inflateWidget (package:flutter/src/widgets/framework.dart:4590:20)
#289    Element.updateChild (package:flutter/src/widgets/framework.dart:4059:18)
#290    ComponentElement.performRebuild (package:flutter/src/widgets/framework.dart:5844:16)
#291    StatefulElement.performRebuild (package:flutter/src/widgets/framework.dart:5985:11)
#292    Element.rebuild (package:flutter/src/widgets/framework.dart:5532:7)
#293    ComponentElement._firstBuild (package:flutter/src/widgets/framework.dart:5802:5)
#294    StatefulElement._firstBuild (package:flutter/src/widgets/framework.dart:5976:11)
#295    ComponentElement.mount (package:flutter/src/widgets/framework.dart:5796:5)
#296    Element.inflateWidget (package:flutter/src/widgets/framework.dart:4590:20)
#297    Element.updateChild (package:flutter/src/widgets/framework.dart:4059:18)
#298    ComponentElement.performRebuild (package:flutter/src/widgets/framework.dart:5844:16)
#299    Element.rebuild (package:flutter/src/widgets/framework.dart:5532:7)
#300    ComponentElement._firstBuild (package:flutter/src/widgets/framework.dart:5802:5)
#301    ComponentElement.mount (package:flutter/src/widgets/framework.dart:5796:5)
#302    Element.inflateWidget (package:flutter/src/widgets/framework.dart:4590:20)
#303    Element.updateChild (package:flutter/src/widgets/framework.dart:4059:18)
#304    ComponentElement.performRebuild (package:flutter/src/widgets/framework.dart:5844:16)
#305    StatefulElement.performRebuild (package:flutter/src/widgets/framework.dart:5985:11)
#306    Element.rebuild (package:flutter/src/widgets/framework.dart:5532:7)
#307    ComponentElement._firstBuild (package:flutter/src/widgets/framework.dart:5802:5)
#308    StatefulElement._firstBuild (package:flutter/src/widgets/framework.dart:5976:11)
#309    ComponentElement.mount (package:flutter/src/widgets/framework.dart:5796:5)
#310    Element.inflateWidget (package:flutter/src/widgets/framework.dart:4590:20)
#311    Element.updateChild (package:flutter/src/widgets/framework.dart:4059:18)
#312    ComponentElement.performRebuild (package:flutter/src/widgets/framework.dart:5844:16)
#313    StatefulElement.performRebuild (package:flutter/src/widgets/framework.dart:5985:11)
#314    Element.rebuild (package:flutter/src/widgets/framework.dart:5532:7)
#315    ComponentElement._firstBuild (package:flutter/src/widgets/framework.dart:5802:5)
#316    StatefulElement._firstBuild (package:flutter/src/widgets/framework.dart:5976:11)
#317    ComponentElement.mount (package:flutter/src/widgets/framework.dart:5796:5)
#318    Element.inflateWidget (package:flutter/src/widgets/framework.dart:4590:20)
#319    Element.updateChild (package:flutter/src/widgets/framework.dart:4059:18)
#320    SingleChildRenderObjectElement.mount (package:flutter/src/widgets/framework.dart:7118:14)
#321    Element.inflateWidget (package:flutter/src/widgets/framework.dart:4590:20)
#322    Element.updateChild (package:flutter/src/widgets/framework.dart:4059:18)
#323    SingleChildRenderObjectElement.mount (package:flutter/src/widgets/framework.dart:7118:14)
#324    Element.inflateWidget (package:flutter/src/widgets/framework.dart:4590:20)
#325    Element.updateChild (package:flutter/src/widgets/framework.dart:4059:18)
#326    ComponentElement.performRebuild (package:flutter/src/widgets/framework.dart:5844:16)
#327    Element.rebuild (package:flutter/src/widgets/framework.dart:5532:7)
#328    ComponentElement._firstBuild (package:flutter/src/widgets/framework.dart:5802:5)
#329    ComponentElement.mount (package:flutter/src/widgets/framework.dart:5796:5)
#330    Element.inflateWidget (package:flutter/src/widgets/framework.dart:4590:20)
#331    Element.updateChild (package:flutter/src/widgets/framework.dart:4059:18)
#332    ComponentElement.performRebuild (package:flutter/src/widgets/framework.dart:5844:16)
#333    Element.rebuild (package:flutter/src/widgets/framework.dart:5532:7)
#334    ComponentElement._firstBuild (package:flutter/src/widgets/framework.dart:5802:5)
#335    ComponentElement.mount (package:flutter/src/widgets/framework.dart:5796:5)
#336    Element.inflateWidget (package:flutter/src/widgets/framework.dart:4590:20)
#337    Element.updateChild (package:flutter/src/widgets/framework.dart:4059:18)
#338    ComponentElement.performRebuild (package:flutter/src/widgets/framework.dart:5844:16)
#339    StatefulElement.performRebuild (package:flutter/src/widgets/framework.dart:5985:11)
#340    Element.rebuild (package:flutter/src/widgets/framework.dart:5532:7)
#341    ComponentElement._firstBuild (package:flutter/src/widgets/framework.dart:5802:5)
#342    StatefulElement._firstBuild (package:flutter/src/widgets/framework.dart:5976:11)
#343    ComponentElement.mount (package:flutter/src/widgets/framework.dart:5796:5)
#344    Element.inflateWidget (package:flutter/src/widgets/framework.dart:4590:20)
#345    Element.updateChild (package:flutter/src/widgets/framework.dart:4059:18)
#346    ComponentElement.performRebuild (package:flutter/src/widgets/framework.dart:5844:16)
#347    Element.rebuild (package:flutter/src/widgets/framework.dart:5532:7)
#348    ComponentElement._firstBuild (package:flutter/src/widgets/framework.dart:5802:5)
#349    ComponentElement.mount (package:flutter/src/widgets/framework.dart:5796:5)
#350    Element.inflateWidget (package:flutter/src/widgets/framework.dart:4590:20)
#351    Element.updateChild (package:flutter/src/widgets/framework.dart:4059:18)
#352    SingleChildRenderObjectElement.mount (package:flutter/src/widgets/framework.dart:7118:14)
#353    Element.inflateWidget (package:flutter/src/widgets/framework.dart:4590:20)
#354    Element.updateChild (package:flutter/src/widgets/framework.dart:4059:18)
#355    ComponentElement.performRebuild (package:flutter/src/widgets/framework.dart:5844:16)
#356    StatefulElement.performRebuild (package:flutter/src/widgets/framework.dart:5985:11)
#357    Element.rebuild (package:flutter/src/widgets/framework.dart:5532:7)
#358    ComponentElement._firstBuild (package:flutter/src/widgets/framework.dart:5802:5)
#359    StatefulElement._firstBuild (package:flutter/src/widgets/framework.dart:5976:11)
#360    ComponentElement.mount (package:flutter/src/widgets/framework.dart:5796:5)
#361    Element.inflateWidget (package:flutter/src/widgets/framework.dart:4590:20)
#362    Element.updateChild (package:flutter/src/widgets/framework.dart:4059:18)
#363    ComponentElement.performRebuild (package:flutter/src/widgets/framework.dart:5844:16)
#364    Element.rebuild (package:flutter/src/widgets/framework.dart:5532:7)
#365    ComponentElement._firstBuild (package:flutter/src/widgets/framework.dart:5802:5)
#366    ComponentElement.mount (package:flutter/src/widgets/framework.dart:5796:5)
#367    Element.inflateWidget (package:flutter/src/widgets/framework.dart:4590:20)
#368    Element.updateChild (package:flutter/src/widgets/framework.dart:4059:18)
#369    ComponentElement.performRebuild (package:flutter/src/widgets/framework.dart:5844:16)
#370    Element.rebuild (package:flutter/src/widgets/framework.dart:5532:7)
#371    ComponentElement._firstBuild (package:flutter/src/widgets/framework.dart:5802:5)
#372    ComponentElement.mount (package:flutter/src/widgets/framework.dart:5796:5)
#373    Element.inflateWidget (package:flutter/src/widgets/framework.dart:4590:20)
#374    Element.updateChild (package:flutter/src/widgets/framework.dart:4059:18)
#375    ComponentElement.performRebuild (package:flutter/src/widgets/framework.dart:5844:16)
#376    StatefulElement.performRebuild (package:flutter/src/widgets/framework.dart:5985:11)
#377    Element.rebuild (package:flutter/src/widgets/framework.dart:5532:7)
#378    ComponentElement._firstBuild (package:flutter/src/widgets/framework.dart:5802:5)
#379    StatefulElement._firstBuild (package:flutter/src/widgets/framework.dart:5976:11)
#380    ComponentElement.mount (package:flutter/src/widgets/framework.dart:5796:5)
#381    Element.inflateWidget (package:flutter/src/widgets/framework.dart:4590:20)
#382    Element.updateChild (package:flutter/src/widgets/framework.dart:4059:18)
#383    ComponentElement.performRebuild (package:flutter/src/widgets/framework.dart:5844:16)
#384    Element.rebuild (package:flutter/src/widgets/framework.dart:5532:7)
#385    ComponentElement._firstBuild (package:flutter/src/widgets/framework.dart:5802:5)
#386    ComponentElement.mount (package:flutter/src/widgets/framework.dart:5796:5)
#387    Element.inflateWidget (package:flutter/src/widgets/framework.dart:4590:20)
#388    Element.updateChild (package:flutter/src/widgets/framework.dart:4059:18)
#389    ComponentElement.performRebuild (package:flutter/src/widgets/framework.dart:5844:16)
#390    Element.rebuild (package:flutter/src/widgets/framework.dart:5532:7)
#391    ComponentElement._firstBuild (package:flutter/src/widgets/framework.dart:5802:5)
#392    ComponentElement.mount (package:flutter/src/widgets/framework.dart:5796:5)
#393    Element.inflateWidget (package:flutter/src/widgets/framework.dart:4590:20)
#394    Element.updateChild (package:flutter/src/widgets/framework.dart:4059:18)
#395    ComponentElement.performRebuild (package:flutter/src/widgets/framework.dart:5844:16)
#396    Element.rebuild (package:flutter/src/widgets/framework.dart:5532:7)
#397    ComponentElement._firstBuild (package:flutter/src/widgets/framework.dart:5802:5)
#398    ComponentElement.mount (package:flutter/src/widgets/framework.dart:5796:5)
#399    Element.inflateWidget (package:flutter/src/widgets/framework.dart:4590:20)
#400    Element.updateChild (package:flutter/src/widgets/framework.dart:4059:18)
#401    ComponentElement.performRebuild (package:flutter/src/widgets/framework.dart:5844:16)
#402    Element.rebuild (package:flutter/src/widgets/framework.dart:5532:7)
#403    ComponentElement._firstBuild (package:flutter/src/widgets/framework.dart:5802:5)
#404    ComponentElement.mount (package:flutter/src/widgets/framework.dart:5796:5)
#405    Element.inflateWidget (package:flutter/src/widgets/framework.dart:4590:20)
#406    Element.updateChild (package:flutter/src/widgets/framework.dart:4059:18)
#407    ComponentElement.performRebuild (package:flutter/src/widgets/framework.dart:5844:16)
#408    Element.rebuild (package:flutter/src/widgets/framework.dart:5532:7)
#409    ComponentElement._firstBuild (package:flutter/src/widgets/framework.dart:5802:5)
#410    ComponentElement.mount (package:flutter/src/widgets/framework.dart:5796:5)
#411    Element.inflateWidget (package:flutter/src/widgets/framework.dart:4590:20)
#412    Element.updateChild (package:flutter/src/widgets/framework.dart:4059:18)
#413    ComponentElement.performRebuild (package:flutter/src/widgets/framework.dart:5844:16)
#414    Element.rebuild (package:flutter/src/widgets/framework.dart:5532:7)
#415    ComponentElement._firstBuild (package:flutter/src/widgets/framework.dart:5802:5)
#416    ComponentElement.mount (package:flutter/src/widgets/framework.dart:5796:5)
#417    Element.inflateWidget (package:flutter/src/widgets/framework.dart:4590:20)
#418    Element.updateChild (package:flutter/src/widgets/framework.dart:4059:18)
#419    ComponentElement.performRebuild (package:flutter/src/widgets/framework.dart:5844:16)
#420    Element.rebuild (package:flutter/src/widgets/framework.dart:5532:7)
#421    ComponentElement._firstBuild (package:flutter/src/widgets/framework.dart:5802:5)
#422    ComponentElement.mount (package:flutter/src/widgets/framework.dart:5796:5)
#423    Element.inflateWidget (package:flutter/src/widgets/framework.dart:4590:20)
#424    Element.updateChild (package:flutter/src/widgets/framework.dart:4059:18)
#425    ComponentElement.performRebuild (package:flutter/src/widgets/framework.dart:5844:16)
#426    StatefulElement.performRebuild (package:flutter/src/widgets/framework.dart:5985:11)
#427    Element.rebuild (package:flutter/src/widgets/framework.dart:5532:7)
#428    ComponentElement._firstBuild (package:flutter/src/widgets/framework.dart:5802:5)
#429    StatefulElement._firstBuild (package:flutter/src/widgets/framework.dart:5976:11)
#430    ComponentElement.mount (package:flutter/src/widgets/framework.dart:5796:5)
#431    Element.inflateWidget (package:flutter/src/widgets/framework.dart:4590:20)
#432    Element.updateChild (package:flutter/src/widgets/framework.dart:4059:18)
#433    ComponentElement.performRebuild (package:flutter/src/widgets/framework.dart:5844:16)
#434    Element.rebuild (package:flutter/src/widgets/framework.dart:5532:7)
#435    ComponentElement._firstBuild (package:flutter/src/widgets/framework.dart:5802:5)
#436    ComponentElement.mount (package:flutter/src/widgets/framework.dart:5796:5)
#437    Element.inflateWidget (package:flutter/src/widgets/framework.dart:4590:20)
#438    Element.updateChild (package:flutter/src/widgets/framework.dart:4059:18)
#439    ComponentElement.performRebuild (package:flutter/src/widgets/framework.dart:5844:16)
#440    Element.rebuild (package:flutter/src/widgets/framework.dart:5532:7)
#441    ComponentElement._firstBuild (package:flutter/src/widgets/framework.dart:5802:5)
#442    ComponentElement.mount (package:flutter/src/widgets/framework.dart:5796:5)
#443    Element.inflateWidget (package:flutter/src/widgets/framework.dart:4590:20)
#444    Element.updateChild (package:flutter/src/widgets/framework.dart:4059:18)
#445    ComponentElement.performRebuild (package:flutter/src/widgets/framework.dart:5844:16)
#446    StatefulElement.performRebuild (package:flutter/src/widgets/framework.dart:5985:11)
#447    Element.rebuild (package:flutter/src/widgets/framework.dart:5532:7)
#448    ComponentElement._firstBuild (package:flutter/src/widgets/framework.dart:5802:5)
#449    StatefulElement._firstBuild (package:flutter/src/widgets/framework.dart:5976:11)
#450    ComponentElement.mount (package:flutter/src/widgets/framework.dart:5796:5)
#451    Element.inflateWidget (package:flutter/src/widgets/framework.dart:4590:20)
#452    Element.updateChild (package:flutter/src/widgets/framework.dart:4059:18)
#453    SingleChildRenderObjectElement.mount (package:flutter/src/widgets/framework.dart:7118:14)
#454    Element.inflateWidget (package:flutter/src/widgets/framework.dart:4590:20)
#455    Element.updateChild (package:flutter/src/widgets/framework.dart:4059:18)
#456    ComponentElement.performRebuild (package:flutter/src/widgets/framework.dart:5844:16)
#457    StatefulElement.performRebuild (package:flutter/src/widgets/framework.dart:5985:11)
#458    Element.rebuild (package:flutter/src/widgets/framework.dart:5532:7)
#459    ComponentElement._firstBuild (package:flutter/src/widgets/framework.dart:5802:5)
#460    StatefulElement._firstBuild (package:flutter/src/widgets/framework.dart:5976:11)
#461    ComponentElement.mount (package:flutter/src/widgets/framework.dart:5796:5)
#462    Element.inflateWidget (package:flutter/src/widgets/framework.dart:4590:20)
#463    Element.updateChild (package:flutter/src/widgets/framework.dart:4059:18)
#464    ComponentElement.performRebuild (package:flutter/src/widgets/framework.dart:5844:16)
#465    Element.rebuild (package:flutter/src/widgets/framework.dart:5532:7)
#466    ComponentElement._firstBuild (package:flutter/src/widgets/framework.dart:5802:5)
#467    ComponentElement.mount (package:flutter/src/widgets/framework.dart:5796:5)
#468    Element.inflateWidget (package:flutter/src/widgets/framework.dart:4590:20)
#469    Element.updateChild (package:flutter/src/widgets/framework.dart:4059:18)
#470    ComponentElement.performRebuild (package:flutter/src/widgets/framework.dart:5844:16)
#471    Element.rebuild (package:flutter/src/widgets/framework.dart:5532:7)
#472    ComponentElement._firstBuild (package:flutter/src/widgets/framework.dart:5802:5)
#473    ComponentElement.mount (package:flutter/src/widgets/framework.dart:5796:5)
#474    Element.inflateWidget (package:flutter/src/widgets/framework.dart:4590:20)
#475    Element.updateChild (package:flutter/src/widgets/framework.dart:4059:18)
#476    ComponentElement.performRebuild (package:flutter/src/widgets/framework.dart:5844:16)
#477    Element.rebuild (package:flutter/src/widgets/framework.dart:5532:7)
#478    ComponentElement._firstBuild (package:flutter/src/widgets/framework.dart:5802:5)
#479    ComponentElement.mount (package:flutter/src/widgets/framework.dart:5796:5)
#480    Element.inflateWidget (package:flutter/src/widgets/framework.dart:4590:20)
#481    Element.updateChild (package:flutter/src/widgets/framework.dart:4059:18)
#482    ComponentElement.performRebuild (package:flutter/src/widgets/framework.dart:5844:16)
#483    Element.rebuild (package:flutter/src/widgets/framework.dart:5532:7)
#484    ComponentElement._firstBuild (package:flutter/src/widgets/framework.dart:5802:5)
#485    ComponentElement.mount (package:flutter/src/widgets/framework.dart:5796:5)
#486    Element.inflateWidget (package:flutter/src/widgets/framework.dart:4590:20)
#487    Element.updateChild (package:flutter/src/widgets/framework.dart:4059:18)
#488    SingleChildRenderObjectElement.mount (package:flutter/src/widgets/framework.dart:7118:14)
#489    Element.inflateWidget (package:flutter/src/widgets/framework.dart:4590:20)
#490    Element.updateChild (package:flutter/src/widgets/framework.dart:4059:18)
#491    ComponentElement.performRebuild (package:flutter/src/widgets/framework.dart:5844:16)
#492    StatefulElement.performRebuild (package:flutter/src/widgets/framework.dart:5985:11)
#493    Element.rebuild (package:flutter/src/widgets/framework.dart:5532:7)
#494    ComponentElement._firstBuild (package:flutter/src/widgets/framework.dart:5802:5)
#495    StatefulElement._firstBuild (package:flutter/src/widgets/framework.dart:5976:11)
#496    ComponentElement.mount (package:flutter/src/widgets/framework.dart:5796:5)
#497    Element.inflateWidget (package:flutter/src/widgets/framework.dart:4590:20)
#498    Element.updateChild (package:flutter/src/widgets/framework.dart:4059:18)
#499    ComponentElement.performRebuild (package:flutter/src/widgets/framework.dart:5844:16)
#500    StatefulElement.performRebuild (package:flutter/src/widgets/framework.dart:5985:11)
#501    Element.rebuild (package:flutter/src/widgets/framework.dart:5532:7)
#502    ComponentElement._firstBuild (package:flutter/src/widgets/framework.dart:5802:5)
#503    StatefulElement._firstBuild (package:flutter/src/widgets/framework.dart:5976:11)
#504    ComponentElement.mount (package:flutter/src/widgets/framework.dart:5796:5)
#505    Element.inflateWidget (package:flutter/src/widgets/framework.dart:4590:20)
#506    Element.updateChild (package:flutter/src/widgets/framework.dart:4059:18)
#507    SingleChildRenderObjectElement.mount (package:flutter/src/widgets/framework.dart:7118:14)
#508    Element.inflateWidget (package:flutter/src/widgets/framework.dart:4590:20)
#509    Element.updateChild (package:flutter/src/widgets/framework.dart:4059:18)
#510    ComponentElement.performRebuild (package:flutter/src/widgets/framework.dart:5844:16)
#511    Element.rebuild (package:flutter/src/widgets/framework.dart:5532:7)
#512    ComponentElement._firstBuild (package:flutter/src/widgets/framework.dart:5802:5)
#513    ComponentElement.mount (package:flutter/src/widgets/framework.dart:5796:5)
#514    Element.inflateWidget (package:flutter/src/widgets/framework.dart:4590:20)
#515    Element.updateChild (package:flutter/src/widgets/framework.dart:4059:18)
#516    ComponentElement.performRebuild (package:flutter/src/widgets/framework.dart:5844:16)
#517    StatefulElement.performRebuild (package:flutter/src/widgets/framework.dart:5985:11)
#518    Element.rebuild (package:flutter/src/widgets/framework.dart:5532:7)
#519    ComponentElement._firstBuild (package:flutter/src/widgets/framework.dart:5802:5)
#520    StatefulElement._firstBuild (package:flutter/src/widgets/framework.dart:5976:11)
#521    ComponentElement.mount (package:flutter/src/widgets/framework.dart:5796:5)
#522    Element.inflateWidget (package:flutter/src/widgets/framework.dart:4590:20)
#523    Element.updateChild (package:flutter/src/widgets/framework.dart:4059:18)
#524    ComponentElement.performRebuild (package:flutter/src/widgets/framework.dart:5844:16)
#525    StatefulElement.performRebuild (package:flutter/src/widgets/framework.dart:5985:11)
#526    Element.rebuild (package:flutter/src/widgets/framework.dart:5532:7)
#527    ComponentElement._firstBuild (package:flutter/src/widgets/framework.dart:5802:5)
#528    StatefulElement._firstBuild (package:flutter/src/widgets/framework.dart:5976:11)
#529    ComponentElement.mount (package:flutter/src/widgets/framework.dart:5796:5)
#530    Element.inflateWidget (package:flutter/src/widgets/framework.dart:4590:20)
#531    Element.updateChild (package:flutter/src/widgets/framework.dart:4059:18)
#532    ComponentElement.performRebuild (package:flutter/src/widgets/framework.dart:5844:16)
#533    Element.rebuild (package:flutter/src/widgets/framework.dart:5532:7)
#534    ComponentElement._firstBuild (package:flutter/src/widgets/framework.dart:5802:5)
#535    ComponentElement.mount (package:flutter/src/widgets/framework.dart:5796:5)
#536    Element.inflateWidget (package:flutter/src/widgets/framework.dart:4590:20)
#537    Element.updateChild (package:flutter/src/widgets/framework.dart:4059:18)
#538    ComponentElement.performRebuild (package:flutter/src/widgets/framework.dart:5844:16)
#539    StatefulElement.performRebuild (package:flutter/src/widgets/framework.dart:5985:11)
#540    Element.rebuild (package:flutter/src/widgets/framework.dart:5532:7)
#541    ComponentElement._firstBuild (package:flutter/src/widgets/framework.dart:5802:5)
#542    StatefulElement._firstBuild (package:flutter/src/widgets/framework.dart:5976:11)
#543    ComponentElement.mount (package:flutter/src/widgets/framework.dart:5796:5)
#544    Element.inflateWidget (package:flutter/src/widgets/framework.dart:4590:20)
#545    Element.updateChild (package:flutter/src/widgets/framework.dart:4059:18)
#546    SingleChildRenderObjectElement.mount (package:flutter/src/widgets/framework.dart:7118:14)
#547    Element.inflateWidget (package:flutter/src/widgets/framework.dart:4590:20)
#548    Element.updateChild (package:flutter/src/widgets/framework.dart:4059:18)
#549    ComponentElement.performRebuild (package:flutter/src/widgets/framework.dart:5844:16)
#550    Element.rebuild (package:flutter/src/widgets/framework.dart:5532:7)
#551    ComponentElement._firstBuild (package:flutter/src/widgets/framework.dart:5802:5)
#552    ComponentElement.mount (package:flutter/src/widgets/framework.dart:5796:5)
#553    Element.inflateWidget (package:flutter/src/widgets/framework.dart:4590:20)
#554    Element.updateChild (package:flutter/src/widgets/framework.dart:4059:18)
#555    ComponentElement.performRebuild (package:flutter/src/widgets/framework.dart:5844:16)
#556    StatefulElement.performRebuild (package:flutter/src/widgets/framework.dart:5985:11)
#557    Element.rebuild (package:flutter/src/widgets/framework.dart:5532:7)
#558    ComponentElement._firstBuild (package:flutter/src/widgets/framework.dart:5802:5)
#559    StatefulElement._firstBuild (package:flutter/src/widgets/framework.dart:5976:11)
#560    ComponentElement.mount (package:flutter/src/widgets/framework.dart:5796:5)
#561    Element.inflateWidget (package:flutter/src/widgets/framework.dart:4590:20)
#562    Element.updateChild (package:flutter/src/widgets/framework.dart:4059:18)
#563    ComponentElement.performRebuild (package:flutter/src/widgets/framework.dart:5844:16)
#564    StatefulElement.performRebuild (package:flutter/src/widgets/framework.dart:5985:11)
#565    Element.rebuild (package:flutter/src/widgets/framework.dart:5532:7)
#566    ComponentElement._firstBuild (package:flutter/src/widgets/framework.dart:5802:5)
#567    StatefulElement._firstBuild (package:flutter/src/widgets/framework.dart:5976:11)
#568    ComponentElement.mount (package:flutter/src/widgets/framework.dart:5796:5)
#569    Element.inflateWidget (package:flutter/src/widgets/framework.dart:4590:20)
#570    Element.updateChild (package:flutter/src/widgets/framework.dart:4059:18)
#571    ComponentElement.performRebuild (package:flutter/src/widgets/framework.dart:5844:16)
#572    Element.rebuild (package:flutter/src/widgets/framework.dart:5532:7)
#573    ComponentElement._firstBuild (package:flutter/src/widgets/framework.dart:5802:5)
#574    ComponentElement.mount (package:flutter/src/widgets/framework.dart:5796:5)
#575    Element.inflateWidget (package:flutter/src/widgets/framework.dart:4590:20)
#576    Element.updateChild (package:flutter/src/widgets/framework.dart:4059:18)
#577    ComponentElement.performRebuild (package:flutter/src/widgets/framework.dart:5844:16)
#578    StatefulElement.performRebuild (package:flutter/src/widgets/framework.dart:5985:11)
#579    Element.rebuild (package:flutter/src/widgets/framework.dart:5532:7)
#580    ComponentElement._firstBuild (package:flutter/src/widgets/framework.dart:5802:5)
#581    StatefulElement._firstBuild (package:flutter/src/widgets/framework.dart:5976:11)
#582    ComponentElement.mount (package:flutter/src/widgets/framework.dart:5796:5)
#583    Element.inflateWidget (package:flutter/src/widgets/framework.dart:4590:20)
#584    Element.updateChild (package:flutter/src/widgets/framework.dart:4059:18)
#585    SingleChildRenderObjectElement.mount (package:flutter/src/widgets/framework.dart:7118:14)
#586    Element.inflateWidget (package:flutter/src/widgets/framework.dart:4590:20)
#587    Element.updateChild (package:flutter/src/widgets/framework.dart:4059:18)
#588    ComponentElement.performRebuild (package:flutter/src/widgets/framework.dart:5844:16)
#589    Element.rebuild (package:flutter/src/widgets/framework.dart:5532:7)
#590    ComponentElement._firstBuild (package:flutter/src/widgets/framework.dart:5802:5)
#591    ComponentElement.mount (package:flutter/src/widgets/framework.dart:5796:5)
#592    Element.inflateWidget (package:flutter/src/widgets/framework.dart:4590:20)
#593    Element.updateChild (package:flutter/src/widgets/framework.dart:4059:18)
#594    ComponentElement.performRebuild (package:flutter/src/widgets/framework.dart:5844:16)
#595    StatefulElement.performRebuild (package:flutter/src/widgets/framework.dart:5985:11)
#596    Element.rebuild (package:flutter/src/widgets/framework.dart:5532:7)
#597    ComponentElement._firstBuild (package:flutter/src/widgets/framework.dart:5802:5)
#598    StatefulElement._firstBuild (package:flutter/src/widgets/framework.dart:5976:11)
#599    ComponentElement.mount (package:flutter/src/widgets/framework.dart:5796:5)
#600    Element.inflateWidget (package:flutter/src/widgets/framework.dart:4590:20)
#601    Element.updateChild (package:flutter/src/widgets/framework.dart:4059:18)
#602    ComponentElement.performRebuild (package:flutter/src/widgets/framework.dart:5844:16)
#603    StatefulElement.performRebuild (package:flutter/src/widgets/framework.dart:5985:11)
#604    Element.rebuild (package:flutter/src/widgets/framework.dart:5532:7)
#605    ComponentElement._firstBuild (package:flutter/src/widgets/framework.dart:5802:5)
#606    StatefulElement._firstBuild (package:flutter/src/widgets/framework.dart:5976:11)
#607    ComponentElement.mount (package:flutter/src/widgets/framework.dart:5796:5)
#608    Element.inflateWidget (package:flutter/src/widgets/framework.dart:4590:20)
#609    Element.updateChild (package:flutter/src/widgets/framework.dart:4059:18)
#610    ComponentElement.performRebuild (package:flutter/src/widgets/framework.dart:5844:16)
#611    Element.rebuild (package:flutter/src/widgets/framework.dart:5532:7)
#612    ComponentElement._firstBuild (package:flutter/src/widgets/framework.dart:5802:5)
#613    ComponentElement.mount (package:flutter/src/widgets/framework.dart:5796:5)
#614    Element.inflateWidget (package:flutter/src/widgets/framework.dart:4590:20)
#615    Element.updateChild (package:flutter/src/widgets/framework.dart:4059:18)
#616    SingleChildRenderObjectElement.mount (package:flutter/src/widgets/framework.dart:7118:14)
#617    Element.inflateWidget (package:flutter/src/widgets/framework.dart:4590:20)
#618    Element.updateChild (package:flutter/src/widgets/framework.dart:4059:18)
#619    ComponentElement.performRebuild (package:flutter/src/widgets/framework.dart:5844:16)
#620    Element.rebuild (package:flutter/src/widgets/framework.dart:5532:7)
#621    ComponentElement._firstBuild (package:flutter/src/widgets/framework.dart:5802:5)
#622    ComponentElement.mount (package:flutter/src/widgets/framework.dart:5796:5)
#623    Element.inflateWidget (package:flutter/src/widgets/framework.dart:4590:20)
#624    Element.updateChild (package:flutter/src/widgets/framework.dart:4059:18)
#625    ComponentElement.performRebuild (package:flutter/src/widgets/framework.dart:5844:16)
#626    StatefulElement.performRebuild (package:flutter/src/widgets/framework.dart:5985:11)
#627    Element.rebuild (package:flutter/src/widgets/framework.dart:5532:7)
#628    ComponentElement._firstBuild (package:flutter/src/widgets/framework.dart:5802:5)
#629    StatefulElement._firstBuild (package:flutter/src/widgets/framework.dart:5976:11)
#630    ComponentElement.mount (package:flutter/src/widgets/framework.dart:5796:5)
#631    Element.inflateWidget (package:flutter/src/widgets/framework.dart:4590:20)
#632    Element.updateChild (package:flutter/src/widgets/framework.dart:4059:18)
#633    ComponentElement.performRebuild (package:flutter/src/widgets/framework.dart:5844:16)
#634    StatefulElement.performRebuild (package:flutter/src/widgets/framework.dart:5985:11)
#635    Element.rebuild (package:flutter/src/widgets/framework.dart:5532:7)
#636    ComponentElement._firstBuild (package:flutter/src/widgets/framework.dart:5802:5)
#637    StatefulElement._firstBuild (package:flutter/src/widgets/framework.dart:5976:11)
#638    ComponentElement.mount (package:flutter/src/widgets/framework.dart:5796:5)
#639    Element.inflateWidget (package:flutter/src/widgets/framework.dart:4590:20)
#640    Element.updateChild (package:flutter/src/widgets/framework.dart:4059:18)
#641    ComponentElement.performRebuild (package:flutter/src/widgets/framework.dart:5844:16)
#642    Element.rebuild (package:flutter/src/widgets/framework.dart:5532:7)
#643    ComponentElement._firstBuild (package:flutter/src/widgets/framework.dart:5802:5)
#644    ComponentElement.mount (package:flutter/src/widgets/framework.dart:5796:5)
#645    Element.inflateWidget (package:flutter/src/widgets/framework.dart:4590:20)
#646    Element.updateChild (package:flutter/src/widgets/framework.dart:4059:18)
#647    ComponentElement.performRebuild (package:flutter/src/widgets/framework.dart:5844:16)
#648    Element.rebuild (package:flutter/src/widgets/framework.dart:5532:7)
#649    ComponentElement._firstBuild (package:flutter/src/widgets/framework.dart:5802:5)
#650    ComponentElement.mount (package:flutter/src/widgets/framework.dart:5796:5)
#651    Element.inflateWidget (package:flutter/src/widgets/framework.dart:4590:20)
#652    Element.updateChild (package:flutter/src/widgets/framework.dart:4059:18)
#653    ComponentElement.performRebuild (package:flutter/src/widgets/framework.dart:5844:16)
#654    StatefulElement.performRebuild (package:flutter/src/widgets/framework.dart:5985:11)
#655    Element.rebuild (package:flutter/src/widgets/framework.dart:5532:7)
#656    ComponentElement._firstBuild (package:flutter/src/widgets/framework.dart:5802:5)
#657    StatefulElement._firstBuild (package:flutter/src/widgets/framework.dart:5976:11)
#658    ComponentElement.mount (package:flutter/src/widgets/framework.dart:5796:5)
#659    Element.inflateWidget (package:flutter/src/widgets/framework.dart:4590:20)
#660    Element.updateChild (package:flutter/src/widgets/framework.dart:4059:18)
#661    ComponentElement.performRebuild (package:flutter/src/widgets/framework.dart:5844:16)
#662    Element.rebuild (package:flutter/src/widgets/framework.dart:5532:7)
#663    ComponentElement._firstBuild (package:flutter/src/widgets/framework.dart:5802:5)
#664    ComponentElement.mount (package:flutter/src/widgets/framework.dart:5796:5)
#665    Element.inflateWidget (package:flutter/src/widgets/framework.dart:4590:20)
#666    Element.updateChild (package:flutter/src/widgets/framework.dart:4059:18)
#667    ComponentElement.performRebuild (package:flutter/src/widgets/framework.dart:5844:16)
#668    StatefulElement.performRebuild (package:flutter/src/widgets/framework.dart:5985:11)
#669    Element.rebuild (package:flutter/src/widgets/framework.dart:5532:7)
#670    ComponentElement._firstBuild (package:flutter/src/widgets/framework.dart:5802:5)
#671    StatefulElement._firstBuild (package:flutter/src/widgets/framework.dart:5976:11)
#672    ComponentElement.mount (package:flutter/src/widgets/framework.dart:5796:5)
#673    Element.inflateWidget (package:flutter/src/widgets/framework.dart:4590:20)
#674    Element.updateChild (package:flutter/src/widgets/framework.dart:4059:18)
#675    ComponentElement.performRebuild (package:flutter/src/widgets/framework.dart:5844:16)
#676    Element.rebuild (package:flutter/src/widgets/framework.dart:5532:7)
#677    ComponentElement._firstBuild (package:flutter/src/widgets/framework.dart:5802:5)
#678    ComponentElement.mount (package:flutter/src/widgets/framework.dart:5796:5)
#679    Element.inflateWidget (package:flutter/src/widgets/framework.dart:4590:20)
#680    Element.updateChild (package:flutter/src/widgets/framework.dart:4059:18)
#681    ComponentElement.performRebuild (package:flutter/src/widgets/framework.dart:5844:16)
#682    StatefulElement.performRebuild (package:flutter/src/widgets/framework.dart:5985:11)
#683    Element.rebuild (package:flutter/src/widgets/framework.dart:5532:7)
#684    ComponentElement._firstBuild (package:flutter/src/widgets/framework.dart:5802:5)
#685    StatefulElement._firstBuild (package:flutter/src/widgets/framework.dart:5976:11)
#686    ComponentElement.mount (package:flutter/src/widgets/framework.dart:5796:5)
#687    Element.inflateWidget (package:flutter/src/widgets/framework.dart:4590:20)
#688    Element.updateChild (package:flutter/src/widgets/framework.dart:4059:18)
#689    ComponentElement.performRebuild (package:flutter/src/widgets/framework.dart:5844:16)
#690    StatefulElement.performRebuild (package:flutter/src/widgets/framework.dart:5985:11)
#691    Element.rebuild (package:flutter/src/widgets/framework.dart:5532:7)
#692    ComponentElement._firstBuild (package:flutter/src/widgets/framework.dart:5802:5)
#693    StatefulElement._firstBuild (package:flutter/src/widgets/framework.dart:5976:11)
#694    ComponentElement.mount (package:flutter/src/widgets/framework.dart:5796:5)
#695    Element.inflateWidget (package:flutter/src/widgets/framework.dart:4590:20)
#696    Element.updateChild (package:flutter/src/widgets/framework.dart:4059:18)
#697    SingleChildRenderObjectElement.mount (package:flutter/src/widgets/framework.dart:7118:14)
#698    Element.inflateWidget (package:flutter/src/widgets/framework.dart:4590:20)
#699    Element.updateChild (package:flutter/src/widgets/framework.dart:4059:18)
#700    ComponentElement.performRebuild (package:flutter/src/widgets/framework.dart:5844:16)
#701    Element.rebuild (package:flutter/src/widgets/framework.dart:5532:7)
#702    ComponentElement._firstBuild (package:flutter/src/widgets/framework.dart:5802:5)
#703    ComponentElement.mount (package:flutter/src/widgets/framework.dart:5796:5)
#704    Element.inflateWidget (package:flutter/src/widgets/framework.dart:4590:20)
#705    Element.updateChild (package:flutter/src/widgets/framework.dart:4059:18)
#706    ComponentElement.performRebuild (package:flutter/src/widgets/framework.dart:5844:16)
#707    StatefulElement.performRebuild (package:flutter/src/widgets/framework.dart:5985:11)
#708    Element.rebuild (package:flutter/src/widgets/framework.dart:5532:7)
#709    ComponentElement._firstBuild (package:flutter/src/widgets/framework.dart:5802:5)
#710    StatefulElement._firstBuild (package:flutter/src/widgets/framework.dart:5976:11)
#711    ComponentElement.mount (package:flutter/src/widgets/framework.dart:5796:5)
#712    Element.inflateWidget (package:flutter/src/widgets/framework.dart:4590:20)
#713    Element.updateChild (package:flutter/src/widgets/framework.dart:4059:18)
#714    ComponentElement.performRebuild (package:flutter/src/widgets/framework.dart:5844:16)
#715    Element.rebuild (package:flutter/src/widgets/framework.dart:5532:7)
#716    ComponentElement._firstBuild (package:flutter/src/widgets/framework.dart:5802:5)
#717    ComponentElement.mount (package:flutter/src/widgets/framework.dart:5796:5)
#718    Element.inflateWidget (package:flutter/src/widgets/framework.dart:4590:20)
#719    Element.updateChild (package:flutter/src/widgets/framework.dart:4059:18)
#720    ComponentElement.performRebuild (package:flutter/src/widgets/framework.dart:5844:16)
#721    Element.rebuild (package:flutter/src/widgets/framework.dart:5532:7)
#722    ComponentElement._firstBuild (package:flutter/src/widgets/framework.dart:5802:5)
#723    ComponentElement.mount (package:flutter/src/widgets/framework.dart:5796:5)
#724    Element.inflateWidget (package:flutter/src/widgets/framework.dart:4590:20)
#725    Element.updateChild (package:flutter/src/widgets/framework.dart:4059:18)
#726    ComponentElement.performRebuild (package:flutter/src/widgets/framework.dart:5844:16)
#727    StatefulElement.performRebuild (package:flutter/src/widgets/framework.dart:5985:11)
#728    Element.rebuild (package:flutter/src/widgets/framework.dart:5532:7)
#729    ComponentElement._firstBuild (package:flutter/src/widgets/framework.dart:5802:5)
#730    StatefulElement._firstBuild (package:flutter/src/widgets/framework.dart:5976:11)
#731    ComponentElement.mount (package:flutter/src/widgets/framework.dart:5796:5)
#732    Element.inflateWidget (package:flutter/src/widgets/framework.dart:4590:20)
#733    Element.updateChild (package:flutter/src/widgets/framework.dart:4053:20)
#734    ComponentElement.performRebuild (package:flutter/src/widgets/framework.dart:5844:16)
#735    Element.rebuild (package:flutter/src/widgets/framework.dart:5532:7)
#736    ProxyElement.update (package:flutter/src/widgets/framework.dart:6152:5)
#737    _InheritedNotifierElement.update (package:flutter/src/widgets/inherited_notifier.dart:108:11)
#738    Element.updateChild (package:flutter/src/widgets/framework.dart:4037:15)
#739    ComponentElement.performRebuild (package:flutter/src/widgets/framework.dart:5844:16)
#740    StatefulElement.performRebuild (package:flutter/src/widgets/framework.dart:5985:11)
#741    Element.rebuild (package:flutter/src/widgets/framework.dart:5532:7)
#742    StatefulElement.update (package:flutter/src/widgets/framework.dart:6010:5)
#743    Element.updateChild (package:flutter/src/widgets/framework.dart:4037:15)
#744    ComponentElement.performRebuild (package:flutter/src/widgets/framework.dart:5844:16)
#745    Element.rebuild (package:flutter/src/widgets/framework.dart:5532:7)
#746    ProxyElement.update (package:flutter/src/widgets/framework.dart:6152:5)
#747    _InheritedNotifierElement.update (package:flutter/src/widgets/inherited_notifier.dart:108:11)
#748    Element.updateChild (package:flutter/src/widgets/framework.dart:4037:15)
#749    ComponentElement.performRebuild (package:flutter/src/widgets/framework.dart:5844:16)
#750    StatefulElement.performRebuild (package:flutter/src/widgets/framework.dart:5985:11)
#751    Element.rebuild (package:flutter/src/widgets/framework.dart:5532:7)
#752    StatefulElement.update (package:flutter/src/widgets/framework.dart:6010:5)
#753    Element.updateChild (package:flutter/src/widgets/framework.dart:4037:15)
#754    ComponentElement.performRebuild (package:flutter/src/widgets/framework.dart:5844:16)
#755    StatefulElement.performRebuild (package:flutter/src/widgets/framework.dart:5985:11)
#756    Element.rebuild (package:flutter/src/widgets/framework.dart:5532:7)
#757    StatefulElement.update (package:flutter/src/widgets/framework.dart:6010:5)
#758    Element.updateChild (package:flutter/src/widgets/framework.dart:4037:15)
#759    ComponentElement.performRebuild (package:flutter/src/widgets/framework.dart:5844:16)
#760    Element.rebuild (package:flutter/src/widgets/framework.dart:5532:7)
#761    ProxyElement.update (package:flutter/src/widgets/framework.dart:6152:5)
#762    Element.updateChild (package:flutter/src/widgets/framework.dart:4037:15)
#763    ComponentElement.performRebuild (package:flutter/src/widgets/framework.dart:5844:16)
#764    StatefulElement.performRebuild (package:flutter/src/widgets/framework.dart:5985:11)
#765    Element.rebuild (package:flutter/src/widgets/framework.dart:5532:7)
#766    StatefulElement.update (package:flutter/src/widgets/framework.dart:6010:5)
#767    Element.updateChild (package:flutter/src/widgets/framework.dart:4037:15)
#768    ComponentElement.performRebuild (package:flutter/src/widgets/framework.dart:5844:16)
#769    Element.rebuild (package:flutter/src/widgets/framework.dart:5532:7)
#770    ProxyElement.update (package:flutter/src/widgets/framework.dart:6152:5)
#771    Element.updateChild (package:flutter/src/widgets/framework.dart:4037:15)
#772    ComponentElement.performRebuild (package:flutter/src/widgets/framework.dart:5844:16)
#773    Element.rebuild (package:flutter/src/widgets/framework.dart:5532:7)
#774    ProxyElement.update (package:flutter/src/widgets/framework.dart:6152:5)
#775    Element.updateChild (package:flutter/src/widgets/framework.dart:4037:15)
#776    _RawViewElement._updateChild (package:flutter/src/widgets/view.dart:481:16)
#777    _RawViewElement.update (package:flutter/src/widgets/view.dart:568:5)
#778    Element.updateChild (package:flutter/src/widgets/framework.dart:4037:15)
#779    ComponentElement.performRebuild (package:flutter/src/widgets/framework.dart:5844:16)
#780    Element.rebuild (package:flutter/src/widgets/framework.dart:5532:7)
#781    StatelessElement.update (package:flutter/src/widgets/framework.dart:5898:5)
#782    Element.updateChild (package:flutter/src/widgets/framework.dart:4037:15)
#783    ComponentElement.performRebuild (package:flutter/src/widgets/framework.dart:5844:16)
#784    StatefulElement.performRebuild (package:flutter/src/widgets/framework.dart:5985:11)
#785    Element.rebuild (package:flutter/src/widgets/framework.dart:5532:7)
#786    StatefulElement.update (package:flutter/src/widgets/framework.dart:6010:5)
#787    Element.updateChild (package:flutter/src/widgets/framework.dart:4037:15)
#788    RootElement._rebuild (package:flutter/src/widgets/binding.dart:1782:16)
#789    RootElement.update (package:flutter/src/widgets/binding.dart:1760:5)
#790    RootElement.performRebuild (package:flutter/src/widgets/binding.dart:1774:7)
#791    Element.rebuild (package:flutter/src/widgets/framework.dart:5532:7)
#792    BuildScope._tryRebuild (package:flutter/src/widgets/framework.dart:2750:15)
#793    BuildScope._flushDirtyElements (package:flutter/src/widgets/framework.dart:2807:11)
#794    BuildOwner.buildScope (package:flutter/src/widgets/framework.dart:3111:18)
#795    AutomatedTestWidgetsFlutterBinding.drawFrame (package:flutter_test/src/binding.dart:1506:19)
#796    RendererBinding._handlePersistentFrameCallback (package:flutter/src/rendering/binding.dart:495:5)
#797    SchedulerBinding._invokeFrameCallback (package:flutter/src/scheduler/binding.dart:1434:15)
#798    SchedulerBinding.handleDrawFrame (package:flutter/src/scheduler/binding.dart:1347:9)
#799    AutomatedTestWidgetsFlutterBinding.pump.<anonymous closure> (package:flutter_test/src/binding.dart:1335:9)
#800    _rootRun (dart:async/zone.dart:1525:13)
#801    _CustomZone.run (dart:async/zone.dart:1422:19)
#802    TestAsyncUtils.guard (package:flutter_test/src/test_async_utils.dart:74:41)
#803    AutomatedTestWidgetsFlutterBinding.pump (package:flutter_test/src/binding.dart:1324:27)
#804    WidgetTester.pumpWidget.<anonymous closure> (package:flutter_test/src/widget_tester.dart:598:22)
#805    _rootRun (dart:async/zone.dart:1525:13)
#806    _CustomZone.run (dart:async/zone.dart:1422:19)
#807    TestAsyncUtils.guard (package:flutter_test/src/test_async_utils.dart:74:41)
#808    WidgetTester.pumpWidget (package:flutter_test/src/widget_tester.dart:595:27)
#809    main.<anonymous closure> (file:///Users/twang/bible-read/test/pages/home_page_test.dart:1570:18)
#810    testWidgets.<anonymous closure>.<anonymous closure> (package:flutter_test/src/widget_tester.dart:192:29)
<asynchronous suspension>
#811    TestWidgetsFlutterBinding._runTestBody (package:flutter_test/src/binding.dart:1059:5)
<asynchronous suspension>
#812    StackZoneSpecification._registerCallback.<anonymous closure> (package:stack_trace/src/stack_zone_specification.dart:114:42)
<asynchronous suspension>

----------------------------------------------------
00:06 +21 -1: load failure hides progress indicator                                                                                                                                                    00:06 +21 -1: (tearDownAll)                                                                                                                                                                            00:06 +21 -1: Some tests failed.                                                                                                                                                                       
